[0.020s] Invoking command in '/home/root1/lzx_ws/project/lidar_camera_ros_ws/build/rslidar_sdk': AMENT_PREFIX_PATH=/home/root1/lzx_ws/project/lidar_camera_ros_ws/install/rslidar_msg:${AMENT_PREFIX_PATH} CMAKE_PREFIX_PATH=/home/root1/lzx_ws/project/lidar_camera_ros_ws/install/rslidar_msg:${CMAKE_PREFIX_PATH} LD_LIBRARY_PATH=/home/root1/lzx_ws/project/lidar_camera_ros_ws/install/rslidar_msg/lib:${LD_LIBRARY_PATH} PYTHONPATH=/home/root1/lzx_ws/project/lidar_camera_ros_ws/install/rslidar_msg/local/lib/python3.10/dist-packages:${PYTHONPATH} /usr/bin/cmake /home/root1/lzx_ws/project/lidar_camera_ros_ws/src/rslidar_sdk -DCMAKE_BUILD_TYPE=Release -DCMAKE_INSTALL_PREFIX=/home/root1/lzx_ws/project/lidar_camera_ros_ws/install/rslidar_sdk
[0.093s] =============================================================
[0.094s] -- POINT_TYPE is XYZI
[0.094s] =============================================================
[0.094s] =============================================================
[0.094s] -- ROS Not Found. ROS Support is turned Off.
[0.094s] =============================================================
[0.183s] -- Override CMake install command with custom implementation using symlinks instead of copying resources
[0.248s] -- Found rosidl_generator_c: 3.1.7 (/opt/ros/humble/share/rosidl_generator_c/cmake)
[0.253s] -- Found rosidl_adapter: 3.1.7 (/opt/ros/humble/share/rosidl_adapter/cmake)
[0.263s] -- Found rosidl_generator_cpp: 3.1.7 (/opt/ros/humble/share/rosidl_generator_cpp/cmake)
[0.278s] -- Using all available rosidl_typesupport_c: rosidl_typesupport_fastrtps_c;rosidl_typesupport_introspection_c
[0.296s] -- Using all available rosidl_typesupport_cpp: rosidl_typesupport_fastrtps_cpp;rosidl_typesupport_introspection_cpp
[0.348s] -- Found rmw_implementation_cmake: 6.1.2 (/opt/ros/humble/share/rmw_implementation_cmake/cmake)
[0.351s] -- Found rmw_cyclonedds_cpp: 1.3.4 (/opt/ros/humble/share/rmw_cyclonedds_cpp/cmake)
[0.381s] -- Using RMW implementation 'rmw_cyclonedds_cpp' as default
[0.451s] =============================================================
[0.452s] -- ROS2 Found. ROS2 Support is turned On.
[0.452s] =============================================================
[0.453s] -- Found sensor_msgs: 4.9.0 (/opt/ros/humble/share/sensor_msgs/cmake)
[0.492s] -- Found rslidar_msg: 0.0.0 (/home/root1/lzx_ws/project/lidar_camera_ros_ws/install/rslidar_msg/share/rslidar_msg/cmake)
[0.514s] =============================================================
[0.514s] -- CMake run for UNIX GNU Compiler
[0.514s] =============================================================
[0.514s] =============================================================
[0.514s] -- Enable Transform Fucntions
[0.514s] =============================================================
[0.515s] =============================================================
[0.515s] -- rs_driver Version : v1.5.18
[0.515s] =============================================================
[0.601s] -- Configuring done
[0.630s] -- Generating done
[0.634s] -- Build files have been written to: /home/root1/lzx_ws/project/lidar_camera_ros_ws/build/rslidar_sdk
[0.642s] Invoked command in '/home/root1/lzx_ws/project/lidar_camera_ros_ws/build/rslidar_sdk' returned '0': AMENT_PREFIX_PATH=/home/root1/lzx_ws/project/lidar_camera_ros_ws/install/rslidar_msg:${AMENT_PREFIX_PATH} CMAKE_PREFIX_PATH=/home/root1/lzx_ws/project/lidar_camera_ros_ws/install/rslidar_msg:${CMAKE_PREFIX_PATH} LD_LIBRARY_PATH=/home/root1/lzx_ws/project/lidar_camera_ros_ws/install/rslidar_msg/lib:${LD_LIBRARY_PATH} PYTHONPATH=/home/root1/lzx_ws/project/lidar_camera_ros_ws/install/rslidar_msg/local/lib/python3.10/dist-packages:${PYTHONPATH} /usr/bin/cmake /home/root1/lzx_ws/project/lidar_camera_ros_ws/src/rslidar_sdk -DCMAKE_BUILD_TYPE=Release -DCMAKE_INSTALL_PREFIX=/home/root1/lzx_ws/project/lidar_camera_ros_ws/install/rslidar_sdk
[0.643s] Invoking command in '/home/root1/lzx_ws/project/lidar_camera_ros_ws/build/rslidar_sdk': AMENT_PREFIX_PATH=/home/root1/lzx_ws/project/lidar_camera_ros_ws/install/rslidar_msg:${AMENT_PREFIX_PATH} CMAKE_PREFIX_PATH=/home/root1/lzx_ws/project/lidar_camera_ros_ws/install/rslidar_msg:${CMAKE_PREFIX_PATH} LD_LIBRARY_PATH=/home/root1/lzx_ws/project/lidar_camera_ros_ws/install/rslidar_msg/lib:${LD_LIBRARY_PATH} PYTHONPATH=/home/root1/lzx_ws/project/lidar_camera_ros_ws/install/rslidar_msg/local/lib/python3.10/dist-packages:${PYTHONPATH} /usr/bin/cmake --build /home/root1/lzx_ws/project/lidar_camera_ros_ws/build/rslidar_sdk -- -j16 -l16
[0.669s] Consolidate compiler generated dependencies of target rslidar_sdk_node
[0.720s] [ 33%] Building CXX object CMakeFiles/rslidar_sdk_node.dir/node/rslidar_sdk_node.cpp.o
[0.740s] [ 66%] Building CXX object CMakeFiles/rslidar_sdk_node.dir/src/manager/node_manager.cpp.o
[20.188s] [100%] Linking CXX executable rslidar_sdk_node
[20.385s] [100%] Built target rslidar_sdk_node
[20.388s] Invoked command in '/home/root1/lzx_ws/project/lidar_camera_ros_ws/build/rslidar_sdk' returned '0': AMENT_PREFIX_PATH=/home/root1/lzx_ws/project/lidar_camera_ros_ws/install/rslidar_msg:${AMENT_PREFIX_PATH} CMAKE_PREFIX_PATH=/home/root1/lzx_ws/project/lidar_camera_ros_ws/install/rslidar_msg:${CMAKE_PREFIX_PATH} LD_LIBRARY_PATH=/home/root1/lzx_ws/project/lidar_camera_ros_ws/install/rslidar_msg/lib:${LD_LIBRARY_PATH} PYTHONPATH=/home/root1/lzx_ws/project/lidar_camera_ros_ws/install/rslidar_msg/local/lib/python3.10/dist-packages:${PYTHONPATH} /usr/bin/cmake --build /home/root1/lzx_ws/project/lidar_camera_ros_ws/build/rslidar_sdk -- -j16 -l16
[20.391s] Invoking command in '/home/root1/lzx_ws/project/lidar_camera_ros_ws/build/rslidar_sdk': AMENT_PREFIX_PATH=/home/root1/lzx_ws/project/lidar_camera_ros_ws/install/rslidar_msg:${AMENT_PREFIX_PATH} CMAKE_PREFIX_PATH=/home/root1/lzx_ws/project/lidar_camera_ros_ws/install/rslidar_msg:${CMAKE_PREFIX_PATH} LD_LIBRARY_PATH=/home/root1/lzx_ws/project/lidar_camera_ros_ws/install/rslidar_msg/lib:${LD_LIBRARY_PATH} PYTHONPATH=/home/root1/lzx_ws/project/lidar_camera_ros_ws/install/rslidar_msg/local/lib/python3.10/dist-packages:${PYTHONPATH} /usr/bin/cmake --install /home/root1/lzx_ws/project/lidar_camera_ros_ws/build/rslidar_sdk
[20.393s] -- Install configuration: "Release"
[20.393s] -- Execute custom install script
[20.394s] -- Up-to-date symlink: /home/root1/lzx_ws/project/lidar_camera_ros_ws/install/rslidar_sdk/lib/rslidar_sdk/rslidar_sdk_node
[20.395s] -- Up-to-date symlink: /home/root1/lzx_ws/project/lidar_camera_ros_ws/install/rslidar_sdk/share/rslidar_sdk/launch/elequent_start.py
[20.395s] -- Up-to-date symlink: /home/root1/lzx_ws/project/lidar_camera_ros_ws/install/rslidar_sdk/share/rslidar_sdk/launch/humble_start.py
[20.395s] -- Up-to-date symlink: /home/root1/lzx_ws/project/lidar_camera_ros_ws/install/rslidar_sdk/share/rslidar_sdk/launch/start.launch
[20.395s] -- Up-to-date symlink: /home/root1/lzx_ws/project/lidar_camera_ros_ws/install/rslidar_sdk/share/rslidar_sdk/launch/start.py
[20.396s] -- Up-to-date symlink: /home/root1/lzx_ws/project/lidar_camera_ros_ws/install/rslidar_sdk/share/rslidar_sdk/rviz/rviz.rviz
[20.396s] -- Up-to-date symlink: /home/root1/lzx_ws/project/lidar_camera_ros_ws/install/rslidar_sdk/share/rslidar_sdk/rviz/rviz2.rviz
[20.396s] -- Up-to-date symlink: /home/root1/lzx_ws/project/lidar_camera_ros_ws/install/rslidar_sdk/share/ament_index/resource_index/package_run_dependencies/rslidar_sdk
[20.397s] -- Up-to-date symlink: /home/root1/lzx_ws/project/lidar_camera_ros_ws/install/rslidar_sdk/share/ament_index/resource_index/parent_prefix_path/rslidar_sdk
[20.397s] -- Up-to-date symlink: /home/root1/lzx_ws/project/lidar_camera_ros_ws/install/rslidar_sdk/share/rslidar_sdk/environment/ament_prefix_path.sh
[20.397s] -- Up-to-date symlink: /home/root1/lzx_ws/project/lidar_camera_ros_ws/install/rslidar_sdk/share/rslidar_sdk/environment/ament_prefix_path.dsv
[20.397s] -- Up-to-date symlink: /home/root1/lzx_ws/project/lidar_camera_ros_ws/install/rslidar_sdk/share/rslidar_sdk/environment/path.sh
[20.398s] -- Up-to-date symlink: /home/root1/lzx_ws/project/lidar_camera_ros_ws/install/rslidar_sdk/share/rslidar_sdk/environment/path.dsv
[20.398s] -- Up-to-date symlink: /home/root1/lzx_ws/project/lidar_camera_ros_ws/install/rslidar_sdk/share/rslidar_sdk/local_setup.bash
[20.398s] -- Up-to-date symlink: /home/root1/lzx_ws/project/lidar_camera_ros_ws/install/rslidar_sdk/share/rslidar_sdk/local_setup.sh
[20.399s] -- Up-to-date symlink: /home/root1/lzx_ws/project/lidar_camera_ros_ws/install/rslidar_sdk/share/rslidar_sdk/local_setup.zsh
[20.399s] -- Up-to-date symlink: /home/root1/lzx_ws/project/lidar_camera_ros_ws/install/rslidar_sdk/share/rslidar_sdk/local_setup.dsv
[20.399s] -- Symlinking: /home/root1/lzx_ws/project/lidar_camera_ros_ws/install/rslidar_sdk/share/rslidar_sdk/package.dsv
[20.401s] -- Up-to-date symlink: /home/root1/lzx_ws/project/lidar_camera_ros_ws/install/rslidar_sdk/share/ament_index/resource_index/packages/rslidar_sdk
[20.402s] -- Up-to-date symlink: /home/root1/lzx_ws/project/lidar_camera_ros_ws/install/rslidar_sdk/share/rslidar_sdk/cmake/rslidar_sdkConfig.cmake
[20.402s] -- Up-to-date symlink: /home/root1/lzx_ws/project/lidar_camera_ros_ws/install/rslidar_sdk/share/rslidar_sdk/cmake/rslidar_sdkConfig-version.cmake
[20.402s] -- Up-to-date symlink: /home/root1/lzx_ws/project/lidar_camera_ros_ws/install/rslidar_sdk/share/rslidar_sdk/package.xml
[24.551s] Invoked command in '/home/root1/lzx_ws/project/lidar_camera_ros_ws/build/rslidar_sdk' returned '0': AMENT_PREFIX_PATH=/home/root1/lzx_ws/project/lidar_camera_ros_ws/install/rslidar_msg:${AMENT_PREFIX_PATH} CMAKE_PREFIX_PATH=/home/root1/lzx_ws/project/lidar_camera_ros_ws/install/rslidar_msg:${CMAKE_PREFIX_PATH} LD_LIBRARY_PATH=/home/root1/lzx_ws/project/lidar_camera_ros_ws/install/rslidar_msg/lib:${LD_LIBRARY_PATH} PYTHONPATH=/home/root1/lzx_ws/project/lidar_camera_ros_ws/install/rslidar_msg/local/lib/python3.10/dist-packages:${PYTHONPATH} /usr/bin/cmake --install /home/root1/lzx_ws/project/lidar_camera_ros_ws/build/rslidar_sdk
