-- The C compiler identification is GNU 11.4.0
-- The CXX compiler identification is GNU 11.4.0
-- Detecting C compiler ABI info
-- Detecting C compiler ABI info - done
-- Check for working C compiler: /usr/bin/cc - skipped
-- Detecting C compile features
-- Detecting C compile features - done
-- Detecting CXX compiler ABI info
-- Detecting CXX compiler ABI info - done
-- Check for working CXX compiler: /usr/bin/c++ - skipped
-- Detecting CXX compile features
-- Detecting CXX compile features - done
-- Found ament_cmake: 1.3.12 (/opt/ros/humble/share/ament_cmake/cmake)
-- Found Python3: /usr/bin/python3 (found version "3.10.12") found components: Interpreter 
-- Found rclcpp: 16.0.16 (/opt/ros/humble/share/rclcpp/cmake)
-- Found rosidl_generator_c: 3.1.7 (/opt/ros/humble/share/rosidl_generator_c/cmake)
-- Found rosidl_adapter: 3.1.7 (/opt/ros/humble/share/rosidl_adapter/cmake)
-- Found rosidl_generator_cpp: 3.1.7 (/opt/ros/humble/share/rosidl_generator_cpp/cmake)
-- Using all available rosidl_typesupport_c: rosidl_typesupport_fastrtps_c;rosidl_typesupport_introspection_c
-- Using all available rosidl_typesupport_cpp: rosidl_typesupport_fastrtps_cpp;rosidl_typesupport_introspection_cpp
-- Found rmw_implementation_cmake: 6.1.2 (/opt/ros/humble/share/rmw_implementation_cmake/cmake)
-- Found rmw_cyclonedds_cpp: 1.3.4 (/opt/ros/humble/share/rmw_cyclonedds_cpp/cmake)
-- Using RMW implementation 'rmw_cyclonedds_cpp' as default
-- Performing Test CMAKE_HAVE_LIBC_PTHREAD
-- Performing Test CMAKE_HAVE_LIBC_PTHREAD - Success
-- Found Threads: TRUE  
-- Found rclcpp_components: 16.0.16 (/opt/ros/humble/share/rclcpp_components/cmake)
-- Found image_transport: 3.1.12 (/opt/ros/humble/share/image_transport/cmake)
-- Found camera_info_manager: 3.1.12 (/opt/ros/humble/share/camera_info_manager/cmake)
-- Found cv_bridge: 3.2.1 (/opt/ros/humble/share/cv_bridge/cmake)
-- Found OpenCV: /usr (found version "4.5.4") 
-- Found OpenMP_C: -fopenmp (found version "4.5") 
-- Found OpenMP_CXX: -fopenmp (found version "4.5") 
-- Found OpenMP: TRUE (found version "4.5")  
-- OpenMP found, enabling parallel processing
-- Setting executor non-default value MultiThreadedExecutor
-- Configuring done
-- Generating done
-- Build files have been written to: /home/root1/lzx_ws/project/lidar_camera_ros_ws/build/vimbax_camera_color_correction_cpp
[ 40%] [32mBuilding CXX object CMakeFiles/color_correction_cpp_node.dir/rclcpp_components/node_main_color_correction_cpp_node.cpp.o[0m
[ 40%] [32mBuilding CXX object CMakeFiles/vimbax_camera_color_correction_cpp.dir/src/color_lut.cpp.o[0m
[ 60%] [32mBuilding CXX object CMakeFiles/vimbax_camera_color_correction_cpp.dir/src/color_correction_node.cpp.o[0m
[ 80%] [32m[1mLinking CXX executable color_correction_cpp_node[0m
[ 80%] Built target color_correction_cpp_node
[100%] [32m[1mLinking CXX shared library libvimbax_camera_color_correction_cpp.so[0m
[100%] Built target vimbax_camera_color_correction_cpp
-- Install configuration: "Release"
-- Installing: /home/root1/lzx_ws/project/lidar_camera_ros_ws/install/vimbax_camera_color_correction_cpp/share/vimbax_camera_color_correction_cpp/environment/library_path.sh
-- Installing: /home/root1/lzx_ws/project/lidar_camera_ros_ws/install/vimbax_camera_color_correction_cpp/share/vimbax_camera_color_correction_cpp/environment/library_path.dsv
-- Installing: /home/root1/lzx_ws/project/lidar_camera_ros_ws/install/vimbax_camera_color_correction_cpp/lib/vimbax_camera_color_correction_cpp/color_correction_cpp_node
-- Set runtime path of "/home/root1/lzx_ws/project/lidar_camera_ros_ws/install/vimbax_camera_color_correction_cpp/lib/vimbax_camera_color_correction_cpp/color_correction_cpp_node" to ""
-- Installing: /home/root1/lzx_ws/project/lidar_camera_ros_ws/install/vimbax_camera_color_correction_cpp/lib/libvimbax_camera_color_correction_cpp.so
-- Set runtime path of "/home/root1/lzx_ws/project/lidar_camera_ros_ws/install/vimbax_camera_color_correction_cpp/lib/libvimbax_camera_color_correction_cpp.so" to ""
-- Installing: /home/root1/lzx_ws/project/lidar_camera_ros_ws/install/vimbax_camera_color_correction_cpp/include
-- Installing: /home/root1/lzx_ws/project/lidar_camera_ros_ws/install/vimbax_camera_color_correction_cpp/include/vimbax_camera_color_correction
-- Installing: /home/root1/lzx_ws/project/lidar_camera_ros_ws/install/vimbax_camera_color_correction_cpp/include/vimbax_camera_color_correction/color_correction_node.hpp
-- Installing: /home/root1/lzx_ws/project/lidar_camera_ros_ws/install/vimbax_camera_color_correction_cpp/include/vimbax_camera_color_correction/color_lut.hpp
-- Installing: /home/root1/lzx_ws/project/lidar_camera_ros_ws/install/vimbax_camera_color_correction_cpp/share/vimbax_camera_color_correction_cpp/launch
-- Installing: /home/root1/lzx_ws/project/lidar_camera_ros_ws/install/vimbax_camera_color_correction_cpp/share/vimbax_camera_color_correction_cpp/launch/color_correction.launch.py
-- Installing: /home/root1/lzx_ws/project/lidar_camera_ros_ws/install/vimbax_camera_color_correction_cpp/share/vimbax_camera_color_correction_cpp/config
-- Installing: /home/root1/lzx_ws/project/lidar_camera_ros_ws/install/vimbax_camera_color_correction_cpp/share/vimbax_camera_color_correction_cpp/config/camera_settings.xml
-- Installing: /home/root1/lzx_ws/project/lidar_camera_ros_ws/install/vimbax_camera_color_correction_cpp/share/vimbax_camera_color_correction_cpp/config/color_correction_lut_left.bin
-- Installing: /home/root1/lzx_ws/project/lidar_camera_ros_ws/install/vimbax_camera_color_correction_cpp/share/vimbax_camera_color_correction_cpp/config/color_correction_lut_left.npy
-- Installing: /home/root1/lzx_ws/project/lidar_camera_ros_ws/install/vimbax_camera_color_correction_cpp/share/vimbax_camera_color_correction_cpp/config/color_correction_lut_right.bin
-- Installing: /home/root1/lzx_ws/project/lidar_camera_ros_ws/install/vimbax_camera_color_correction_cpp/share/vimbax_camera_color_correction_cpp/config/color_correction_lut_right.npy
-- Installing: /home/root1/lzx_ws/project/lidar_camera_ros_ws/install/vimbax_camera_color_correction_cpp/share/vimbax_camera_color_correction_cpp/config/camera_parameter.yaml
-- Installing: /home/root1/lzx_ws/project/lidar_camera_ros_ws/install/vimbax_camera_color_correction_cpp/share/vimbax_camera_color_correction_cpp/config/camera_settings_custom.xml
-- Installing: /home/root1/lzx_ws/project/lidar_camera_ros_ws/install/vimbax_camera_color_correction_cpp/share/ament_index/resource_index/package_run_dependencies/vimbax_camera_color_correction_cpp
-- Installing: /home/root1/lzx_ws/project/lidar_camera_ros_ws/install/vimbax_camera_color_correction_cpp/share/ament_index/resource_index/parent_prefix_path/vimbax_camera_color_correction_cpp
-- Installing: /home/root1/lzx_ws/project/lidar_camera_ros_ws/install/vimbax_camera_color_correction_cpp/share/vimbax_camera_color_correction_cpp/environment/ament_prefix_path.sh
-- Installing: /home/root1/lzx_ws/project/lidar_camera_ros_ws/install/vimbax_camera_color_correction_cpp/share/vimbax_camera_color_correction_cpp/environment/ament_prefix_path.dsv
-- Installing: /home/root1/lzx_ws/project/lidar_camera_ros_ws/install/vimbax_camera_color_correction_cpp/share/vimbax_camera_color_correction_cpp/environment/path.sh
-- Installing: /home/root1/lzx_ws/project/lidar_camera_ros_ws/install/vimbax_camera_color_correction_cpp/share/vimbax_camera_color_correction_cpp/environment/path.dsv
-- Installing: /home/root1/lzx_ws/project/lidar_camera_ros_ws/install/vimbax_camera_color_correction_cpp/share/vimbax_camera_color_correction_cpp/local_setup.bash
-- Installing: /home/root1/lzx_ws/project/lidar_camera_ros_ws/install/vimbax_camera_color_correction_cpp/share/vimbax_camera_color_correction_cpp/local_setup.sh
-- Installing: /home/root1/lzx_ws/project/lidar_camera_ros_ws/install/vimbax_camera_color_correction_cpp/share/vimbax_camera_color_correction_cpp/local_setup.zsh
-- Installing: /home/root1/lzx_ws/project/lidar_camera_ros_ws/install/vimbax_camera_color_correction_cpp/share/vimbax_camera_color_correction_cpp/local_setup.dsv
-- Installing: /home/root1/lzx_ws/project/lidar_camera_ros_ws/install/vimbax_camera_color_correction_cpp/share/vimbax_camera_color_correction_cpp/package.dsv
-- Installing: /home/root1/lzx_ws/project/lidar_camera_ros_ws/install/vimbax_camera_color_correction_cpp/share/ament_index/resource_index/packages/vimbax_camera_color_correction_cpp
-- Installing: /home/root1/lzx_ws/project/lidar_camera_ros_ws/install/vimbax_camera_color_correction_cpp/share/ament_index/resource_index/rclcpp_components/vimbax_camera_color_correction_cpp
-- Installing: /home/root1/lzx_ws/project/lidar_camera_ros_ws/install/vimbax_camera_color_correction_cpp/share/vimbax_camera_color_correction_cpp/cmake/ament_cmake_export_libraries-extras.cmake
-- Installing: /home/root1/lzx_ws/project/lidar_camera_ros_ws/install/vimbax_camera_color_correction_cpp/share/vimbax_camera_color_correction_cpp/cmake/ament_cmake_export_dependencies-extras.cmake
-- Installing: /home/root1/lzx_ws/project/lidar_camera_ros_ws/install/vimbax_camera_color_correction_cpp/share/vimbax_camera_color_correction_cpp/cmake/vimbax_camera_color_correction_cppConfig.cmake
-- Installing: /home/root1/lzx_ws/project/lidar_camera_ros_ws/install/vimbax_camera_color_correction_cpp/share/vimbax_camera_color_correction_cpp/cmake/vimbax_camera_color_correction_cppConfig-version.cmake
-- Installing: /home/root1/lzx_ws/project/lidar_camera_ros_ws/install/vimbax_camera_color_correction_cpp/share/vimbax_camera_color_correction_cpp/package.xml
