[0.017s] Invoking command in '/home/root1/lzx_ws/project/lidar_camera_ros_ws/build/vimbax_camera_color_correction_cpp': CMAKE_PREFIX_PATH=${CMAKE_PREFIX_PATH}:/home/root1/lzx_ws/project/lidar_camera_ros_ws/install/vimbax_camera_color_correction /usr/bin/cmake /home/root1/lzx_ws/project/lidar_camera_ros_ws/src/vimbax_camera_color_correction_cpp -DCMAKE_INSTALL_PREFIX=/home/root1/lzx_ws/project/lidar_camera_ros_ws/install/vimbax_camera_color_correction_cpp
[0.465s] -- The C compiler identification is GNU 11.4.0
[0.773s] -- The CXX compiler identification is GNU 11.4.0
[0.879s] -- Detecting C compiler ABI info
[1.087s] -- Detecting C compiler ABI info - done
[1.095s] -- Check for working C compiler: /usr/bin/cc - skipped
[1.099s] -- Detecting C compile features
[1.102s] -- Detecting C compile features - done
[1.117s] -- Detecting CXX compiler ABI info
[1.240s] -- Detecting CXX compiler ABI info - done
[1.249s] -- Check for working CXX compiler: /usr/bin/c++ - skipped
[1.249s] -- Detecting CXX compile features
[1.250s] -- Detecting CXX compile features - done
[1.462s] -- Found ament_cmake: 1.3.12 (/opt/ros/humble/share/ament_cmake/cmake)
[1.871s] -- Found Python3: /usr/bin/python3 (found version "3.10.12") found components: Interpreter 
[1.987s] -- Found rclcpp: 16.0.16 (/opt/ros/humble/share/rclcpp/cmake)
[2.058s] -- Found rosidl_generator_c: 3.1.7 (/opt/ros/humble/share/rosidl_generator_c/cmake)
[2.064s] -- Found rosidl_adapter: 3.1.7 (/opt/ros/humble/share/rosidl_adapter/cmake)
[2.076s] -- Found rosidl_generator_cpp: 3.1.7 (/opt/ros/humble/share/rosidl_generator_cpp/cmake)
[2.115s] -- Using all available rosidl_typesupport_c: rosidl_typesupport_fastrtps_c;rosidl_typesupport_introspection_c
[2.134s] -- Using all available rosidl_typesupport_cpp: rosidl_typesupport_fastrtps_cpp;rosidl_typesupport_introspection_cpp
[2.226s] -- Found rmw_implementation_cmake: 6.1.2 (/opt/ros/humble/share/rmw_implementation_cmake/cmake)
[2.233s] -- Found rmw_cyclonedds_cpp: 1.3.4 (/opt/ros/humble/share/rmw_cyclonedds_cpp/cmake)
[2.280s] -- Using RMW implementation 'rmw_cyclonedds_cpp' as default
[2.303s] -- Performing Test CMAKE_HAVE_LIBC_PTHREAD
[2.389s] -- Performing Test CMAKE_HAVE_LIBC_PTHREAD - Success
[2.390s] -- Found Threads: TRUE  
[2.487s] -- Found rclcpp_components: 16.0.16 (/opt/ros/humble/share/rclcpp_components/cmake)
[2.544s] -- Found image_transport: 3.1.12 (/opt/ros/humble/share/image_transport/cmake)
[2.648s] -- Found camera_info_manager: 3.1.12 (/opt/ros/humble/share/camera_info_manager/cmake)
[2.675s] -- Found cv_bridge: 3.2.1 (/opt/ros/humble/share/cv_bridge/cmake)
[2.702s] -- Found OpenCV: /usr (found version "4.5.4") 
[2.959s] -- Found OpenMP_C: -fopenmp (found version "4.5") 
[3.041s] -- Found OpenMP_CXX: -fopenmp (found version "4.5") 
[3.041s] -- Found OpenMP: TRUE (found version "4.5")  
[3.042s] -- OpenMP found, enabling parallel processing
[3.048s] -- Setting executor non-default value MultiThreadedExecutor
[3.147s] -- Configuring done
[3.172s] -- Generating done
[3.179s] -- Build files have been written to: /home/root1/lzx_ws/project/lidar_camera_ros_ws/build/vimbax_camera_color_correction_cpp
[3.189s] Invoked command in '/home/root1/lzx_ws/project/lidar_camera_ros_ws/build/vimbax_camera_color_correction_cpp' returned '0': CMAKE_PREFIX_PATH=${CMAKE_PREFIX_PATH}:/home/root1/lzx_ws/project/lidar_camera_ros_ws/install/vimbax_camera_color_correction /usr/bin/cmake /home/root1/lzx_ws/project/lidar_camera_ros_ws/src/vimbax_camera_color_correction_cpp -DCMAKE_INSTALL_PREFIX=/home/root1/lzx_ws/project/lidar_camera_ros_ws/install/vimbax_camera_color_correction_cpp
[3.191s] Invoking command in '/home/root1/lzx_ws/project/lidar_camera_ros_ws/build/vimbax_camera_color_correction_cpp': CMAKE_PREFIX_PATH=${CMAKE_PREFIX_PATH}:/home/root1/lzx_ws/project/lidar_camera_ros_ws/install/vimbax_camera_color_correction /usr/bin/cmake --build /home/root1/lzx_ws/project/lidar_camera_ros_ws/build/vimbax_camera_color_correction_cpp -- -j16 -l16
[3.227s] [ 40%] [32mBuilding CXX object CMakeFiles/color_correction_cpp_node.dir/rclcpp_components/node_main_color_correction_cpp_node.cpp.o[0m
[3.228s] [ 40%] [32mBuilding CXX object CMakeFiles/vimbax_camera_color_correction_cpp.dir/src/color_lut.cpp.o[0m
[3.228s] [ 60%] [32mBuilding CXX object CMakeFiles/vimbax_camera_color_correction_cpp.dir/src/color_correction_node.cpp.o[0m
[8.669s] [ 80%] [32m[1mLinking CXX executable color_correction_cpp_node[0m
[9.127s] [ 80%] Built target color_correction_cpp_node
[32.702s] [100%] [32m[1mLinking CXX shared library libvimbax_camera_color_correction_cpp.so[0m
[33.330s] [100%] Built target vimbax_camera_color_correction_cpp
[33.346s] Invoked command in '/home/root1/lzx_ws/project/lidar_camera_ros_ws/build/vimbax_camera_color_correction_cpp' returned '0': CMAKE_PREFIX_PATH=${CMAKE_PREFIX_PATH}:/home/root1/lzx_ws/project/lidar_camera_ros_ws/install/vimbax_camera_color_correction /usr/bin/cmake --build /home/root1/lzx_ws/project/lidar_camera_ros_ws/build/vimbax_camera_color_correction_cpp -- -j16 -l16
[33.347s] Invoking command in '/home/root1/lzx_ws/project/lidar_camera_ros_ws/build/vimbax_camera_color_correction_cpp': CMAKE_PREFIX_PATH=${CMAKE_PREFIX_PATH}:/home/root1/lzx_ws/project/lidar_camera_ros_ws/install/vimbax_camera_color_correction /usr/bin/cmake --install /home/root1/lzx_ws/project/lidar_camera_ros_ws/build/vimbax_camera_color_correction_cpp
[33.347s] -- Install configuration: "Release"
[33.349s] -- Installing: /home/root1/lzx_ws/project/lidar_camera_ros_ws/install/vimbax_camera_color_correction_cpp/share/vimbax_camera_color_correction_cpp/environment/library_path.sh
[33.349s] -- Installing: /home/root1/lzx_ws/project/lidar_camera_ros_ws/install/vimbax_camera_color_correction_cpp/share/vimbax_camera_color_correction_cpp/environment/library_path.dsv
[33.349s] -- Installing: /home/root1/lzx_ws/project/lidar_camera_ros_ws/install/vimbax_camera_color_correction_cpp/lib/vimbax_camera_color_correction_cpp/color_correction_cpp_node
[33.350s] -- Set runtime path of "/home/root1/lzx_ws/project/lidar_camera_ros_ws/install/vimbax_camera_color_correction_cpp/lib/vimbax_camera_color_correction_cpp/color_correction_cpp_node" to ""
[33.350s] -- Installing: /home/root1/lzx_ws/project/lidar_camera_ros_ws/install/vimbax_camera_color_correction_cpp/lib/libvimbax_camera_color_correction_cpp.so
[33.359s] -- Set runtime path of "/home/root1/lzx_ws/project/lidar_camera_ros_ws/install/vimbax_camera_color_correction_cpp/lib/libvimbax_camera_color_correction_cpp.so" to ""
[33.360s] -- Installing: /home/root1/lzx_ws/project/lidar_camera_ros_ws/install/vimbax_camera_color_correction_cpp/include
[33.360s] -- Installing: /home/root1/lzx_ws/project/lidar_camera_ros_ws/install/vimbax_camera_color_correction_cpp/include/vimbax_camera_color_correction
[33.360s] -- Installing: /home/root1/lzx_ws/project/lidar_camera_ros_ws/install/vimbax_camera_color_correction_cpp/include/vimbax_camera_color_correction/color_correction_node.hpp
[33.360s] -- Installing: /home/root1/lzx_ws/project/lidar_camera_ros_ws/install/vimbax_camera_color_correction_cpp/include/vimbax_camera_color_correction/color_lut.hpp
[33.360s] -- Installing: /home/root1/lzx_ws/project/lidar_camera_ros_ws/install/vimbax_camera_color_correction_cpp/share/vimbax_camera_color_correction_cpp/launch
[33.361s] -- Installing: /home/root1/lzx_ws/project/lidar_camera_ros_ws/install/vimbax_camera_color_correction_cpp/share/vimbax_camera_color_correction_cpp/launch/color_correction.launch.py
[33.362s] -- Installing: /home/root1/lzx_ws/project/lidar_camera_ros_ws/install/vimbax_camera_color_correction_cpp/share/vimbax_camera_color_correction_cpp/config
[33.363s] -- Installing: /home/root1/lzx_ws/project/lidar_camera_ros_ws/install/vimbax_camera_color_correction_cpp/share/vimbax_camera_color_correction_cpp/config/camera_settings.xml
[33.365s] -- Installing: /home/root1/lzx_ws/project/lidar_camera_ros_ws/install/vimbax_camera_color_correction_cpp/share/vimbax_camera_color_correction_cpp/config/color_correction_lut_left.bin
[33.380s] -- Installing: /home/root1/lzx_ws/project/lidar_camera_ros_ws/install/vimbax_camera_color_correction_cpp/share/vimbax_camera_color_correction_cpp/config/color_correction_lut_left.npy
[33.380s] -- Installing: /home/root1/lzx_ws/project/lidar_camera_ros_ws/install/vimbax_camera_color_correction_cpp/share/vimbax_camera_color_correction_cpp/config/color_correction_lut_right.bin
[33.392s] -- Installing: /home/root1/lzx_ws/project/lidar_camera_ros_ws/install/vimbax_camera_color_correction_cpp/share/vimbax_camera_color_correction_cpp/config/color_correction_lut_right.npy
[33.393s] -- Installing: /home/root1/lzx_ws/project/lidar_camera_ros_ws/install/vimbax_camera_color_correction_cpp/share/vimbax_camera_color_correction_cpp/config/camera_parameter.yaml
[33.393s] -- Installing: /home/root1/lzx_ws/project/lidar_camera_ros_ws/install/vimbax_camera_color_correction_cpp/share/vimbax_camera_color_correction_cpp/config/camera_settings_custom.xml
[33.393s] -- Installing: /home/root1/lzx_ws/project/lidar_camera_ros_ws/install/vimbax_camera_color_correction_cpp/share/ament_index/resource_index/package_run_dependencies/vimbax_camera_color_correction_cpp
[33.393s] -- Installing: /home/root1/lzx_ws/project/lidar_camera_ros_ws/install/vimbax_camera_color_correction_cpp/share/ament_index/resource_index/parent_prefix_path/vimbax_camera_color_correction_cpp
[33.393s] -- Installing: /home/root1/lzx_ws/project/lidar_camera_ros_ws/install/vimbax_camera_color_correction_cpp/share/vimbax_camera_color_correction_cpp/environment/ament_prefix_path.sh
[33.393s] -- Installing: /home/root1/lzx_ws/project/lidar_camera_ros_ws/install/vimbax_camera_color_correction_cpp/share/vimbax_camera_color_correction_cpp/environment/ament_prefix_path.dsv
[33.393s] -- Installing: /home/root1/lzx_ws/project/lidar_camera_ros_ws/install/vimbax_camera_color_correction_cpp/share/vimbax_camera_color_correction_cpp/environment/path.sh
[33.394s] -- Installing: /home/root1/lzx_ws/project/lidar_camera_ros_ws/install/vimbax_camera_color_correction_cpp/share/vimbax_camera_color_correction_cpp/environment/path.dsv
[33.394s] -- Installing: /home/root1/lzx_ws/project/lidar_camera_ros_ws/install/vimbax_camera_color_correction_cpp/share/vimbax_camera_color_correction_cpp/local_setup.bash
[33.394s] -- Installing: /home/root1/lzx_ws/project/lidar_camera_ros_ws/install/vimbax_camera_color_correction_cpp/share/vimbax_camera_color_correction_cpp/local_setup.sh
[33.394s] -- Installing: /home/root1/lzx_ws/project/lidar_camera_ros_ws/install/vimbax_camera_color_correction_cpp/share/vimbax_camera_color_correction_cpp/local_setup.zsh
[33.394s] -- Installing: /home/root1/lzx_ws/project/lidar_camera_ros_ws/install/vimbax_camera_color_correction_cpp/share/vimbax_camera_color_correction_cpp/local_setup.dsv
[33.394s] -- Installing: /home/root1/lzx_ws/project/lidar_camera_ros_ws/install/vimbax_camera_color_correction_cpp/share/vimbax_camera_color_correction_cpp/package.dsv
[33.394s] -- Installing: /home/root1/lzx_ws/project/lidar_camera_ros_ws/install/vimbax_camera_color_correction_cpp/share/ament_index/resource_index/packages/vimbax_camera_color_correction_cpp
[33.395s] -- Installing: /home/root1/lzx_ws/project/lidar_camera_ros_ws/install/vimbax_camera_color_correction_cpp/share/ament_index/resource_index/rclcpp_components/vimbax_camera_color_correction_cpp
[33.395s] -- Installing: /home/root1/lzx_ws/project/lidar_camera_ros_ws/install/vimbax_camera_color_correction_cpp/share/vimbax_camera_color_correction_cpp/cmake/ament_cmake_export_libraries-extras.cmake
[33.395s] -- Installing: /home/root1/lzx_ws/project/lidar_camera_ros_ws/install/vimbax_camera_color_correction_cpp/share/vimbax_camera_color_correction_cpp/cmake/ament_cmake_export_dependencies-extras.cmake
[33.395s] -- Installing: /home/root1/lzx_ws/project/lidar_camera_ros_ws/install/vimbax_camera_color_correction_cpp/share/vimbax_camera_color_correction_cpp/cmake/vimbax_camera_color_correction_cppConfig.cmake
[33.395s] -- Installing: /home/root1/lzx_ws/project/lidar_camera_ros_ws/install/vimbax_camera_color_correction_cpp/share/vimbax_camera_color_correction_cpp/cmake/vimbax_camera_color_correction_cppConfig-version.cmake
[33.395s] -- Installing: /home/root1/lzx_ws/project/lidar_camera_ros_ws/install/vimbax_camera_color_correction_cpp/share/vimbax_camera_color_correction_cpp/package.xml
[33.400s] Invoked command in '/home/root1/lzx_ws/project/lidar_camera_ros_ws/build/vimbax_camera_color_correction_cpp' returned '0': CMAKE_PREFIX_PATH=${CMAKE_PREFIX_PATH}:/home/root1/lzx_ws/project/lidar_camera_ros_ws/install/vimbax_camera_color_correction /usr/bin/cmake --install /home/root1/lzx_ws/project/lidar_camera_ros_ws/build/vimbax_camera_color_correction_cpp
