[0.046s] Invoking command in '/home/root1/lzx_ws/project/lidar_camera_ros_ws/build/vimbax_camera': CMAKE_PREFIX_PATH=/home/root1/lzx_ws/project/lidar_camera_ros_ws/install/vimbax_camera_events:/home/root1/lzx_ws/project/lidar_camera_ros_ws/install/vmbc_interface:/home/root1/lzx_ws/project/lidar_camera_ros_ws/install/vimbax_camera_msgs:/home/root1/lzx_ws/project/lidar_camera_ros_ws/install/vimbax_camera:/home/root1/lzx_ws/project/lidar_camera_ros_ws/install/vimbax_camera_examples:/home/root1/lzx_ws/project/lidar_camera_ros_ws/install/vimbax_camera_color_correction_cpp:/home/root1/lzx_ws/project/lidar_camera_ros_ws/install/rslidar_sdk:/home/root1/lzx_ws/project/lidar_camera_ros_ws/install/rslidar_msg:/home/root1/ros2_ws/install/robot_interface:/opt/ros/humble:/home/root1/lzx_ws/project/lidar_camera_ros_ws/install/vimbax_camera_color_correction LD_LIBRARY_PATH=/home/root1/lzx_ws/project/lidar_camera_ros_ws/install/vimbax_camera_events/lib:/home/root1/lzx_ws/project/lidar_camera_ros_ws/install/vimbax_camera_msgs/lib:/home/root1/lzx_ws/project/lidar_camera_ros_ws/install/vimbax_camera/lib:/home/root1/lzx_ws/project/lidar_camera_ros_ws/install/vimbax_camera_examples/lib:/home/root1/lzx_ws/project/lidar_camera_ros_ws/install/vimbax_camera_color_correction_cpp/lib:/home/root1/lzx_ws/project/lidar_camera_ros_ws/install/rslidar_msg/lib:/home/root1/.local/lib:/home/root1/ros2_ws/install/robot_interface/lib:/opt/ros/humble/opt/rviz_ogre_vendor/lib:/opt/ros/humble/lib/x86_64-linux-gnu:/opt/ros/humble/lib:/usr/local/cuda-12.2/lib64:/usr/local/cuda-12.2/lib64:/usr/local/cuda-12.2/lib64 /usr/bin/cmake /home/root1/lzx_ws/project/lidar_camera_ros_ws/src/vimbax_ros2_driver/vimbax_camera -DCMAKE_INSTALL_PREFIX=/home/root1/lzx_ws/project/lidar_camera_ros_ws/install/vimbax_camera
[0.099s] -- The C compiler identification is GNU 11.4.0
[0.162s] -- The CXX compiler identification is GNU 11.4.0
[0.177s] -- Detecting C compiler ABI info
[0.251s] -- Detecting C compiler ABI info - done
[0.262s] -- Check for working C compiler: /usr/bin/cc - skipped
[0.262s] -- Detecting C compile features
[0.262s] -- Detecting C compile features - done
[0.266s] -- Detecting CXX compiler ABI info
[0.344s] -- Detecting CXX compiler ABI info - done
[0.355s] -- Check for working CXX compiler: /usr/bin/c++ - skipped
[0.355s] -- Detecting CXX compile features
[0.356s] -- Detecting CXX compile features - done
[0.360s] -- Found ament_cmake: 1.3.12 (/opt/ros/humble/share/ament_cmake/cmake)
[0.891s] -- Found Python3: /usr/bin/python3 (found version "3.10.12") found components: Interpreter 
[1.017s] -- Found rclcpp: 16.0.16 (/opt/ros/humble/share/rclcpp/cmake)
[1.078s] -- Found rosidl_generator_c: 3.1.7 (/opt/ros/humble/share/rosidl_generator_c/cmake)
[1.086s] -- Found rosidl_adapter: 3.1.7 (/opt/ros/humble/share/rosidl_adapter/cmake)
[1.097s] -- Found rosidl_generator_cpp: 3.1.7 (/opt/ros/humble/share/rosidl_generator_cpp/cmake)
[1.114s] -- Using all available rosidl_typesupport_c: rosidl_typesupport_fastrtps_c;rosidl_typesupport_introspection_c
[1.135s] -- Using all available rosidl_typesupport_cpp: rosidl_typesupport_fastrtps_cpp;rosidl_typesupport_introspection_cpp
[1.194s] -- Found rmw_implementation_cmake: 6.1.2 (/opt/ros/humble/share/rmw_implementation_cmake/cmake)
[1.198s] -- Found rmw_cyclonedds_cpp: 1.3.4 (/opt/ros/humble/share/rmw_cyclonedds_cpp/cmake)
[1.229s] -- Using RMW implementation 'rmw_cyclonedds_cpp' as default
[1.242s] -- Performing Test CMAKE_HAVE_LIBC_PTHREAD
[1.307s] -- Performing Test CMAKE_HAVE_LIBC_PTHREAD - Success
[1.308s] -- Found Threads: TRUE  
[1.371s] -- Found rclcpp_components: 16.0.16 (/opt/ros/humble/share/rclcpp_components/cmake)
[1.408s] -- Found image_transport: 3.1.12 (/opt/ros/humble/share/image_transport/cmake)
[1.483s] -- Found camera_info_manager: 3.1.12 (/opt/ros/humble/share/camera_info_manager/cmake)
[1.503s] -- Found vimbax_camera_msgs: 1.0.2 (/home/root1/lzx_ws/project/lidar_camera_ros_ws/install/vimbax_camera_msgs/share/vimbax_camera_msgs/cmake)
[1.515s] -- Found vimbax_camera_events: 1.0.2 (/home/root1/lzx_ws/project/lidar_camera_ros_ws/install/vimbax_camera_events/share/vimbax_camera_events/cmake)
[1.517s] -- Found vmbc_interface: 1.0.2 (/home/root1/lzx_ws/project/lidar_camera_ros_ws/install/vmbc_interface/share/vmbc_interface/cmake)
[1.521s] -- Setting executor non-default value MultiThreadedExecutor
[1.526s] -- Found ament_lint_auto: 0.12.14 (/opt/ros/humble/share/ament_lint_auto/cmake)
[1.686s] -- Found ament_cmake_gtest: 1.3.12 (/opt/ros/humble/share/ament_cmake_gtest/cmake)
[1.689s] -- Found ament_cmake_gmock: 1.3.12 (/opt/ros/humble/share/ament_cmake_gmock/cmake)
[1.695s] -- Found gtest sources under '/opt/ros/humble/src/gtest_vendor': C++ tests using 'Google Test' will be built
[1.704s] -- Found gmock sources under '/opt/ros/humble/src/gmock_vendor': C++ tests using 'Google Mock' will be built
[1.711s] -- Found gtest sources under '/opt/ros/humble/src/gtest_vendor': C++ tests using 'Google Test' will be built
[1.719s] -- Added test 'copyright' to check source files copyright and LICENSE
[1.724s] -- Added test 'cppcheck' to perform static code analysis on C / C++ code
[1.724s] -- Configured cppcheck include dirs: $<BUILD_INTERFACE:/home/root1/lzx_ws/project/lidar_camera_ros_ws/src/vimbax_ros2_driver/vimbax_camera/include>
[1.724s] -- Configured cppcheck exclude dirs and/or files: 
[1.728s] -- Added test 'cpplint' to check C / C++ code against the Google style
[1.728s] -- Configured cpplint exclude dirs and/or files: 
[1.729s] -- Added test 'flake8' to check Python code syntax and style conventions
[1.730s] -- Added test 'lint_cmake' to check CMake code style
[1.731s] -- Added test 'pep257' to check Python code against some of the docstring style conventions in PEP 257
[1.735s] -- Added test 'uncrustify' to check C / C++ code style
[1.735s] -- Configured uncrustify additional arguments: 
[1.736s] -- Added test 'xmllint' to check XML markup files
[1.739s] -- Configuring done
[1.807s] -- Generating done
[1.831s] -- Build files have been written to: /home/root1/lzx_ws/project/lidar_camera_ros_ws/build/vimbax_camera
[1.848s] Invoked command in '/home/root1/lzx_ws/project/lidar_camera_ros_ws/build/vimbax_camera' returned '0': CMAKE_PREFIX_PATH=/home/root1/lzx_ws/project/lidar_camera_ros_ws/install/vimbax_camera_events:/home/root1/lzx_ws/project/lidar_camera_ros_ws/install/vmbc_interface:/home/root1/lzx_ws/project/lidar_camera_ros_ws/install/vimbax_camera_msgs:/home/root1/lzx_ws/project/lidar_camera_ros_ws/install/vimbax_camera:/home/root1/lzx_ws/project/lidar_camera_ros_ws/install/vimbax_camera_examples:/home/root1/lzx_ws/project/lidar_camera_ros_ws/install/vimbax_camera_color_correction_cpp:/home/root1/lzx_ws/project/lidar_camera_ros_ws/install/rslidar_sdk:/home/root1/lzx_ws/project/lidar_camera_ros_ws/install/rslidar_msg:/home/root1/ros2_ws/install/robot_interface:/opt/ros/humble:/home/root1/lzx_ws/project/lidar_camera_ros_ws/install/vimbax_camera_color_correction LD_LIBRARY_PATH=/home/root1/lzx_ws/project/lidar_camera_ros_ws/install/vimbax_camera_events/lib:/home/root1/lzx_ws/project/lidar_camera_ros_ws/install/vimbax_camera_msgs/lib:/home/root1/lzx_ws/project/lidar_camera_ros_ws/install/vimbax_camera/lib:/home/root1/lzx_ws/project/lidar_camera_ros_ws/install/vimbax_camera_examples/lib:/home/root1/lzx_ws/project/lidar_camera_ros_ws/install/vimbax_camera_color_correction_cpp/lib:/home/root1/lzx_ws/project/lidar_camera_ros_ws/install/rslidar_msg/lib:/home/root1/.local/lib:/home/root1/ros2_ws/install/robot_interface/lib:/opt/ros/humble/opt/rviz_ogre_vendor/lib:/opt/ros/humble/lib/x86_64-linux-gnu:/opt/ros/humble/lib:/usr/local/cuda-12.2/lib64:/usr/local/cuda-12.2/lib64:/usr/local/cuda-12.2/lib64 /usr/bin/cmake /home/root1/lzx_ws/project/lidar_camera_ros_ws/src/vimbax_ros2_driver/vimbax_camera -DCMAKE_INSTALL_PREFIX=/home/root1/lzx_ws/project/lidar_camera_ros_ws/install/vimbax_camera
[1.851s] Invoking command in '/home/root1/lzx_ws/project/lidar_camera_ros_ws/build/vimbax_camera': CMAKE_PREFIX_PATH=/home/root1/lzx_ws/project/lidar_camera_ros_ws/install/vimbax_camera_events:/home/root1/lzx_ws/project/lidar_camera_ros_ws/install/vmbc_interface:/home/root1/lzx_ws/project/lidar_camera_ros_ws/install/vimbax_camera_msgs:/home/root1/lzx_ws/project/lidar_camera_ros_ws/install/vimbax_camera:/home/root1/lzx_ws/project/lidar_camera_ros_ws/install/vimbax_camera_examples:/home/root1/lzx_ws/project/lidar_camera_ros_ws/install/vimbax_camera_color_correction_cpp:/home/root1/lzx_ws/project/lidar_camera_ros_ws/install/rslidar_sdk:/home/root1/lzx_ws/project/lidar_camera_ros_ws/install/rslidar_msg:/home/root1/ros2_ws/install/robot_interface:/opt/ros/humble:/home/root1/lzx_ws/project/lidar_camera_ros_ws/install/vimbax_camera_color_correction LD_LIBRARY_PATH=/home/root1/lzx_ws/project/lidar_camera_ros_ws/install/vimbax_camera_events/lib:/home/root1/lzx_ws/project/lidar_camera_ros_ws/install/vimbax_camera_msgs/lib:/home/root1/lzx_ws/project/lidar_camera_ros_ws/install/vimbax_camera/lib:/home/root1/lzx_ws/project/lidar_camera_ros_ws/install/vimbax_camera_examples/lib:/home/root1/lzx_ws/project/lidar_camera_ros_ws/install/vimbax_camera_color_correction_cpp/lib:/home/root1/lzx_ws/project/lidar_camera_ros_ws/install/rslidar_msg/lib:/home/root1/.local/lib:/home/root1/ros2_ws/install/robot_interface/lib:/opt/ros/humble/opt/rviz_ogre_vendor/lib:/opt/ros/humble/lib/x86_64-linux-gnu:/opt/ros/humble/lib:/usr/local/cuda-12.2/lib64:/usr/local/cuda-12.2/lib64:/usr/local/cuda-12.2/lib64 /usr/bin/cmake --build /home/root1/lzx_ws/project/lidar_camera_ros_ws/build/vimbax_camera -- -j16 -l16
[1.881s] [  3%] [32mBuilding CXX object CMakeFiles/vimbax_camera.dir/src/vimbax_camera_node.cpp.o[0m
[1.881s] [  6%] [32mBuilding CXX object CMakeFiles/vimbax_camera_node.dir/rclcpp_components/node_main_vimbax_camera_node.cpp.o[0m
[1.882s] [ 10%] [32mBuilding CXX object gtest/CMakeFiles/gtest.dir/src/gtest-all.cc.o[0m
[1.882s] [ 13%] [32mBuilding C object test/unit_tests/CMakeFiles/test_lib.dir/test_lib.c.o[0m
[1.883s] [ 17%] [32mBuilding CXX object gmock/CMakeFiles/gmock_main.dir/src/gmock_main.cc.o[0m
[1.883s] [ 20%] [32mBuilding CXX object gmock/CMakeFiles/gmock.dir/opt/ros/humble/src/gtest_vendor/src/gtest-all.cc.o[0m
[1.884s] [ 24%] [32mBuilding CXX object gmock/CMakeFiles/gmock.dir/src/gmock-all.cc.o[0m
[1.884s] [ 27%] [32mBuilding CXX object CMakeFiles/vimbax_camera.dir/src/loader/vmbc_api.cpp.o[0m
[1.884s] [ 31%] [32mBuilding CXX object gtest/CMakeFiles/gtest_main.dir/src/gtest_main.cc.o[0m
[1.885s] [ 34%] [32mBuilding CXX object CMakeFiles/vimbax_camera.dir/src/vimbax_camera.cpp.o[0m
[1.886s] [ 37%] [32mBuilding CXX object CMakeFiles/vimbax_camera.dir/src/vimbax_camera_helper.cpp.o[0m
[1.887s] [ 41%] [32mBuilding CXX object CMakeFiles/vimbax_camera.dir/src/loader/library_loader_unix.cpp.o[0m
[1.916s] [ 44%] [32m[1mLinking C shared library libtest_lib.so[0m
[1.973s] [ 44%] Built target test_lib
[3.616s] [ 48%] [32m[1mLinking CXX static library libgtest_main.a[0m
[3.660s] [ 48%] Built target gtest_main
[6.996s] [ 51%] [32m[1mLinking CXX static library libgmock_main.a[0m
[7.275s] [ 51%] Built target gmock_main
[17.156s] [ 55%] [32m[1mLinking CXX static library libgmock.a[0m
[17.439s] [ 55%] Built target gmock
[17.918s] [ 58%] [32m[1mLinking CXX executable vimbax_camera_node[0m
[18.056s] [ 58%] Built target vimbax_camera_node
[18.312s] [ 62%] [32m[1mLinking CXX static library libgtest.a[0m
[18.459s] [ 62%] Built target gtest
[35.961s] [ 65%] [32m[1mLinking CXX shared library libvimbax_camera.so[0m
[37.489s] [ 65%] Built target vimbax_camera
[37.498s] [ 75%] [32mBuilding CXX object test/unit_tests/CMakeFiles/vimbax_camera_library_loader_test.dir/library_loader_test.cpp.o[0m
[37.498s] [ 75%] [32mBuilding CXX object test/unit_tests/CMakeFiles/vimbax_camera_api_loader_test.dir/api_loader_test.cpp.o[0m
[37.498s] [ 75%] [32mBuilding CXX object test/unit_tests/CMakeFiles/vimbax_camera_api_loader_test.dir/mocks/api_mock.cpp.o[0m
[37.499s] [ 79%] [32mBuilding CXX object test/integration_tests/CMakeFiles/vimbax_camera_vmbc_load_test.dir/vmbc_load_test.cpp.o[0m
[37.499s] [ 82%] [32mBuilding CXX object test/unit_tests/CMakeFiles/vimbax_camera_vimbax_camera_test.dir/vimbax_camera_test.cpp.o[0m
[37.499s] [ 86%] [32mBuilding CXX object test/unit_tests/CMakeFiles/vimbax_camera_vimbax_camera_test.dir/mocks/api_mock.cpp.o[0m
[38.860s] [ 89%] [32m[1mLinking CXX executable vimbax_camera_library_loader_test[0m
[39.762s] [ 89%] Built target vimbax_camera_library_loader_test
[41.667s] [ 93%] [32m[1mLinking CXX executable vimbax_camera_vmbc_load_test[0m
[42.476s] [ 93%] Built target vimbax_camera_vmbc_load_test
[45.921s] [ 96%] [32m[1mLinking CXX executable vimbax_camera_api_loader_test[0m
[46.433s] [100%] [32m[1mLinking CXX executable vimbax_camera_vimbax_camera_test[0m
[46.982s] [100%] Built target vimbax_camera_api_loader_test
[47.554s] [100%] Built target vimbax_camera_vimbax_camera_test
[47.559s] Invoked command in '/home/root1/lzx_ws/project/lidar_camera_ros_ws/build/vimbax_camera' returned '0': CMAKE_PREFIX_PATH=/home/root1/lzx_ws/project/lidar_camera_ros_ws/install/vimbax_camera_events:/home/root1/lzx_ws/project/lidar_camera_ros_ws/install/vmbc_interface:/home/root1/lzx_ws/project/lidar_camera_ros_ws/install/vimbax_camera_msgs:/home/root1/lzx_ws/project/lidar_camera_ros_ws/install/vimbax_camera:/home/root1/lzx_ws/project/lidar_camera_ros_ws/install/vimbax_camera_examples:/home/root1/lzx_ws/project/lidar_camera_ros_ws/install/vimbax_camera_color_correction_cpp:/home/root1/lzx_ws/project/lidar_camera_ros_ws/install/rslidar_sdk:/home/root1/lzx_ws/project/lidar_camera_ros_ws/install/rslidar_msg:/home/root1/ros2_ws/install/robot_interface:/opt/ros/humble:/home/root1/lzx_ws/project/lidar_camera_ros_ws/install/vimbax_camera_color_correction LD_LIBRARY_PATH=/home/root1/lzx_ws/project/lidar_camera_ros_ws/install/vimbax_camera_events/lib:/home/root1/lzx_ws/project/lidar_camera_ros_ws/install/vimbax_camera_msgs/lib:/home/root1/lzx_ws/project/lidar_camera_ros_ws/install/vimbax_camera/lib:/home/root1/lzx_ws/project/lidar_camera_ros_ws/install/vimbax_camera_examples/lib:/home/root1/lzx_ws/project/lidar_camera_ros_ws/install/vimbax_camera_color_correction_cpp/lib:/home/root1/lzx_ws/project/lidar_camera_ros_ws/install/rslidar_msg/lib:/home/root1/.local/lib:/home/root1/ros2_ws/install/robot_interface/lib:/opt/ros/humble/opt/rviz_ogre_vendor/lib:/opt/ros/humble/lib/x86_64-linux-gnu:/opt/ros/humble/lib:/usr/local/cuda-12.2/lib64:/usr/local/cuda-12.2/lib64:/usr/local/cuda-12.2/lib64 /usr/bin/cmake --build /home/root1/lzx_ws/project/lidar_camera_ros_ws/build/vimbax_camera -- -j16 -l16
[47.561s] Invoking command in '/home/root1/lzx_ws/project/lidar_camera_ros_ws/build/vimbax_camera': CMAKE_PREFIX_PATH=/home/root1/lzx_ws/project/lidar_camera_ros_ws/install/vimbax_camera_events:/home/root1/lzx_ws/project/lidar_camera_ros_ws/install/vmbc_interface:/home/root1/lzx_ws/project/lidar_camera_ros_ws/install/vimbax_camera_msgs:/home/root1/lzx_ws/project/lidar_camera_ros_ws/install/vimbax_camera:/home/root1/lzx_ws/project/lidar_camera_ros_ws/install/vimbax_camera_examples:/home/root1/lzx_ws/project/lidar_camera_ros_ws/install/vimbax_camera_color_correction_cpp:/home/root1/lzx_ws/project/lidar_camera_ros_ws/install/rslidar_sdk:/home/root1/lzx_ws/project/lidar_camera_ros_ws/install/rslidar_msg:/home/root1/ros2_ws/install/robot_interface:/opt/ros/humble:/home/root1/lzx_ws/project/lidar_camera_ros_ws/install/vimbax_camera_color_correction LD_LIBRARY_PATH=/home/root1/lzx_ws/project/lidar_camera_ros_ws/install/vimbax_camera_events/lib:/home/root1/lzx_ws/project/lidar_camera_ros_ws/install/vimbax_camera_msgs/lib:/home/root1/lzx_ws/project/lidar_camera_ros_ws/install/vimbax_camera/lib:/home/root1/lzx_ws/project/lidar_camera_ros_ws/install/vimbax_camera_examples/lib:/home/root1/lzx_ws/project/lidar_camera_ros_ws/install/vimbax_camera_color_correction_cpp/lib:/home/root1/lzx_ws/project/lidar_camera_ros_ws/install/rslidar_msg/lib:/home/root1/.local/lib:/home/root1/ros2_ws/install/robot_interface/lib:/opt/ros/humble/opt/rviz_ogre_vendor/lib:/opt/ros/humble/lib/x86_64-linux-gnu:/opt/ros/humble/lib:/usr/local/cuda-12.2/lib64:/usr/local/cuda-12.2/lib64:/usr/local/cuda-12.2/lib64 /usr/bin/cmake --install /home/root1/lzx_ws/project/lidar_camera_ros_ws/build/vimbax_camera
[47.563s] -- Install configuration: ""
[47.563s] -- Installing: /home/root1/lzx_ws/project/lidar_camera_ros_ws/install/vimbax_camera/lib/vimbax_camera/vimbax_camera_node
[47.564s] -- Set runtime path of "/home/root1/lzx_ws/project/lidar_camera_ros_ws/install/vimbax_camera/lib/vimbax_camera/vimbax_camera_node" to ""
[47.564s] -- Installing: /home/root1/lzx_ws/project/lidar_camera_ros_ws/install/vimbax_camera/lib/libvimbax_camera.so
[47.585s] -- Set runtime path of "/home/root1/lzx_ws/project/lidar_camera_ros_ws/install/vimbax_camera/lib/libvimbax_camera.so" to ""
[47.585s] -- Installing: /home/root1/lzx_ws/project/lidar_camera_ros_ws/install/vimbax_camera/share/vimbax_camera/launch
[47.586s] -- Installing: /home/root1/lzx_ws/project/lidar_camera_ros_ws/install/vimbax_camera/share/vimbax_camera/launch/__pycache__
[47.586s] -- Installing: /home/root1/lzx_ws/project/lidar_camera_ros_ws/install/vimbax_camera/share/vimbax_camera/launch/__pycache__/vimbax_camera_param_launch.cpython-310.pyc
[47.586s] -- Installing: /home/root1/lzx_ws/project/lidar_camera_ros_ws/install/vimbax_camera/share/vimbax_camera/launch/__pycache__/dual_camera_stream_launch.cpython-310.pyc
[47.586s] -- Installing: /home/root1/lzx_ws/project/lidar_camera_ros_ws/install/vimbax_camera/share/vimbax_camera/launch/dual_camera_stream_launch.py
[47.586s] -- Installing: /home/root1/lzx_ws/project/lidar_camera_ros_ws/install/vimbax_camera/share/vimbax_camera/launch/vimbax_camera_param_launch.py
[47.587s] -- Installing: /home/root1/lzx_ws/project/lidar_camera_ros_ws/install/vimbax_camera/share/vimbax_camera/config
[47.587s] -- Installing: /home/root1/lzx_ws/project/lidar_camera_ros_ws/install/vimbax_camera/share/vimbax_camera/config/camera_settings.xml
[47.588s] -- Installing: /home/root1/lzx_ws/project/lidar_camera_ros_ws/install/vimbax_camera/share/vimbax_camera/config/color_correction_lut_left.bin
[47.589s] -- Installing: /home/root1/lzx_ws/project/lidar_camera_ros_ws/install/vimbax_camera/share/vimbax_camera/config/color_correction_lut_left.npy
[47.589s] -- Installing: /home/root1/lzx_ws/project/lidar_camera_ros_ws/install/vimbax_camera/share/vimbax_camera/config/color_correction_lut_right.bin
[47.590s] -- Installing: /home/root1/lzx_ws/project/lidar_camera_ros_ws/install/vimbax_camera/share/vimbax_camera/config/color_correction_lut_right.npy
[47.590s] -- Installing: /home/root1/lzx_ws/project/lidar_camera_ros_ws/install/vimbax_camera/share/vimbax_camera/config/camera_parameter.yaml
[47.590s] -- Installing: /home/root1/lzx_ws/project/lidar_camera_ros_ws/install/vimbax_camera/share/vimbax_camera/config/camera_settings_custom.xml
[47.591s] -- Installing: /home/root1/lzx_ws/project/lidar_camera_ros_ws/install/vimbax_camera/lib/vimbax_camera/vimbax_camera_timestamp_sync
[47.591s] -- Installing: /home/root1/lzx_ws/project/lidar_camera_ros_ws/install/vimbax_camera/share/vimbax_camera/environment/library_path.sh
[47.591s] -- Installing: /home/root1/lzx_ws/project/lidar_camera_ros_ws/install/vimbax_camera/share/vimbax_camera/environment/library_path.dsv
[47.591s] -- Installing: /home/root1/lzx_ws/project/lidar_camera_ros_ws/install/vimbax_camera/share/ament_index/resource_index/package_run_dependencies/vimbax_camera
[47.591s] -- Installing: /home/root1/lzx_ws/project/lidar_camera_ros_ws/install/vimbax_camera/share/ament_index/resource_index/parent_prefix_path/vimbax_camera
[47.591s] -- Installing: /home/root1/lzx_ws/project/lidar_camera_ros_ws/install/vimbax_camera/share/vimbax_camera/environment/ament_prefix_path.sh
[47.591s] -- Installing: /home/root1/lzx_ws/project/lidar_camera_ros_ws/install/vimbax_camera/share/vimbax_camera/environment/ament_prefix_path.dsv
[47.592s] -- Installing: /home/root1/lzx_ws/project/lidar_camera_ros_ws/install/vimbax_camera/share/vimbax_camera/environment/path.sh
[47.592s] -- Installing: /home/root1/lzx_ws/project/lidar_camera_ros_ws/install/vimbax_camera/share/vimbax_camera/environment/path.dsv
[47.592s] -- Installing: /home/root1/lzx_ws/project/lidar_camera_ros_ws/install/vimbax_camera/share/vimbax_camera/local_setup.bash
[47.592s] -- Installing: /home/root1/lzx_ws/project/lidar_camera_ros_ws/install/vimbax_camera/share/vimbax_camera/local_setup.sh
[47.592s] -- Installing: /home/root1/lzx_ws/project/lidar_camera_ros_ws/install/vimbax_camera/share/vimbax_camera/local_setup.zsh
[47.592s] -- Installing: /home/root1/lzx_ws/project/lidar_camera_ros_ws/install/vimbax_camera/share/vimbax_camera/local_setup.dsv
[47.592s] -- Installing: /home/root1/lzx_ws/project/lidar_camera_ros_ws/install/vimbax_camera/share/vimbax_camera/package.dsv
[47.592s] -- Installing: /home/root1/lzx_ws/project/lidar_camera_ros_ws/install/vimbax_camera/share/ament_index/resource_index/packages/vimbax_camera
[47.593s] -- Installing: /home/root1/lzx_ws/project/lidar_camera_ros_ws/install/vimbax_camera/share/ament_index/resource_index/rclcpp_components/vimbax_camera
[47.593s] -- Installing: /home/root1/lzx_ws/project/lidar_camera_ros_ws/install/vimbax_camera/share/vimbax_camera/cmake/ament_cmake_export_libraries-extras.cmake
[47.593s] -- Installing: /home/root1/lzx_ws/project/lidar_camera_ros_ws/install/vimbax_camera/share/vimbax_camera/cmake/vimbax_cameraConfig.cmake
[47.593s] -- Installing: /home/root1/lzx_ws/project/lidar_camera_ros_ws/install/vimbax_camera/share/vimbax_camera/cmake/vimbax_cameraConfig-version.cmake
[47.593s] -- Installing: /home/root1/lzx_ws/project/lidar_camera_ros_ws/install/vimbax_camera/share/vimbax_camera/package.xml
[47.595s] Invoked command in '/home/root1/lzx_ws/project/lidar_camera_ros_ws/build/vimbax_camera' returned '0': CMAKE_PREFIX_PATH=/home/root1/lzx_ws/project/lidar_camera_ros_ws/install/vimbax_camera_events:/home/root1/lzx_ws/project/lidar_camera_ros_ws/install/vmbc_interface:/home/root1/lzx_ws/project/lidar_camera_ros_ws/install/vimbax_camera_msgs:/home/root1/lzx_ws/project/lidar_camera_ros_ws/install/vimbax_camera:/home/root1/lzx_ws/project/lidar_camera_ros_ws/install/vimbax_camera_examples:/home/root1/lzx_ws/project/lidar_camera_ros_ws/install/vimbax_camera_color_correction_cpp:/home/root1/lzx_ws/project/lidar_camera_ros_ws/install/rslidar_sdk:/home/root1/lzx_ws/project/lidar_camera_ros_ws/install/rslidar_msg:/home/root1/ros2_ws/install/robot_interface:/opt/ros/humble:/home/root1/lzx_ws/project/lidar_camera_ros_ws/install/vimbax_camera_color_correction LD_LIBRARY_PATH=/home/root1/lzx_ws/project/lidar_camera_ros_ws/install/vimbax_camera_events/lib:/home/root1/lzx_ws/project/lidar_camera_ros_ws/install/vimbax_camera_msgs/lib:/home/root1/lzx_ws/project/lidar_camera_ros_ws/install/vimbax_camera/lib:/home/root1/lzx_ws/project/lidar_camera_ros_ws/install/vimbax_camera_examples/lib:/home/root1/lzx_ws/project/lidar_camera_ros_ws/install/vimbax_camera_color_correction_cpp/lib:/home/root1/lzx_ws/project/lidar_camera_ros_ws/install/rslidar_msg/lib:/home/root1/.local/lib:/home/root1/ros2_ws/install/robot_interface/lib:/opt/ros/humble/opt/rviz_ogre_vendor/lib:/opt/ros/humble/lib/x86_64-linux-gnu:/opt/ros/humble/lib:/usr/local/cuda-12.2/lib64:/usr/local/cuda-12.2/lib64:/usr/local/cuda-12.2/lib64 /usr/bin/cmake --install /home/root1/lzx_ws/project/lidar_camera_ros_ws/build/vimbax_camera
