[0.016s] Invoking command in '/home/root1/lzx_ws/project/lidar_camera_ros_ws/build/rslidar_sdk': CMAKE_PREFIX_PATH=/home/root1/lzx_ws/project/lidar_camera_ros_ws/install/rslidar_msg:/home/root1/lzx_ws/project/lidar_camera_ros_ws/install/vimbax_camera:/home/root1/lzx_ws/project/lidar_camera_ros_ws/install/vmbc_interface:/home/root1/lzx_ws/project/lidar_camera_ros_ws/install/vimbax_camera_examples:/home/root1/lzx_ws/project/lidar_camera_ros_ws/install/vimbax_camera_msgs:/home/root1/lzx_ws/project/lidar_camera_ros_ws/install/vimbax_camera_events:/home/root1/lzx_ws/project/lidar_camera_ros_ws/install/vimbax_camera_color_correction_cpp:/home/root1/lzx_ws/project/lidar_camera_ros_ws/install/rslidar_sdk:/home/root1/ros2_ws/install/robot_interface:/opt/ros/humble:/home/root1/lzx_ws/project/lidar_camera_ros_ws/install/vimbax_camera_color_correction LD_LIBRARY_PATH=/home/root1/lzx_ws/project/lidar_camera_ros_ws/install/rslidar_msg/lib:/home/root1/lzx_ws/project/lidar_camera_ros_ws/install/vimbax_camera/lib:/home/root1/lzx_ws/project/lidar_camera_ros_ws/install/vimbax_camera_examples/lib:/home/root1/lzx_ws/project/lidar_camera_ros_ws/install/vimbax_camera_msgs/lib:/home/root1/lzx_ws/project/lidar_camera_ros_ws/install/vimbax_camera_events/lib:/home/root1/lzx_ws/project/lidar_camera_ros_ws/install/vimbax_camera_color_correction_cpp/lib:/home/root1/.local/lib:/home/root1/ros2_ws/install/robot_interface/lib:/opt/ros/humble/opt/rviz_ogre_vendor/lib:/opt/ros/humble/lib/x86_64-linux-gnu:/opt/ros/humble/lib:/usr/local/cuda-12.2/lib64:/usr/local/cuda-12.2/lib64:/usr/local/cuda-12.2/lib64 /usr/bin/cmake /home/root1/lzx_ws/project/lidar_camera_ros_ws/src/rslidar_sdk -DCMAKE_INSTALL_PREFIX=/home/root1/lzx_ws/project/lidar_camera_ros_ws/install/rslidar_sdk
[0.075s] -- The C compiler identification is GNU 11.4.0
[0.144s] -- The CXX compiler identification is GNU 11.4.0
[0.165s] -- Detecting C compiler ABI info
[0.246s] -- Detecting C compiler ABI info - done
[0.256s] -- Check for working C compiler: /usr/bin/cc - skipped
[0.256s] -- Detecting C compile features
[0.257s] -- Detecting C compile features - done
[0.261s] -- Detecting CXX compiler ABI info
[0.330s] -- Detecting CXX compiler ABI info - done
[0.339s] -- Check for working CXX compiler: /usr/bin/c++ - skipped
[0.339s] -- Detecting CXX compile features
[0.339s] -- Detecting CXX compile features - done
[0.360s] [0m=============================================================[0m
[0.360s] [0m-- POINT_TYPE is XYZI[0m
[0.361s] [0m=============================================================[0m
[0.361s] [0m=============================================================[0m
[0.361s] [0m-- ROS Not Found. ROS Support is turned Off.[0m
[0.361s] [0m=============================================================[0m
[0.745s] -- Found Python3: /usr/bin/python3 (found version "3.10.12") found components: Interpreter 
[0.933s] -- Found rosidl_generator_c: 3.1.7 (/opt/ros/humble/share/rosidl_generator_c/cmake)
[0.942s] -- Found rosidl_adapter: 3.1.7 (/opt/ros/humble/share/rosidl_adapter/cmake)
[0.957s] -- Found rosidl_generator_cpp: 3.1.7 (/opt/ros/humble/share/rosidl_generator_cpp/cmake)
[0.987s] -- Using all available rosidl_typesupport_c: rosidl_typesupport_fastrtps_c;rosidl_typesupport_introspection_c
[1.008s] -- Using all available rosidl_typesupport_cpp: rosidl_typesupport_fastrtps_cpp;rosidl_typesupport_introspection_cpp
[1.100s] -- Found rmw_implementation_cmake: 6.1.2 (/opt/ros/humble/share/rmw_implementation_cmake/cmake)
[1.112s] -- Found rmw_cyclonedds_cpp: 1.3.4 (/opt/ros/humble/share/rmw_cyclonedds_cpp/cmake)
[1.162s] -- Using RMW implementation 'rmw_cyclonedds_cpp' as default
[1.181s] -- Performing Test CMAKE_HAVE_LIBC_PTHREAD
[1.346s] -- Performing Test CMAKE_HAVE_LIBC_PTHREAD - Success
[1.348s] -- Found Threads: TRUE  
[1.444s] [0m=============================================================[0m
[1.444s] [0m-- ROS2 Found. ROS2 Support is turned On.[0m
[1.444s] [0m=============================================================[0m
[1.444s] -- Found sensor_msgs: 4.9.0 (/opt/ros/humble/share/sensor_msgs/cmake)
[1.493s] -- Found rslidar_msg: 0.0.0 (/home/root1/lzx_ws/project/lidar_camera_ros_ws/install/rslidar_msg/share/rslidar_msg/cmake)
[1.525s] [0m=============================================================[0m
[1.525s] [0m-- CMake run for UNIX GNU Compiler[0m
[1.525s] [0m=============================================================[0m
[1.525s] [0m=============================================================[0m
[1.525s] [0m-- Enable Transform Fucntions[0m
[1.525s] [0m=============================================================[0m
[1.536s] [0m=============================================================[0m
[1.536s] [0m-- rs_driver Version : v1.5.18[0m
[1.537s] [0m=============================================================[0m
[1.690s] -- Configuring done
[1.714s] -- Generating done
[1.723s] -- Build files have been written to: /home/root1/lzx_ws/project/lidar_camera_ros_ws/build/rslidar_sdk
[1.739s] Invoked command in '/home/root1/lzx_ws/project/lidar_camera_ros_ws/build/rslidar_sdk' returned '0': CMAKE_PREFIX_PATH=/home/root1/lzx_ws/project/lidar_camera_ros_ws/install/rslidar_msg:/home/root1/lzx_ws/project/lidar_camera_ros_ws/install/vimbax_camera:/home/root1/lzx_ws/project/lidar_camera_ros_ws/install/vmbc_interface:/home/root1/lzx_ws/project/lidar_camera_ros_ws/install/vimbax_camera_examples:/home/root1/lzx_ws/project/lidar_camera_ros_ws/install/vimbax_camera_msgs:/home/root1/lzx_ws/project/lidar_camera_ros_ws/install/vimbax_camera_events:/home/root1/lzx_ws/project/lidar_camera_ros_ws/install/vimbax_camera_color_correction_cpp:/home/root1/lzx_ws/project/lidar_camera_ros_ws/install/rslidar_sdk:/home/root1/ros2_ws/install/robot_interface:/opt/ros/humble:/home/root1/lzx_ws/project/lidar_camera_ros_ws/install/vimbax_camera_color_correction LD_LIBRARY_PATH=/home/root1/lzx_ws/project/lidar_camera_ros_ws/install/rslidar_msg/lib:/home/root1/lzx_ws/project/lidar_camera_ros_ws/install/vimbax_camera/lib:/home/root1/lzx_ws/project/lidar_camera_ros_ws/install/vimbax_camera_examples/lib:/home/root1/lzx_ws/project/lidar_camera_ros_ws/install/vimbax_camera_msgs/lib:/home/root1/lzx_ws/project/lidar_camera_ros_ws/install/vimbax_camera_events/lib:/home/root1/lzx_ws/project/lidar_camera_ros_ws/install/vimbax_camera_color_correction_cpp/lib:/home/root1/.local/lib:/home/root1/ros2_ws/install/robot_interface/lib:/opt/ros/humble/opt/rviz_ogre_vendor/lib:/opt/ros/humble/lib/x86_64-linux-gnu:/opt/ros/humble/lib:/usr/local/cuda-12.2/lib64:/usr/local/cuda-12.2/lib64:/usr/local/cuda-12.2/lib64 /usr/bin/cmake /home/root1/lzx_ws/project/lidar_camera_ros_ws/src/rslidar_sdk -DCMAKE_INSTALL_PREFIX=/home/root1/lzx_ws/project/lidar_camera_ros_ws/install/rslidar_sdk
[1.740s] Invoking command in '/home/root1/lzx_ws/project/lidar_camera_ros_ws/build/rslidar_sdk': CMAKE_PREFIX_PATH=/home/root1/lzx_ws/project/lidar_camera_ros_ws/install/rslidar_msg:/home/root1/lzx_ws/project/lidar_camera_ros_ws/install/vimbax_camera:/home/root1/lzx_ws/project/lidar_camera_ros_ws/install/vmbc_interface:/home/root1/lzx_ws/project/lidar_camera_ros_ws/install/vimbax_camera_examples:/home/root1/lzx_ws/project/lidar_camera_ros_ws/install/vimbax_camera_msgs:/home/root1/lzx_ws/project/lidar_camera_ros_ws/install/vimbax_camera_events:/home/root1/lzx_ws/project/lidar_camera_ros_ws/install/vimbax_camera_color_correction_cpp:/home/root1/lzx_ws/project/lidar_camera_ros_ws/install/rslidar_sdk:/home/root1/ros2_ws/install/robot_interface:/opt/ros/humble:/home/root1/lzx_ws/project/lidar_camera_ros_ws/install/vimbax_camera_color_correction LD_LIBRARY_PATH=/home/root1/lzx_ws/project/lidar_camera_ros_ws/install/rslidar_msg/lib:/home/root1/lzx_ws/project/lidar_camera_ros_ws/install/vimbax_camera/lib:/home/root1/lzx_ws/project/lidar_camera_ros_ws/install/vimbax_camera_examples/lib:/home/root1/lzx_ws/project/lidar_camera_ros_ws/install/vimbax_camera_msgs/lib:/home/root1/lzx_ws/project/lidar_camera_ros_ws/install/vimbax_camera_events/lib:/home/root1/lzx_ws/project/lidar_camera_ros_ws/install/vimbax_camera_color_correction_cpp/lib:/home/root1/.local/lib:/home/root1/ros2_ws/install/robot_interface/lib:/opt/ros/humble/opt/rviz_ogre_vendor/lib:/opt/ros/humble/lib/x86_64-linux-gnu:/opt/ros/humble/lib:/usr/local/cuda-12.2/lib64:/usr/local/cuda-12.2/lib64:/usr/local/cuda-12.2/lib64 /usr/bin/cmake --build /home/root1/lzx_ws/project/lidar_camera_ros_ws/build/rslidar_sdk -- -j16 -l16
[1.766s] [ 33%] [32mBuilding CXX object CMakeFiles/rslidar_sdk_node.dir/node/rslidar_sdk_node.cpp.o[0m
[1.767s] [ 66%] [32mBuilding CXX object CMakeFiles/rslidar_sdk_node.dir/src/manager/node_manager.cpp.o[0m
[43.564s] [100%] [32m[1mLinking CXX executable rslidar_sdk_node[0m
[43.996s] [100%] Built target rslidar_sdk_node
[44.010s] Invoked command in '/home/root1/lzx_ws/project/lidar_camera_ros_ws/build/rslidar_sdk' returned '0': CMAKE_PREFIX_PATH=/home/root1/lzx_ws/project/lidar_camera_ros_ws/install/rslidar_msg:/home/root1/lzx_ws/project/lidar_camera_ros_ws/install/vimbax_camera:/home/root1/lzx_ws/project/lidar_camera_ros_ws/install/vmbc_interface:/home/root1/lzx_ws/project/lidar_camera_ros_ws/install/vimbax_camera_examples:/home/root1/lzx_ws/project/lidar_camera_ros_ws/install/vimbax_camera_msgs:/home/root1/lzx_ws/project/lidar_camera_ros_ws/install/vimbax_camera_events:/home/root1/lzx_ws/project/lidar_camera_ros_ws/install/vimbax_camera_color_correction_cpp:/home/root1/lzx_ws/project/lidar_camera_ros_ws/install/rslidar_sdk:/home/root1/ros2_ws/install/robot_interface:/opt/ros/humble:/home/root1/lzx_ws/project/lidar_camera_ros_ws/install/vimbax_camera_color_correction LD_LIBRARY_PATH=/home/root1/lzx_ws/project/lidar_camera_ros_ws/install/rslidar_msg/lib:/home/root1/lzx_ws/project/lidar_camera_ros_ws/install/vimbax_camera/lib:/home/root1/lzx_ws/project/lidar_camera_ros_ws/install/vimbax_camera_examples/lib:/home/root1/lzx_ws/project/lidar_camera_ros_ws/install/vimbax_camera_msgs/lib:/home/root1/lzx_ws/project/lidar_camera_ros_ws/install/vimbax_camera_events/lib:/home/root1/lzx_ws/project/lidar_camera_ros_ws/install/vimbax_camera_color_correction_cpp/lib:/home/root1/.local/lib:/home/root1/ros2_ws/install/robot_interface/lib:/opt/ros/humble/opt/rviz_ogre_vendor/lib:/opt/ros/humble/lib/x86_64-linux-gnu:/opt/ros/humble/lib:/usr/local/cuda-12.2/lib64:/usr/local/cuda-12.2/lib64:/usr/local/cuda-12.2/lib64 /usr/bin/cmake --build /home/root1/lzx_ws/project/lidar_camera_ros_ws/build/rslidar_sdk -- -j16 -l16
[44.011s] Invoking command in '/home/root1/lzx_ws/project/lidar_camera_ros_ws/build/rslidar_sdk': CMAKE_PREFIX_PATH=/home/root1/lzx_ws/project/lidar_camera_ros_ws/install/rslidar_msg:/home/root1/lzx_ws/project/lidar_camera_ros_ws/install/vimbax_camera:/home/root1/lzx_ws/project/lidar_camera_ros_ws/install/vmbc_interface:/home/root1/lzx_ws/project/lidar_camera_ros_ws/install/vimbax_camera_examples:/home/root1/lzx_ws/project/lidar_camera_ros_ws/install/vimbax_camera_msgs:/home/root1/lzx_ws/project/lidar_camera_ros_ws/install/vimbax_camera_events:/home/root1/lzx_ws/project/lidar_camera_ros_ws/install/vimbax_camera_color_correction_cpp:/home/root1/lzx_ws/project/lidar_camera_ros_ws/install/rslidar_sdk:/home/root1/ros2_ws/install/robot_interface:/opt/ros/humble:/home/root1/lzx_ws/project/lidar_camera_ros_ws/install/vimbax_camera_color_correction LD_LIBRARY_PATH=/home/root1/lzx_ws/project/lidar_camera_ros_ws/install/rslidar_msg/lib:/home/root1/lzx_ws/project/lidar_camera_ros_ws/install/vimbax_camera/lib:/home/root1/lzx_ws/project/lidar_camera_ros_ws/install/vimbax_camera_examples/lib:/home/root1/lzx_ws/project/lidar_camera_ros_ws/install/vimbax_camera_msgs/lib:/home/root1/lzx_ws/project/lidar_camera_ros_ws/install/vimbax_camera_events/lib:/home/root1/lzx_ws/project/lidar_camera_ros_ws/install/vimbax_camera_color_correction_cpp/lib:/home/root1/.local/lib:/home/root1/ros2_ws/install/robot_interface/lib:/opt/ros/humble/opt/rviz_ogre_vendor/lib:/opt/ros/humble/lib/x86_64-linux-gnu:/opt/ros/humble/lib:/usr/local/cuda-12.2/lib64:/usr/local/cuda-12.2/lib64:/usr/local/cuda-12.2/lib64 /usr/bin/cmake --install /home/root1/lzx_ws/project/lidar_camera_ros_ws/build/rslidar_sdk
[44.016s] -- Install configuration: "Release"
[44.016s] -- Installing: /home/root1/lzx_ws/project/lidar_camera_ros_ws/install/rslidar_sdk/lib/rslidar_sdk/rslidar_sdk_node
[44.020s] -- Set runtime path of "/home/root1/lzx_ws/project/lidar_camera_ros_ws/install/rslidar_sdk/lib/rslidar_sdk/rslidar_sdk_node" to ""
[44.020s] -- Installing: /home/root1/lzx_ws/project/lidar_camera_ros_ws/install/rslidar_sdk/share/rslidar_sdk/launch
[44.020s] -- Installing: /home/root1/lzx_ws/project/lidar_camera_ros_ws/install/rslidar_sdk/share/rslidar_sdk/launch/start.launch
[44.021s] -- Installing: /home/root1/lzx_ws/project/lidar_camera_ros_ws/install/rslidar_sdk/share/rslidar_sdk/launch/elequent_start.py
[44.021s] -- Installing: /home/root1/lzx_ws/project/lidar_camera_ros_ws/install/rslidar_sdk/share/rslidar_sdk/launch/humble_start.py
[44.021s] -- Installing: /home/root1/lzx_ws/project/lidar_camera_ros_ws/install/rslidar_sdk/share/rslidar_sdk/launch/start.py
[44.021s] -- Installing: /home/root1/lzx_ws/project/lidar_camera_ros_ws/install/rslidar_sdk/share/rslidar_sdk/rviz
[44.021s] -- Installing: /home/root1/lzx_ws/project/lidar_camera_ros_ws/install/rslidar_sdk/share/rslidar_sdk/rviz/rviz2.rviz
[44.021s] -- Installing: /home/root1/lzx_ws/project/lidar_camera_ros_ws/install/rslidar_sdk/share/rslidar_sdk/rviz/rviz.rviz
[44.022s] -- Installing: /home/root1/lzx_ws/project/lidar_camera_ros_ws/install/rslidar_sdk/share/ament_index/resource_index/package_run_dependencies/rslidar_sdk
[44.022s] -- Installing: /home/root1/lzx_ws/project/lidar_camera_ros_ws/install/rslidar_sdk/share/ament_index/resource_index/parent_prefix_path/rslidar_sdk
[44.022s] -- Installing: /home/root1/lzx_ws/project/lidar_camera_ros_ws/install/rslidar_sdk/share/rslidar_sdk/environment/ament_prefix_path.sh
[44.022s] -- Installing: /home/root1/lzx_ws/project/lidar_camera_ros_ws/install/rslidar_sdk/share/rslidar_sdk/environment/ament_prefix_path.dsv
[44.022s] -- Installing: /home/root1/lzx_ws/project/lidar_camera_ros_ws/install/rslidar_sdk/share/rslidar_sdk/environment/path.sh
[44.023s] -- Installing: /home/root1/lzx_ws/project/lidar_camera_ros_ws/install/rslidar_sdk/share/rslidar_sdk/environment/path.dsv
[44.024s] -- Installing: /home/root1/lzx_ws/project/lidar_camera_ros_ws/install/rslidar_sdk/share/rslidar_sdk/local_setup.bash
[44.024s] -- Installing: /home/root1/lzx_ws/project/lidar_camera_ros_ws/install/rslidar_sdk/share/rslidar_sdk/local_setup.sh
[44.024s] -- Installing: /home/root1/lzx_ws/project/lidar_camera_ros_ws/install/rslidar_sdk/share/rslidar_sdk/local_setup.zsh
[44.024s] -- Installing: /home/root1/lzx_ws/project/lidar_camera_ros_ws/install/rslidar_sdk/share/rslidar_sdk/local_setup.dsv
[44.024s] -- Installing: /home/root1/lzx_ws/project/lidar_camera_ros_ws/install/rslidar_sdk/share/rslidar_sdk/package.dsv
[44.024s] -- Installing: /home/root1/lzx_ws/project/lidar_camera_ros_ws/install/rslidar_sdk/share/ament_index/resource_index/packages/rslidar_sdk
[44.024s] -- Installing: /home/root1/lzx_ws/project/lidar_camera_ros_ws/install/rslidar_sdk/share/rslidar_sdk/cmake/rslidar_sdkConfig.cmake
[44.024s] -- Installing: /home/root1/lzx_ws/project/lidar_camera_ros_ws/install/rslidar_sdk/share/rslidar_sdk/cmake/rslidar_sdkConfig-version.cmake
[44.024s] -- Installing: /home/root1/lzx_ws/project/lidar_camera_ros_ws/install/rslidar_sdk/share/rslidar_sdk/package.xml
[44.027s] Invoked command in '/home/root1/lzx_ws/project/lidar_camera_ros_ws/build/rslidar_sdk' returned '0': CMAKE_PREFIX_PATH=/home/root1/lzx_ws/project/lidar_camera_ros_ws/install/rslidar_msg:/home/root1/lzx_ws/project/lidar_camera_ros_ws/install/vimbax_camera:/home/root1/lzx_ws/project/lidar_camera_ros_ws/install/vmbc_interface:/home/root1/lzx_ws/project/lidar_camera_ros_ws/install/vimbax_camera_examples:/home/root1/lzx_ws/project/lidar_camera_ros_ws/install/vimbax_camera_msgs:/home/root1/lzx_ws/project/lidar_camera_ros_ws/install/vimbax_camera_events:/home/root1/lzx_ws/project/lidar_camera_ros_ws/install/vimbax_camera_color_correction_cpp:/home/root1/lzx_ws/project/lidar_camera_ros_ws/install/rslidar_sdk:/home/root1/ros2_ws/install/robot_interface:/opt/ros/humble:/home/root1/lzx_ws/project/lidar_camera_ros_ws/install/vimbax_camera_color_correction LD_LIBRARY_PATH=/home/root1/lzx_ws/project/lidar_camera_ros_ws/install/rslidar_msg/lib:/home/root1/lzx_ws/project/lidar_camera_ros_ws/install/vimbax_camera/lib:/home/root1/lzx_ws/project/lidar_camera_ros_ws/install/vimbax_camera_examples/lib:/home/root1/lzx_ws/project/lidar_camera_ros_ws/install/vimbax_camera_msgs/lib:/home/root1/lzx_ws/project/lidar_camera_ros_ws/install/vimbax_camera_events/lib:/home/root1/lzx_ws/project/lidar_camera_ros_ws/install/vimbax_camera_color_correction_cpp/lib:/home/root1/.local/lib:/home/root1/ros2_ws/install/robot_interface/lib:/opt/ros/humble/opt/rviz_ogre_vendor/lib:/opt/ros/humble/lib/x86_64-linux-gnu:/opt/ros/humble/lib:/usr/local/cuda-12.2/lib64:/usr/local/cuda-12.2/lib64:/usr/local/cuda-12.2/lib64 /usr/bin/cmake --install /home/root1/lzx_ws/project/lidar_camera_ros_ws/build/rslidar_sdk
