[0.036s] Invoking command in '/home/root1/lzx_ws/project/lidar_camera_ros_ws/build/vimbax_camera_examples': CMAKE_PREFIX_PATH=/home/root1/lzx_ws/project/lidar_camera_ros_ws/install/vimbax_camera_events:/home/root1/lzx_ws/project/lidar_camera_ros_ws/install/vimbax_camera_msgs:/home/root1/lzx_ws/project/lidar_camera_ros_ws/install/vimbax_camera:/home/root1/lzx_ws/project/lidar_camera_ros_ws/install/vmbc_interface:/home/root1/lzx_ws/project/lidar_camera_ros_ws/install/vimbax_camera_examples:/home/root1/lzx_ws/project/lidar_camera_ros_ws/install/vimbax_camera_color_correction_cpp:/home/root1/lzx_ws/project/lidar_camera_ros_ws/install/rslidar_sdk:/home/root1/lzx_ws/project/lidar_camera_ros_ws/install/rslidar_msg:/home/root1/ros2_ws/install/robot_interface:/opt/ros/humble:/home/root1/lzx_ws/project/lidar_camera_ros_ws/install/vimbax_camera_color_correction LD_LIBRARY_PATH=/home/root1/lzx_ws/project/lidar_camera_ros_ws/install/vimbax_camera_events/lib:/home/root1/lzx_ws/project/lidar_camera_ros_ws/install/vimbax_camera_msgs/lib:/home/root1/lzx_ws/project/lidar_camera_ros_ws/install/vimbax_camera/lib:/home/root1/lzx_ws/project/lidar_camera_ros_ws/install/vimbax_camera_examples/lib:/home/root1/lzx_ws/project/lidar_camera_ros_ws/install/vimbax_camera_color_correction_cpp/lib:/home/root1/lzx_ws/project/lidar_camera_ros_ws/install/rslidar_msg/lib:/home/root1/.local/lib:/home/root1/ros2_ws/install/robot_interface/lib:/opt/ros/humble/opt/rviz_ogre_vendor/lib:/opt/ros/humble/lib/x86_64-linux-gnu:/opt/ros/humble/lib:/usr/local/cuda-12.2/lib64:/usr/local/cuda-12.2/lib64:/usr/local/cuda-12.2/lib64 /usr/bin/cmake /home/root1/lzx_ws/project/lidar_camera_ros_ws/src/vimbax_ros2_driver/vimbax_camera_examples -DCMAKE_INSTALL_PREFIX=/home/root1/lzx_ws/project/lidar_camera_ros_ws/install/vimbax_camera_examples
[0.093s] -- The C compiler identification is GNU 11.4.0
[0.163s] -- The CXX compiler identification is GNU 11.4.0
[0.177s] -- Detecting C compiler ABI info
[0.246s] -- Detecting C compiler ABI info - done
[0.258s] -- Check for working C compiler: /usr/bin/cc - skipped
[0.258s] -- Detecting C compile features
[0.258s] -- Detecting C compile features - done
[0.262s] -- Detecting CXX compiler ABI info
[0.342s] -- Detecting CXX compiler ABI info - done
[0.352s] -- Check for working CXX compiler: /usr/bin/c++ - skipped
[0.352s] -- Detecting CXX compile features
[0.352s] -- Detecting CXX compile features - done
[0.356s] -- Found ament_cmake: 1.3.12 (/opt/ros/humble/share/ament_cmake/cmake)
[0.874s] -- Found Python3: /usr/bin/python3 (found version "3.10.12") found components: Interpreter 
[0.990s] -- Found rclcpp: 16.0.16 (/opt/ros/humble/share/rclcpp/cmake)
[1.051s] -- Found rosidl_generator_c: 3.1.7 (/opt/ros/humble/share/rosidl_generator_c/cmake)
[1.059s] -- Found rosidl_adapter: 3.1.7 (/opt/ros/humble/share/rosidl_adapter/cmake)
[1.071s] -- Found rosidl_generator_cpp: 3.1.7 (/opt/ros/humble/share/rosidl_generator_cpp/cmake)
[1.088s] -- Using all available rosidl_typesupport_c: rosidl_typesupport_fastrtps_c;rosidl_typesupport_introspection_c
[1.110s] -- Using all available rosidl_typesupport_cpp: rosidl_typesupport_fastrtps_cpp;rosidl_typesupport_introspection_cpp
[1.171s] -- Found rmw_implementation_cmake: 6.1.2 (/opt/ros/humble/share/rmw_implementation_cmake/cmake)
[1.175s] -- Found rmw_cyclonedds_cpp: 1.3.4 (/opt/ros/humble/share/rmw_cyclonedds_cpp/cmake)
[1.204s] -- Using RMW implementation 'rmw_cyclonedds_cpp' as default
[1.216s] -- Performing Test CMAKE_HAVE_LIBC_PTHREAD
[1.280s] -- Performing Test CMAKE_HAVE_LIBC_PTHREAD - Success
[1.281s] -- Found Threads: TRUE  
[1.345s] -- Found rclcpp_components: 16.0.16 (/opt/ros/humble/share/rclcpp_components/cmake)
[1.399s] -- Found rclpy: 3.3.19 (/opt/ros/humble/share/rclpy/cmake)
[1.402s] -- Found image_transport: 3.1.12 (/opt/ros/humble/share/image_transport/cmake)
[1.478s] -- Found vimbax_camera_msgs: 1.0.2 (/home/root1/lzx_ws/project/lidar_camera_ros_ws/install/vimbax_camera_msgs/share/vimbax_camera_msgs/cmake)
[1.490s] -- Found vimbax_camera_events: 1.0.2 (/home/root1/lzx_ws/project/lidar_camera_ros_ws/install/vimbax_camera_events/share/vimbax_camera_events/cmake)
[1.499s] -- Found ament_lint_auto: 0.12.14 (/opt/ros/humble/share/ament_lint_auto/cmake)
[1.698s] -- Added test 'copyright' to check source files copyright and LICENSE
[1.701s] -- Added test 'cppcheck' to perform static code analysis on C / C++ code
[1.701s] -- Configured cppcheck include dirs: 
[1.701s] -- Configured cppcheck exclude dirs and/or files: 
[1.704s] -- Added test 'cpplint' to check C / C++ code against the Google style
[1.704s] -- Configured cpplint exclude dirs and/or files: 
[1.705s] -- Added test 'flake8' to check Python code syntax and style conventions
[1.706s] -- Added test 'lint_cmake' to check CMake code style
[1.707s] -- Added test 'pep257' to check Python code against some of the docstring style conventions in PEP 257
[1.710s] -- Added test 'uncrustify' to check C / C++ code style
[1.710s] -- Configured uncrustify additional arguments: 
[1.711s] -- Added test 'xmllint' to check XML markup files
[1.713s] -- Configuring done
[1.738s] -- Generating done
[1.749s] -- Build files have been written to: /home/root1/lzx_ws/project/lidar_camera_ros_ws/build/vimbax_camera_examples
[1.759s] Invoked command in '/home/root1/lzx_ws/project/lidar_camera_ros_ws/build/vimbax_camera_examples' returned '0': CMAKE_PREFIX_PATH=/home/root1/lzx_ws/project/lidar_camera_ros_ws/install/vimbax_camera_events:/home/root1/lzx_ws/project/lidar_camera_ros_ws/install/vimbax_camera_msgs:/home/root1/lzx_ws/project/lidar_camera_ros_ws/install/vimbax_camera:/home/root1/lzx_ws/project/lidar_camera_ros_ws/install/vmbc_interface:/home/root1/lzx_ws/project/lidar_camera_ros_ws/install/vimbax_camera_examples:/home/root1/lzx_ws/project/lidar_camera_ros_ws/install/vimbax_camera_color_correction_cpp:/home/root1/lzx_ws/project/lidar_camera_ros_ws/install/rslidar_sdk:/home/root1/lzx_ws/project/lidar_camera_ros_ws/install/rslidar_msg:/home/root1/ros2_ws/install/robot_interface:/opt/ros/humble:/home/root1/lzx_ws/project/lidar_camera_ros_ws/install/vimbax_camera_color_correction LD_LIBRARY_PATH=/home/root1/lzx_ws/project/lidar_camera_ros_ws/install/vimbax_camera_events/lib:/home/root1/lzx_ws/project/lidar_camera_ros_ws/install/vimbax_camera_msgs/lib:/home/root1/lzx_ws/project/lidar_camera_ros_ws/install/vimbax_camera/lib:/home/root1/lzx_ws/project/lidar_camera_ros_ws/install/vimbax_camera_examples/lib:/home/root1/lzx_ws/project/lidar_camera_ros_ws/install/vimbax_camera_color_correction_cpp/lib:/home/root1/lzx_ws/project/lidar_camera_ros_ws/install/rslidar_msg/lib:/home/root1/.local/lib:/home/root1/ros2_ws/install/robot_interface/lib:/opt/ros/humble/opt/rviz_ogre_vendor/lib:/opt/ros/humble/lib/x86_64-linux-gnu:/opt/ros/humble/lib:/usr/local/cuda-12.2/lib64:/usr/local/cuda-12.2/lib64:/usr/local/cuda-12.2/lib64 /usr/bin/cmake /home/root1/lzx_ws/project/lidar_camera_ros_ws/src/vimbax_ros2_driver/vimbax_camera_examples -DCMAKE_INSTALL_PREFIX=/home/root1/lzx_ws/project/lidar_camera_ros_ws/install/vimbax_camera_examples
[1.761s] Invoking command in '/home/root1/lzx_ws/project/lidar_camera_ros_ws/build/vimbax_camera_examples': CMAKE_PREFIX_PATH=/home/root1/lzx_ws/project/lidar_camera_ros_ws/install/vimbax_camera_events:/home/root1/lzx_ws/project/lidar_camera_ros_ws/install/vimbax_camera_msgs:/home/root1/lzx_ws/project/lidar_camera_ros_ws/install/vimbax_camera:/home/root1/lzx_ws/project/lidar_camera_ros_ws/install/vmbc_interface:/home/root1/lzx_ws/project/lidar_camera_ros_ws/install/vimbax_camera_examples:/home/root1/lzx_ws/project/lidar_camera_ros_ws/install/vimbax_camera_color_correction_cpp:/home/root1/lzx_ws/project/lidar_camera_ros_ws/install/rslidar_sdk:/home/root1/lzx_ws/project/lidar_camera_ros_ws/install/rslidar_msg:/home/root1/ros2_ws/install/robot_interface:/opt/ros/humble:/home/root1/lzx_ws/project/lidar_camera_ros_ws/install/vimbax_camera_color_correction LD_LIBRARY_PATH=/home/root1/lzx_ws/project/lidar_camera_ros_ws/install/vimbax_camera_events/lib:/home/root1/lzx_ws/project/lidar_camera_ros_ws/install/vimbax_camera_msgs/lib:/home/root1/lzx_ws/project/lidar_camera_ros_ws/install/vimbax_camera/lib:/home/root1/lzx_ws/project/lidar_camera_ros_ws/install/vimbax_camera_examples/lib:/home/root1/lzx_ws/project/lidar_camera_ros_ws/install/vimbax_camera_color_correction_cpp/lib:/home/root1/lzx_ws/project/lidar_camera_ros_ws/install/rslidar_msg/lib:/home/root1/.local/lib:/home/root1/ros2_ws/install/robot_interface/lib:/opt/ros/humble/opt/rviz_ogre_vendor/lib:/opt/ros/humble/lib/x86_64-linux-gnu:/opt/ros/humble/lib:/usr/local/cuda-12.2/lib64:/usr/local/cuda-12.2/lib64:/usr/local/cuda-12.2/lib64 /usr/bin/cmake --build /home/root1/lzx_ws/project/lidar_camera_ros_ws/build/vimbax_camera_examples -- -j16 -l16
[1.800s] [ 50%] [32mBuilding CXX object CMakeFiles/asynchronous_grab_performance.dir/src/asynchronous_grab_performance.cpp.o[0m
[1.800s] [ 50%] [32mBuilding CXX object CMakeFiles/asynchronous_grab_cpp.dir/src/asynchronous_grab.cpp.o[0m
[1.800s] [ 50%] [32mBuilding CXX object CMakeFiles/event_viewer_cpp.dir/src/event_viewer.cpp.o[0m
[1.804s] [ 50%] Built target ament_cmake_python_copy_vimbax_camera_examples_setup
[1.805s] [ 50%] Built target ament_cmake_python_copy_vimbax_camera_examples
[2.166s] running egg_info
[2.167s] creating vimbax_camera_examples.egg-info
[2.186s] running install_scripts
[2.204s] writing vimbax_camera_examples.egg-info/PKG-INFO
[2.207s] writing dependency_links to vimbax_camera_examples.egg-info/dependency_links.txt
[2.207s] writing entry points to vimbax_camera_examples.egg-info/entry_points.txt
[2.208s] writing top-level names to vimbax_camera_examples.egg-info/top_level.txt
[2.260s] /home/root1/.local/lib/python3.10/site-packages/setuptools/_distutils/cmd.py:66: SetuptoolsDeprecationWarning: setup.py install is deprecated.
[2.261s] !!
[2.261s] 
[2.261s]         ********************************************************************************
[2.261s]         Please avoid running ``setup.py`` directly.
[2.261s]         Instead, use pypa/build, pypa/installer or other
[2.261s]         standards-based tools.
[2.261s] 
[2.262s]         See https://blog.ganssle.io/articles/2021/10/setup-py-deprecated.html for details.
[2.262s]         ********************************************************************************
[2.262s] 
[2.262s] !!
[2.262s]   self.initialize_options()
[2.283s] running egg_info
[2.407s] writing manifest file 'vimbax_camera_examples.egg-info/SOURCES.txt'
[2.416s] writing vimbax_camera_examples.egg-info/PKG-INFO
[2.424s] writing dependency_links to vimbax_camera_examples.egg-info/dependency_links.txt
[2.431s] writing entry points to vimbax_camera_examples.egg-info/entry_points.txt
[2.443s] writing top-level names to vimbax_camera_examples.egg-info/top_level.txt
[2.537s] reading manifest file 'vimbax_camera_examples.egg-info/SOURCES.txt'
[2.537s] writing manifest file 'vimbax_camera_examples.egg-info/SOURCES.txt'
[2.641s] [ 50%] Built target ament_cmake_python_build_vimbax_camera_examples_egg
[3.028s] reading manifest file 'vimbax_camera_examples.egg-info/SOURCES.txt'
[3.035s] writing manifest file 'vimbax_camera_examples.egg-info/SOURCES.txt'
[3.157s] Installing asynchronous_grab script to scripts
[3.157s] Installing asynchronous_grab_opencv script to scripts
[3.158s] Installing camera_connected script to scripts
[3.159s] Installing connection_observer script to scripts
[3.159s] Installing event_viewer script to scripts
[3.160s] Installing feature_command_execute script to scripts
[3.160s] Installing feature_get script to scripts
[3.160s] Installing feature_info_get script to scripts
[3.160s] Installing feature_set script to scripts
[3.160s] Installing list_features script to scripts
[3.160s] Installing settings_load_save script to scripts
[3.160s] Installing status_get script to scripts
[3.251s] [ 50%] Built target ament_cmake_python_build_vimbax_camera_examples_scripts
[17.339s] [ 66%] [32m[1mLinking CXX executable asynchronous_grab_cpp[0m
[17.550s] [ 66%] Built target asynchronous_grab_cpp
[17.553s] [ 83%] [32m[1mLinking CXX shared library libasynchronous_grab_performance.so[0m
[17.701s] [ 83%] Built target asynchronous_grab_performance
[23.961s] [100%] [32m[1mLinking CXX executable event_viewer_cpp[0m
[24.381s] [100%] Built target event_viewer_cpp
[24.387s] Invoked command in '/home/root1/lzx_ws/project/lidar_camera_ros_ws/build/vimbax_camera_examples' returned '0': CMAKE_PREFIX_PATH=/home/root1/lzx_ws/project/lidar_camera_ros_ws/install/vimbax_camera_events:/home/root1/lzx_ws/project/lidar_camera_ros_ws/install/vimbax_camera_msgs:/home/root1/lzx_ws/project/lidar_camera_ros_ws/install/vimbax_camera:/home/root1/lzx_ws/project/lidar_camera_ros_ws/install/vmbc_interface:/home/root1/lzx_ws/project/lidar_camera_ros_ws/install/vimbax_camera_examples:/home/root1/lzx_ws/project/lidar_camera_ros_ws/install/vimbax_camera_color_correction_cpp:/home/root1/lzx_ws/project/lidar_camera_ros_ws/install/rslidar_sdk:/home/root1/lzx_ws/project/lidar_camera_ros_ws/install/rslidar_msg:/home/root1/ros2_ws/install/robot_interface:/opt/ros/humble:/home/root1/lzx_ws/project/lidar_camera_ros_ws/install/vimbax_camera_color_correction LD_LIBRARY_PATH=/home/root1/lzx_ws/project/lidar_camera_ros_ws/install/vimbax_camera_events/lib:/home/root1/lzx_ws/project/lidar_camera_ros_ws/install/vimbax_camera_msgs/lib:/home/root1/lzx_ws/project/lidar_camera_ros_ws/install/vimbax_camera/lib:/home/root1/lzx_ws/project/lidar_camera_ros_ws/install/vimbax_camera_examples/lib:/home/root1/lzx_ws/project/lidar_camera_ros_ws/install/vimbax_camera_color_correction_cpp/lib:/home/root1/lzx_ws/project/lidar_camera_ros_ws/install/rslidar_msg/lib:/home/root1/.local/lib:/home/root1/ros2_ws/install/robot_interface/lib:/opt/ros/humble/opt/rviz_ogre_vendor/lib:/opt/ros/humble/lib/x86_64-linux-gnu:/opt/ros/humble/lib:/usr/local/cuda-12.2/lib64:/usr/local/cuda-12.2/lib64:/usr/local/cuda-12.2/lib64 /usr/bin/cmake --build /home/root1/lzx_ws/project/lidar_camera_ros_ws/build/vimbax_camera_examples -- -j16 -l16
[24.390s] Invoking command in '/home/root1/lzx_ws/project/lidar_camera_ros_ws/build/vimbax_camera_examples': CMAKE_PREFIX_PATH=/home/root1/lzx_ws/project/lidar_camera_ros_ws/install/vimbax_camera_events:/home/root1/lzx_ws/project/lidar_camera_ros_ws/install/vimbax_camera_msgs:/home/root1/lzx_ws/project/lidar_camera_ros_ws/install/vimbax_camera:/home/root1/lzx_ws/project/lidar_camera_ros_ws/install/vmbc_interface:/home/root1/lzx_ws/project/lidar_camera_ros_ws/install/vimbax_camera_examples:/home/root1/lzx_ws/project/lidar_camera_ros_ws/install/vimbax_camera_color_correction_cpp:/home/root1/lzx_ws/project/lidar_camera_ros_ws/install/rslidar_sdk:/home/root1/lzx_ws/project/lidar_camera_ros_ws/install/rslidar_msg:/home/root1/ros2_ws/install/robot_interface:/opt/ros/humble:/home/root1/lzx_ws/project/lidar_camera_ros_ws/install/vimbax_camera_color_correction LD_LIBRARY_PATH=/home/root1/lzx_ws/project/lidar_camera_ros_ws/install/vimbax_camera_events/lib:/home/root1/lzx_ws/project/lidar_camera_ros_ws/install/vimbax_camera_msgs/lib:/home/root1/lzx_ws/project/lidar_camera_ros_ws/install/vimbax_camera/lib:/home/root1/lzx_ws/project/lidar_camera_ros_ws/install/vimbax_camera_examples/lib:/home/root1/lzx_ws/project/lidar_camera_ros_ws/install/vimbax_camera_color_correction_cpp/lib:/home/root1/lzx_ws/project/lidar_camera_ros_ws/install/rslidar_msg/lib:/home/root1/.local/lib:/home/root1/ros2_ws/install/robot_interface/lib:/opt/ros/humble/opt/rviz_ogre_vendor/lib:/opt/ros/humble/lib/x86_64-linux-gnu:/opt/ros/humble/lib:/usr/local/cuda-12.2/lib64:/usr/local/cuda-12.2/lib64:/usr/local/cuda-12.2/lib64 /usr/bin/cmake --install /home/root1/lzx_ws/project/lidar_camera_ros_ws/build/vimbax_camera_examples
[24.393s] -- Install configuration: ""
[24.393s] -- Installing: /home/root1/lzx_ws/project/lidar_camera_ros_ws/install/vimbax_camera_examples/lib/libasynchronous_grab_performance.so
[24.394s] -- Set runtime path of "/home/root1/lzx_ws/project/lidar_camera_ros_ws/install/vimbax_camera_examples/lib/libasynchronous_grab_performance.so" to ""
[24.394s] -- Installing: /home/root1/lzx_ws/project/lidar_camera_ros_ws/install/vimbax_camera_examples/lib/vimbax_camera_examples/asynchronous_grab_cpp
[24.394s] -- Set runtime path of "/home/root1/lzx_ws/project/lidar_camera_ros_ws/install/vimbax_camera_examples/lib/vimbax_camera_examples/asynchronous_grab_cpp" to ""
[24.394s] -- Installing: /home/root1/lzx_ws/project/lidar_camera_ros_ws/install/vimbax_camera_examples/lib/vimbax_camera_examples/event_viewer_cpp
[24.401s] -- Set runtime path of "/home/root1/lzx_ws/project/lidar_camera_ros_ws/install/vimbax_camera_examples/lib/vimbax_camera_examples/event_viewer_cpp" to ""
[24.401s] -- Installing: /home/root1/lzx_ws/project/lidar_camera_ros_ws/install/vimbax_camera_examples/share/vimbax_camera_examples//launch
[24.401s] -- Installing: /home/root1/lzx_ws/project/lidar_camera_ros_ws/install/vimbax_camera_examples/share/vimbax_camera_examples//launch/vimbax_calibration_launch.py
[24.401s] -- Installing: /home/root1/lzx_ws/project/lidar_camera_ros_ws/install/vimbax_camera_examples/share/vimbax_camera_examples//launch/asynchronous_grab_performance_launch.py
[24.401s] -- Installing: /home/root1/lzx_ws/project/lidar_camera_ros_ws/install/vimbax_camera_examples/share/vimbax_camera_examples/environment/pythonpath.sh
[24.401s] -- Installing: /home/root1/lzx_ws/project/lidar_camera_ros_ws/install/vimbax_camera_examples/share/vimbax_camera_examples/environment/pythonpath.dsv
[24.401s] -- Installing: /home/root1/lzx_ws/project/lidar_camera_ros_ws/install/vimbax_camera_examples/local/lib/python3.10/dist-packages/vimbax_camera_examples-1.0.2-py3.10.egg-info
[24.401s] -- Installing: /home/root1/lzx_ws/project/lidar_camera_ros_ws/install/vimbax_camera_examples/local/lib/python3.10/dist-packages/vimbax_camera_examples-1.0.2-py3.10.egg-info/entry_points.txt
[24.401s] -- Installing: /home/root1/lzx_ws/project/lidar_camera_ros_ws/install/vimbax_camera_examples/local/lib/python3.10/dist-packages/vimbax_camera_examples-1.0.2-py3.10.egg-info/dependency_links.txt
[24.402s] -- Installing: /home/root1/lzx_ws/project/lidar_camera_ros_ws/install/vimbax_camera_examples/local/lib/python3.10/dist-packages/vimbax_camera_examples-1.0.2-py3.10.egg-info/PKG-INFO
[24.402s] -- Installing: /home/root1/lzx_ws/project/lidar_camera_ros_ws/install/vimbax_camera_examples/local/lib/python3.10/dist-packages/vimbax_camera_examples-1.0.2-py3.10.egg-info/top_level.txt
[24.402s] -- Installing: /home/root1/lzx_ws/project/lidar_camera_ros_ws/install/vimbax_camera_examples/local/lib/python3.10/dist-packages/vimbax_camera_examples-1.0.2-py3.10.egg-info/SOURCES.txt
[24.402s] -- Up-to-date: /home/root1/lzx_ws/project/lidar_camera_ros_ws/install/vimbax_camera_examples/lib/vimbax_camera_examples/
[24.402s] -- Installing: /home/root1/lzx_ws/project/lidar_camera_ros_ws/install/vimbax_camera_examples/lib/vimbax_camera_examples//list_features
[24.402s] -- Installing: /home/root1/lzx_ws/project/lidar_camera_ros_ws/install/vimbax_camera_examples/lib/vimbax_camera_examples//status_get
[24.402s] -- Installing: /home/root1/lzx_ws/project/lidar_camera_ros_ws/install/vimbax_camera_examples/lib/vimbax_camera_examples//feature_info_get
[24.402s] -- Installing: /home/root1/lzx_ws/project/lidar_camera_ros_ws/install/vimbax_camera_examples/lib/vimbax_camera_examples//event_viewer
[24.402s] -- Installing: /home/root1/lzx_ws/project/lidar_camera_ros_ws/install/vimbax_camera_examples/lib/vimbax_camera_examples//feature_set
[24.402s] -- Installing: /home/root1/lzx_ws/project/lidar_camera_ros_ws/install/vimbax_camera_examples/lib/vimbax_camera_examples//feature_get
[24.403s] -- Installing: /home/root1/lzx_ws/project/lidar_camera_ros_ws/install/vimbax_camera_examples/lib/vimbax_camera_examples//feature_command_execute
[24.403s] -- Installing: /home/root1/lzx_ws/project/lidar_camera_ros_ws/install/vimbax_camera_examples/lib/vimbax_camera_examples//camera_connected
[24.403s] -- Installing: /home/root1/lzx_ws/project/lidar_camera_ros_ws/install/vimbax_camera_examples/lib/vimbax_camera_examples//settings_load_save
[24.403s] -- Installing: /home/root1/lzx_ws/project/lidar_camera_ros_ws/install/vimbax_camera_examples/lib/vimbax_camera_examples//asynchronous_grab_opencv
[24.403s] -- Installing: /home/root1/lzx_ws/project/lidar_camera_ros_ws/install/vimbax_camera_examples/lib/vimbax_camera_examples//asynchronous_grab
[24.403s] -- Installing: /home/root1/lzx_ws/project/lidar_camera_ros_ws/install/vimbax_camera_examples/lib/vimbax_camera_examples//connection_observer
[24.403s] -- Installing: /home/root1/lzx_ws/project/lidar_camera_ros_ws/install/vimbax_camera_examples/local/lib/python3.10/dist-packages/vimbax_camera_examples
[24.403s] -- Installing: /home/root1/lzx_ws/project/lidar_camera_ros_ws/install/vimbax_camera_examples/local/lib/python3.10/dist-packages/vimbax_camera_examples/asynchronous_grab.py
[24.403s] -- Installing: /home/root1/lzx_ws/project/lidar_camera_ros_ws/install/vimbax_camera_examples/local/lib/python3.10/dist-packages/vimbax_camera_examples/feature_command_execute.py
[24.404s] -- Installing: /home/root1/lzx_ws/project/lidar_camera_ros_ws/install/vimbax_camera_examples/local/lib/python3.10/dist-packages/vimbax_camera_examples/camera_connected.py
[24.404s] -- Installing: /home/root1/lzx_ws/project/lidar_camera_ros_ws/install/vimbax_camera_examples/local/lib/python3.10/dist-packages/vimbax_camera_examples/list_features.py
[24.404s] -- Installing: /home/root1/lzx_ws/project/lidar_camera_ros_ws/install/vimbax_camera_examples/local/lib/python3.10/dist-packages/vimbax_camera_examples/feature_set.py
[24.404s] -- Installing: /home/root1/lzx_ws/project/lidar_camera_ros_ws/install/vimbax_camera_examples/local/lib/python3.10/dist-packages/vimbax_camera_examples/settings_load_save.py
[24.404s] -- Installing: /home/root1/lzx_ws/project/lidar_camera_ros_ws/install/vimbax_camera_examples/local/lib/python3.10/dist-packages/vimbax_camera_examples/status_get.py
[24.404s] -- Installing: /home/root1/lzx_ws/project/lidar_camera_ros_ws/install/vimbax_camera_examples/local/lib/python3.10/dist-packages/vimbax_camera_examples/__init__.py
[24.404s] -- Installing: /home/root1/lzx_ws/project/lidar_camera_ros_ws/install/vimbax_camera_examples/local/lib/python3.10/dist-packages/vimbax_camera_examples/asynchronous_grab_opencv.py
[24.404s] -- Installing: /home/root1/lzx_ws/project/lidar_camera_ros_ws/install/vimbax_camera_examples/local/lib/python3.10/dist-packages/vimbax_camera_examples/event_viewer.py
[24.404s] -- Installing: /home/root1/lzx_ws/project/lidar_camera_ros_ws/install/vimbax_camera_examples/local/lib/python3.10/dist-packages/vimbax_camera_examples/helper.py
[24.404s] -- Installing: /home/root1/lzx_ws/project/lidar_camera_ros_ws/install/vimbax_camera_examples/local/lib/python3.10/dist-packages/vimbax_camera_examples/feature_get.py
[24.404s] -- Installing: /home/root1/lzx_ws/project/lidar_camera_ros_ws/install/vimbax_camera_examples/local/lib/python3.10/dist-packages/vimbax_camera_examples/feature_info_get.py
[24.405s] -- Installing: /home/root1/lzx_ws/project/lidar_camera_ros_ws/install/vimbax_camera_examples/local/lib/python3.10/dist-packages/vimbax_camera_examples/connection_observer.py
[24.446s] Listing '/home/root1/lzx_ws/project/lidar_camera_ros_ws/install/vimbax_camera_examples/local/lib/python3.10/dist-packages/vimbax_camera_examples'...
[24.446s] Compiling '/home/root1/lzx_ws/project/lidar_camera_ros_ws/install/vimbax_camera_examples/local/lib/python3.10/dist-packages/vimbax_camera_examples/__init__.py'...
[24.446s] Compiling '/home/root1/lzx_ws/project/lidar_camera_ros_ws/install/vimbax_camera_examples/local/lib/python3.10/dist-packages/vimbax_camera_examples/asynchronous_grab.py'...
[24.446s] Compiling '/home/root1/lzx_ws/project/lidar_camera_ros_ws/install/vimbax_camera_examples/local/lib/python3.10/dist-packages/vimbax_camera_examples/asynchronous_grab_opencv.py'...
[24.446s] Compiling '/home/root1/lzx_ws/project/lidar_camera_ros_ws/install/vimbax_camera_examples/local/lib/python3.10/dist-packages/vimbax_camera_examples/camera_connected.py'...
[24.446s] Compiling '/home/root1/lzx_ws/project/lidar_camera_ros_ws/install/vimbax_camera_examples/local/lib/python3.10/dist-packages/vimbax_camera_examples/connection_observer.py'...
[24.446s] Compiling '/home/root1/lzx_ws/project/lidar_camera_ros_ws/install/vimbax_camera_examples/local/lib/python3.10/dist-packages/vimbax_camera_examples/event_viewer.py'...
[24.446s] Compiling '/home/root1/lzx_ws/project/lidar_camera_ros_ws/install/vimbax_camera_examples/local/lib/python3.10/dist-packages/vimbax_camera_examples/feature_command_execute.py'...
[24.447s] Compiling '/home/root1/lzx_ws/project/lidar_camera_ros_ws/install/vimbax_camera_examples/local/lib/python3.10/dist-packages/vimbax_camera_examples/feature_get.py'...
[24.447s] Compiling '/home/root1/lzx_ws/project/lidar_camera_ros_ws/install/vimbax_camera_examples/local/lib/python3.10/dist-packages/vimbax_camera_examples/feature_info_get.py'...
[24.447s] Compiling '/home/root1/lzx_ws/project/lidar_camera_ros_ws/install/vimbax_camera_examples/local/lib/python3.10/dist-packages/vimbax_camera_examples/feature_set.py'...
[24.447s] Compiling '/home/root1/lzx_ws/project/lidar_camera_ros_ws/install/vimbax_camera_examples/local/lib/python3.10/dist-packages/vimbax_camera_examples/helper.py'...
[24.447s] Compiling '/home/root1/lzx_ws/project/lidar_camera_ros_ws/install/vimbax_camera_examples/local/lib/python3.10/dist-packages/vimbax_camera_examples/list_features.py'...
[24.447s] Compiling '/home/root1/lzx_ws/project/lidar_camera_ros_ws/install/vimbax_camera_examples/local/lib/python3.10/dist-packages/vimbax_camera_examples/settings_load_save.py'...
[24.447s] Compiling '/home/root1/lzx_ws/project/lidar_camera_ros_ws/install/vimbax_camera_examples/local/lib/python3.10/dist-packages/vimbax_camera_examples/status_get.py'...
[24.451s] -- Installing: /home/root1/lzx_ws/project/lidar_camera_ros_ws/install/vimbax_camera_examples/share/vimbax_camera_examples/environment/library_path.sh
[24.452s] -- Installing: /home/root1/lzx_ws/project/lidar_camera_ros_ws/install/vimbax_camera_examples/share/vimbax_camera_examples/environment/library_path.dsv
[24.452s] -- Installing: /home/root1/lzx_ws/project/lidar_camera_ros_ws/install/vimbax_camera_examples/share/ament_index/resource_index/package_run_dependencies/vimbax_camera_examples
[24.452s] -- Installing: /home/root1/lzx_ws/project/lidar_camera_ros_ws/install/vimbax_camera_examples/share/ament_index/resource_index/parent_prefix_path/vimbax_camera_examples
[24.452s] -- Installing: /home/root1/lzx_ws/project/lidar_camera_ros_ws/install/vimbax_camera_examples/share/vimbax_camera_examples/environment/ament_prefix_path.sh
[24.452s] -- Installing: /home/root1/lzx_ws/project/lidar_camera_ros_ws/install/vimbax_camera_examples/share/vimbax_camera_examples/environment/ament_prefix_path.dsv
[24.452s] -- Installing: /home/root1/lzx_ws/project/lidar_camera_ros_ws/install/vimbax_camera_examples/share/vimbax_camera_examples/environment/path.sh
[24.452s] -- Installing: /home/root1/lzx_ws/project/lidar_camera_ros_ws/install/vimbax_camera_examples/share/vimbax_camera_examples/environment/path.dsv
[24.453s] -- Installing: /home/root1/lzx_ws/project/lidar_camera_ros_ws/install/vimbax_camera_examples/share/vimbax_camera_examples/local_setup.bash
[24.453s] -- Installing: /home/root1/lzx_ws/project/lidar_camera_ros_ws/install/vimbax_camera_examples/share/vimbax_camera_examples/local_setup.sh
[24.453s] -- Installing: /home/root1/lzx_ws/project/lidar_camera_ros_ws/install/vimbax_camera_examples/share/vimbax_camera_examples/local_setup.zsh
[24.453s] -- Installing: /home/root1/lzx_ws/project/lidar_camera_ros_ws/install/vimbax_camera_examples/share/vimbax_camera_examples/local_setup.dsv
[24.453s] -- Installing: /home/root1/lzx_ws/project/lidar_camera_ros_ws/install/vimbax_camera_examples/share/vimbax_camera_examples/package.dsv
[24.453s] -- Installing: /home/root1/lzx_ws/project/lidar_camera_ros_ws/install/vimbax_camera_examples/share/ament_index/resource_index/packages/vimbax_camera_examples
[24.453s] -- Installing: /home/root1/lzx_ws/project/lidar_camera_ros_ws/install/vimbax_camera_examples/share/ament_index/resource_index/rclcpp_components/vimbax_camera_examples
[24.454s] -- Installing: /home/root1/lzx_ws/project/lidar_camera_ros_ws/install/vimbax_camera_examples/share/vimbax_camera_examples/cmake/ament_cmake_export_libraries-extras.cmake
[24.454s] -- Installing: /home/root1/lzx_ws/project/lidar_camera_ros_ws/install/vimbax_camera_examples/share/vimbax_camera_examples/cmake/vimbax_camera_examplesConfig.cmake
[24.454s] -- Installing: /home/root1/lzx_ws/project/lidar_camera_ros_ws/install/vimbax_camera_examples/share/vimbax_camera_examples/cmake/vimbax_camera_examplesConfig-version.cmake
[24.454s] -- Installing: /home/root1/lzx_ws/project/lidar_camera_ros_ws/install/vimbax_camera_examples/share/vimbax_camera_examples/package.xml
[24.456s] Invoked command in '/home/root1/lzx_ws/project/lidar_camera_ros_ws/build/vimbax_camera_examples' returned '0': CMAKE_PREFIX_PATH=/home/root1/lzx_ws/project/lidar_camera_ros_ws/install/vimbax_camera_events:/home/root1/lzx_ws/project/lidar_camera_ros_ws/install/vimbax_camera_msgs:/home/root1/lzx_ws/project/lidar_camera_ros_ws/install/vimbax_camera:/home/root1/lzx_ws/project/lidar_camera_ros_ws/install/vmbc_interface:/home/root1/lzx_ws/project/lidar_camera_ros_ws/install/vimbax_camera_examples:/home/root1/lzx_ws/project/lidar_camera_ros_ws/install/vimbax_camera_color_correction_cpp:/home/root1/lzx_ws/project/lidar_camera_ros_ws/install/rslidar_sdk:/home/root1/lzx_ws/project/lidar_camera_ros_ws/install/rslidar_msg:/home/root1/ros2_ws/install/robot_interface:/opt/ros/humble:/home/root1/lzx_ws/project/lidar_camera_ros_ws/install/vimbax_camera_color_correction LD_LIBRARY_PATH=/home/root1/lzx_ws/project/lidar_camera_ros_ws/install/vimbax_camera_events/lib:/home/root1/lzx_ws/project/lidar_camera_ros_ws/install/vimbax_camera_msgs/lib:/home/root1/lzx_ws/project/lidar_camera_ros_ws/install/vimbax_camera/lib:/home/root1/lzx_ws/project/lidar_camera_ros_ws/install/vimbax_camera_examples/lib:/home/root1/lzx_ws/project/lidar_camera_ros_ws/install/vimbax_camera_color_correction_cpp/lib:/home/root1/lzx_ws/project/lidar_camera_ros_ws/install/rslidar_msg/lib:/home/root1/.local/lib:/home/root1/ros2_ws/install/robot_interface/lib:/opt/ros/humble/opt/rviz_ogre_vendor/lib:/opt/ros/humble/lib/x86_64-linux-gnu:/opt/ros/humble/lib:/usr/local/cuda-12.2/lib64:/usr/local/cuda-12.2/lib64:/usr/local/cuda-12.2/lib64 /usr/bin/cmake --install /home/root1/lzx_ws/project/lidar_camera_ros_ws/build/vimbax_camera_examples
