[0.013s] Invoking command in '/home/root1/lzx_ws/project/lidar_camera_ros_ws/build/vimbax_camera_events': CMAKE_PREFIX_PATH=/home/root1/lzx_ws/project/lidar_camera_ros_ws/install/vimbax_camera_msgs:/home/root1/lzx_ws/project/lidar_camera_ros_ws/install/vimbax_camera:/home/root1/lzx_ws/project/lidar_camera_ros_ws/install/vmbc_interface:/home/root1/lzx_ws/project/lidar_camera_ros_ws/install/vimbax_camera_examples:/home/root1/lzx_ws/project/lidar_camera_ros_ws/install/vimbax_camera_events:/home/root1/lzx_ws/project/lidar_camera_ros_ws/install/vimbax_camera_color_correction_cpp:/home/root1/lzx_ws/project/lidar_camera_ros_ws/install/rslidar_sdk:/home/root1/lzx_ws/project/lidar_camera_ros_ws/install/rslidar_msg:/home/root1/ros2_ws/install/robot_interface:/opt/ros/humble:/home/root1/lzx_ws/project/lidar_camera_ros_ws/install/vimbax_camera_color_correction LD_LIBRARY_PATH=/home/root1/lzx_ws/project/lidar_camera_ros_ws/install/vimbax_camera_msgs/lib:/home/root1/lzx_ws/project/lidar_camera_ros_ws/install/vimbax_camera/lib:/home/root1/lzx_ws/project/lidar_camera_ros_ws/install/vimbax_camera_examples/lib:/home/root1/lzx_ws/project/lidar_camera_ros_ws/install/vimbax_camera_events/lib:/home/root1/lzx_ws/project/lidar_camera_ros_ws/install/vimbax_camera_color_correction_cpp/lib:/home/root1/lzx_ws/project/lidar_camera_ros_ws/install/rslidar_msg/lib:/home/root1/.local/lib:/home/root1/ros2_ws/install/robot_interface/lib:/opt/ros/humble/opt/rviz_ogre_vendor/lib:/opt/ros/humble/lib/x86_64-linux-gnu:/opt/ros/humble/lib:/usr/local/cuda-12.2/lib64:/usr/local/cuda-12.2/lib64:/usr/local/cuda-12.2/lib64 /usr/bin/cmake /home/root1/lzx_ws/project/lidar_camera_ros_ws/src/vimbax_ros2_driver/vimbax_camera_events -DCMAKE_INSTALL_PREFIX=/home/root1/lzx_ws/project/lidar_camera_ros_ws/install/vimbax_camera_events
[0.066s] -- The C compiler identification is GNU 11.4.0
[0.127s] -- The CXX compiler identification is GNU 11.4.0
[0.141s] -- Detecting C compiler ABI info
[0.203s] -- Detecting C compiler ABI info - done
[0.211s] -- Check for working C compiler: /usr/bin/cc - skipped
[0.211s] -- Detecting C compile features
[0.212s] -- Detecting C compile features - done
[0.215s] -- Detecting CXX compiler ABI info
[0.289s] -- Detecting CXX compiler ABI info - done
[0.299s] -- Check for working CXX compiler: /usr/bin/c++ - skipped
[0.300s] -- Detecting CXX compile features
[0.300s] -- Detecting CXX compile features - done
[0.303s] -- Found ament_cmake: 1.3.12 (/opt/ros/humble/share/ament_cmake/cmake)
[0.735s] -- Found Python3: /usr/bin/python3 (found version "3.10.12") found components: Interpreter 
[0.845s] -- Found ament_cmake_ros: 0.10.0 (/opt/ros/humble/share/ament_cmake_ros/cmake)
[0.855s] -- Found rclcpp: 16.0.16 (/opt/ros/humble/share/rclcpp/cmake)
[0.912s] -- Found rosidl_generator_c: 3.1.7 (/opt/ros/humble/share/rosidl_generator_c/cmake)
[0.918s] -- Found rosidl_adapter: 3.1.7 (/opt/ros/humble/share/rosidl_adapter/cmake)
[0.929s] -- Found rosidl_generator_cpp: 3.1.7 (/opt/ros/humble/share/rosidl_generator_cpp/cmake)
[0.945s] -- Using all available rosidl_typesupport_c: rosidl_typesupport_fastrtps_c;rosidl_typesupport_introspection_c
[0.966s] -- Using all available rosidl_typesupport_cpp: rosidl_typesupport_fastrtps_cpp;rosidl_typesupport_introspection_cpp
[1.026s] -- Found rmw_implementation_cmake: 6.1.2 (/opt/ros/humble/share/rmw_implementation_cmake/cmake)
[1.030s] -- Found rmw_cyclonedds_cpp: 1.3.4 (/opt/ros/humble/share/rmw_cyclonedds_cpp/cmake)
[1.061s] -- Using RMW implementation 'rmw_cyclonedds_cpp' as default
[1.075s] -- Performing Test CMAKE_HAVE_LIBC_PTHREAD
[1.143s] -- Performing Test CMAKE_HAVE_LIBC_PTHREAD - Success
[1.144s] -- Found Threads: TRUE  
[1.209s] -- Found vimbax_camera_msgs: 1.0.2 (/home/root1/lzx_ws/project/lidar_camera_ros_ws/install/vimbax_camera_msgs/share/vimbax_camera_msgs/cmake)
[1.224s] -- Found ament_lint_auto: 0.12.14 (/opt/ros/humble/share/ament_lint_auto/cmake)
[1.381s] -- Added test 'copyright' to check source files copyright and LICENSE
[1.383s] -- Added test 'cppcheck' to perform static code analysis on C / C++ code
[1.383s] -- Configured cppcheck include dirs: $<BUILD_INTERFACE:/home/root1/lzx_ws/project/lidar_camera_ros_ws/src/vimbax_ros2_driver/vimbax_camera_events/include>
[1.383s] -- Configured cppcheck exclude dirs and/or files: 
[1.385s] -- Added test 'cpplint' to check C / C++ code against the Google style
[1.385s] -- Configured cpplint exclude dirs and/or files: 
[1.386s] -- Added test 'flake8' to check Python code syntax and style conventions
[1.387s] -- Added test 'lint_cmake' to check CMake code style
[1.388s] -- Added test 'pep257' to check Python code against some of the docstring style conventions in PEP 257
[1.390s] -- Added test 'uncrustify' to check C / C++ code style
[1.390s] -- Configured uncrustify additional arguments: 
[1.391s] -- Added test 'xmllint' to check XML markup files
[1.395s] -- Configuring done
[1.410s] -- Generating done
[1.416s] -- Build files have been written to: /home/root1/lzx_ws/project/lidar_camera_ros_ws/build/vimbax_camera_events
[1.426s] Invoked command in '/home/root1/lzx_ws/project/lidar_camera_ros_ws/build/vimbax_camera_events' returned '0': CMAKE_PREFIX_PATH=/home/root1/lzx_ws/project/lidar_camera_ros_ws/install/vimbax_camera_msgs:/home/root1/lzx_ws/project/lidar_camera_ros_ws/install/vimbax_camera:/home/root1/lzx_ws/project/lidar_camera_ros_ws/install/vmbc_interface:/home/root1/lzx_ws/project/lidar_camera_ros_ws/install/vimbax_camera_examples:/home/root1/lzx_ws/project/lidar_camera_ros_ws/install/vimbax_camera_events:/home/root1/lzx_ws/project/lidar_camera_ros_ws/install/vimbax_camera_color_correction_cpp:/home/root1/lzx_ws/project/lidar_camera_ros_ws/install/rslidar_sdk:/home/root1/lzx_ws/project/lidar_camera_ros_ws/install/rslidar_msg:/home/root1/ros2_ws/install/robot_interface:/opt/ros/humble:/home/root1/lzx_ws/project/lidar_camera_ros_ws/install/vimbax_camera_color_correction LD_LIBRARY_PATH=/home/root1/lzx_ws/project/lidar_camera_ros_ws/install/vimbax_camera_msgs/lib:/home/root1/lzx_ws/project/lidar_camera_ros_ws/install/vimbax_camera/lib:/home/root1/lzx_ws/project/lidar_camera_ros_ws/install/vimbax_camera_examples/lib:/home/root1/lzx_ws/project/lidar_camera_ros_ws/install/vimbax_camera_events/lib:/home/root1/lzx_ws/project/lidar_camera_ros_ws/install/vimbax_camera_color_correction_cpp/lib:/home/root1/lzx_ws/project/lidar_camera_ros_ws/install/rslidar_msg/lib:/home/root1/.local/lib:/home/root1/ros2_ws/install/robot_interface/lib:/opt/ros/humble/opt/rviz_ogre_vendor/lib:/opt/ros/humble/lib/x86_64-linux-gnu:/opt/ros/humble/lib:/usr/local/cuda-12.2/lib64:/usr/local/cuda-12.2/lib64:/usr/local/cuda-12.2/lib64 /usr/bin/cmake /home/root1/lzx_ws/project/lidar_camera_ros_ws/src/vimbax_ros2_driver/vimbax_camera_events -DCMAKE_INSTALL_PREFIX=/home/root1/lzx_ws/project/lidar_camera_ros_ws/install/vimbax_camera_events
[1.428s] Invoking command in '/home/root1/lzx_ws/project/lidar_camera_ros_ws/build/vimbax_camera_events': CMAKE_PREFIX_PATH=/home/root1/lzx_ws/project/lidar_camera_ros_ws/install/vimbax_camera_msgs:/home/root1/lzx_ws/project/lidar_camera_ros_ws/install/vimbax_camera:/home/root1/lzx_ws/project/lidar_camera_ros_ws/install/vmbc_interface:/home/root1/lzx_ws/project/lidar_camera_ros_ws/install/vimbax_camera_examples:/home/root1/lzx_ws/project/lidar_camera_ros_ws/install/vimbax_camera_events:/home/root1/lzx_ws/project/lidar_camera_ros_ws/install/vimbax_camera_color_correction_cpp:/home/root1/lzx_ws/project/lidar_camera_ros_ws/install/rslidar_sdk:/home/root1/lzx_ws/project/lidar_camera_ros_ws/install/rslidar_msg:/home/root1/ros2_ws/install/robot_interface:/opt/ros/humble:/home/root1/lzx_ws/project/lidar_camera_ros_ws/install/vimbax_camera_color_correction LD_LIBRARY_PATH=/home/root1/lzx_ws/project/lidar_camera_ros_ws/install/vimbax_camera_msgs/lib:/home/root1/lzx_ws/project/lidar_camera_ros_ws/install/vimbax_camera/lib:/home/root1/lzx_ws/project/lidar_camera_ros_ws/install/vimbax_camera_examples/lib:/home/root1/lzx_ws/project/lidar_camera_ros_ws/install/vimbax_camera_events/lib:/home/root1/lzx_ws/project/lidar_camera_ros_ws/install/vimbax_camera_color_correction_cpp/lib:/home/root1/lzx_ws/project/lidar_camera_ros_ws/install/rslidar_msg/lib:/home/root1/.local/lib:/home/root1/ros2_ws/install/robot_interface/lib:/opt/ros/humble/opt/rviz_ogre_vendor/lib:/opt/ros/humble/lib/x86_64-linux-gnu:/opt/ros/humble/lib:/usr/local/cuda-12.2/lib64:/usr/local/cuda-12.2/lib64:/usr/local/cuda-12.2/lib64 /usr/bin/cmake --build /home/root1/lzx_ws/project/lidar_camera_ros_ws/build/vimbax_camera_events -- -j16 -l16
[1.452s] [ 25%] [32mBuilding CXX object CMakeFiles/vimbax_camera_events.dir/src/vimbax_camera_events.cpp.o[0m
[1.452s] [ 50%] [32mBuilding CXX object CMakeFiles/vimbax_camera_events.dir/src/event_publisher_base.cpp.o[0m
[1.453s] [ 75%] [32mBuilding CXX object CMakeFiles/vimbax_camera_events.dir/src/event_subscriber_base.cpp.o[0m
[1.455s] [ 75%] Built target ament_cmake_python_copy_vimbax_camera_events
[1.767s] running egg_info
[1.769s] creating vimbax_camera_events.egg-info
[1.793s] writing vimbax_camera_events.egg-info/PKG-INFO
[1.793s] writing dependency_links to vimbax_camera_events.egg-info/dependency_links.txt
[1.793s] writing top-level names to vimbax_camera_events.egg-info/top_level.txt
[1.940s] writing manifest file 'vimbax_camera_events.egg-info/SOURCES.txt'
[2.013s] reading manifest file 'vimbax_camera_events.egg-info/SOURCES.txt'
[2.014s] writing manifest file 'vimbax_camera_events.egg-info/SOURCES.txt'
[2.064s] [ 75%] Built target ament_cmake_python_build_vimbax_camera_events_egg
[8.734s] [100%] [32m[1mLinking CXX shared library libvimbax_camera_events.so[0m
[8.957s] [100%] Built target vimbax_camera_events
[8.962s] Invoked command in '/home/root1/lzx_ws/project/lidar_camera_ros_ws/build/vimbax_camera_events' returned '0': CMAKE_PREFIX_PATH=/home/root1/lzx_ws/project/lidar_camera_ros_ws/install/vimbax_camera_msgs:/home/root1/lzx_ws/project/lidar_camera_ros_ws/install/vimbax_camera:/home/root1/lzx_ws/project/lidar_camera_ros_ws/install/vmbc_interface:/home/root1/lzx_ws/project/lidar_camera_ros_ws/install/vimbax_camera_examples:/home/root1/lzx_ws/project/lidar_camera_ros_ws/install/vimbax_camera_events:/home/root1/lzx_ws/project/lidar_camera_ros_ws/install/vimbax_camera_color_correction_cpp:/home/root1/lzx_ws/project/lidar_camera_ros_ws/install/rslidar_sdk:/home/root1/lzx_ws/project/lidar_camera_ros_ws/install/rslidar_msg:/home/root1/ros2_ws/install/robot_interface:/opt/ros/humble:/home/root1/lzx_ws/project/lidar_camera_ros_ws/install/vimbax_camera_color_correction LD_LIBRARY_PATH=/home/root1/lzx_ws/project/lidar_camera_ros_ws/install/vimbax_camera_msgs/lib:/home/root1/lzx_ws/project/lidar_camera_ros_ws/install/vimbax_camera/lib:/home/root1/lzx_ws/project/lidar_camera_ros_ws/install/vimbax_camera_examples/lib:/home/root1/lzx_ws/project/lidar_camera_ros_ws/install/vimbax_camera_events/lib:/home/root1/lzx_ws/project/lidar_camera_ros_ws/install/vimbax_camera_color_correction_cpp/lib:/home/root1/lzx_ws/project/lidar_camera_ros_ws/install/rslidar_msg/lib:/home/root1/.local/lib:/home/root1/ros2_ws/install/robot_interface/lib:/opt/ros/humble/opt/rviz_ogre_vendor/lib:/opt/ros/humble/lib/x86_64-linux-gnu:/opt/ros/humble/lib:/usr/local/cuda-12.2/lib64:/usr/local/cuda-12.2/lib64:/usr/local/cuda-12.2/lib64 /usr/bin/cmake --build /home/root1/lzx_ws/project/lidar_camera_ros_ws/build/vimbax_camera_events -- -j16 -l16
[8.964s] Invoking command in '/home/root1/lzx_ws/project/lidar_camera_ros_ws/build/vimbax_camera_events': CMAKE_PREFIX_PATH=/home/root1/lzx_ws/project/lidar_camera_ros_ws/install/vimbax_camera_msgs:/home/root1/lzx_ws/project/lidar_camera_ros_ws/install/vimbax_camera:/home/root1/lzx_ws/project/lidar_camera_ros_ws/install/vmbc_interface:/home/root1/lzx_ws/project/lidar_camera_ros_ws/install/vimbax_camera_examples:/home/root1/lzx_ws/project/lidar_camera_ros_ws/install/vimbax_camera_events:/home/root1/lzx_ws/project/lidar_camera_ros_ws/install/vimbax_camera_color_correction_cpp:/home/root1/lzx_ws/project/lidar_camera_ros_ws/install/rslidar_sdk:/home/root1/lzx_ws/project/lidar_camera_ros_ws/install/rslidar_msg:/home/root1/ros2_ws/install/robot_interface:/opt/ros/humble:/home/root1/lzx_ws/project/lidar_camera_ros_ws/install/vimbax_camera_color_correction LD_LIBRARY_PATH=/home/root1/lzx_ws/project/lidar_camera_ros_ws/install/vimbax_camera_msgs/lib:/home/root1/lzx_ws/project/lidar_camera_ros_ws/install/vimbax_camera/lib:/home/root1/lzx_ws/project/lidar_camera_ros_ws/install/vimbax_camera_examples/lib:/home/root1/lzx_ws/project/lidar_camera_ros_ws/install/vimbax_camera_events/lib:/home/root1/lzx_ws/project/lidar_camera_ros_ws/install/vimbax_camera_color_correction_cpp/lib:/home/root1/lzx_ws/project/lidar_camera_ros_ws/install/rslidar_msg/lib:/home/root1/.local/lib:/home/root1/ros2_ws/install/robot_interface/lib:/opt/ros/humble/opt/rviz_ogre_vendor/lib:/opt/ros/humble/lib/x86_64-linux-gnu:/opt/ros/humble/lib:/usr/local/cuda-12.2/lib64:/usr/local/cuda-12.2/lib64:/usr/local/cuda-12.2/lib64 /usr/bin/cmake --install /home/root1/lzx_ws/project/lidar_camera_ros_ws/build/vimbax_camera_events
[8.966s] -- Install configuration: ""
[8.966s] -- Installing: /home/root1/lzx_ws/project/lidar_camera_ros_ws/install/vimbax_camera_events/include
[8.966s] -- Installing: /home/root1/lzx_ws/project/lidar_camera_ros_ws/install/vimbax_camera_events/include/vimbax_camera_events
[8.966s] -- Installing: /home/root1/lzx_ws/project/lidar_camera_ros_ws/install/vimbax_camera_events/include/vimbax_camera_events/event_publisher_base.hpp
[8.967s] -- Installing: /home/root1/lzx_ws/project/lidar_camera_ros_ws/install/vimbax_camera_events/include/vimbax_camera_events/vimbax_camera_events.hpp
[8.967s] -- Installing: /home/root1/lzx_ws/project/lidar_camera_ros_ws/install/vimbax_camera_events/include/vimbax_camera_events/visibility_control.h
[8.967s] -- Installing: /home/root1/lzx_ws/project/lidar_camera_ros_ws/install/vimbax_camera_events/include/vimbax_camera_events/event_subscriber_base.hpp
[8.967s] -- Installing: /home/root1/lzx_ws/project/lidar_camera_ros_ws/install/vimbax_camera_events/include/vimbax_camera_events/event_publisher.hpp
[8.967s] -- Installing: /home/root1/lzx_ws/project/lidar_camera_ros_ws/install/vimbax_camera_events/include/vimbax_camera_events/event_subscriber.hpp
[8.967s] -- Installing: /home/root1/lzx_ws/project/lidar_camera_ros_ws/install/vimbax_camera_events/lib/libvimbax_camera_events.so
[8.971s] -- Set runtime path of "/home/root1/lzx_ws/project/lidar_camera_ros_ws/install/vimbax_camera_events/lib/libvimbax_camera_events.so" to ""
[8.971s] -- Installing: /home/root1/lzx_ws/project/lidar_camera_ros_ws/install/vimbax_camera_events/share/vimbax_camera_events/environment/pythonpath.sh
[8.971s] -- Installing: /home/root1/lzx_ws/project/lidar_camera_ros_ws/install/vimbax_camera_events/share/vimbax_camera_events/environment/pythonpath.dsv
[8.971s] -- Installing: /home/root1/lzx_ws/project/lidar_camera_ros_ws/install/vimbax_camera_events/local/lib/python3.10/dist-packages/vimbax_camera_events-1.0.2-py3.10.egg-info
[8.971s] -- Installing: /home/root1/lzx_ws/project/lidar_camera_ros_ws/install/vimbax_camera_events/local/lib/python3.10/dist-packages/vimbax_camera_events-1.0.2-py3.10.egg-info/dependency_links.txt
[8.971s] -- Installing: /home/root1/lzx_ws/project/lidar_camera_ros_ws/install/vimbax_camera_events/local/lib/python3.10/dist-packages/vimbax_camera_events-1.0.2-py3.10.egg-info/PKG-INFO
[8.972s] -- Installing: /home/root1/lzx_ws/project/lidar_camera_ros_ws/install/vimbax_camera_events/local/lib/python3.10/dist-packages/vimbax_camera_events-1.0.2-py3.10.egg-info/top_level.txt
[8.972s] -- Installing: /home/root1/lzx_ws/project/lidar_camera_ros_ws/install/vimbax_camera_events/local/lib/python3.10/dist-packages/vimbax_camera_events-1.0.2-py3.10.egg-info/SOURCES.txt
[8.972s] -- Installing: /home/root1/lzx_ws/project/lidar_camera_ros_ws/install/vimbax_camera_events/local/lib/python3.10/dist-packages/vimbax_camera_events
[8.972s] -- Installing: /home/root1/lzx_ws/project/lidar_camera_ros_ws/install/vimbax_camera_events/local/lib/python3.10/dist-packages/vimbax_camera_events/event_subscriber.py
[8.972s] -- Installing: /home/root1/lzx_ws/project/lidar_camera_ros_ws/install/vimbax_camera_events/local/lib/python3.10/dist-packages/vimbax_camera_events/__init__.py
[9.014s] Listing '/home/root1/lzx_ws/project/lidar_camera_ros_ws/install/vimbax_camera_events/local/lib/python3.10/dist-packages/vimbax_camera_events'...
[9.014s] Compiling '/home/root1/lzx_ws/project/lidar_camera_ros_ws/install/vimbax_camera_events/local/lib/python3.10/dist-packages/vimbax_camera_events/__init__.py'...
[9.014s] Compiling '/home/root1/lzx_ws/project/lidar_camera_ros_ws/install/vimbax_camera_events/local/lib/python3.10/dist-packages/vimbax_camera_events/event_subscriber.py'...
[9.018s] -- Installing: /home/root1/lzx_ws/project/lidar_camera_ros_ws/install/vimbax_camera_events/share/vimbax_camera_events/environment/library_path.sh
[9.019s] -- Installing: /home/root1/lzx_ws/project/lidar_camera_ros_ws/install/vimbax_camera_events/share/vimbax_camera_events/environment/library_path.dsv
[9.019s] -- Installing: /home/root1/lzx_ws/project/lidar_camera_ros_ws/install/vimbax_camera_events/share/ament_index/resource_index/package_run_dependencies/vimbax_camera_events
[9.019s] -- Installing: /home/root1/lzx_ws/project/lidar_camera_ros_ws/install/vimbax_camera_events/share/ament_index/resource_index/parent_prefix_path/vimbax_camera_events
[9.019s] -- Installing: /home/root1/lzx_ws/project/lidar_camera_ros_ws/install/vimbax_camera_events/share/vimbax_camera_events/environment/ament_prefix_path.sh
[9.019s] -- Installing: /home/root1/lzx_ws/project/lidar_camera_ros_ws/install/vimbax_camera_events/share/vimbax_camera_events/environment/ament_prefix_path.dsv
[9.020s] -- Installing: /home/root1/lzx_ws/project/lidar_camera_ros_ws/install/vimbax_camera_events/share/vimbax_camera_events/environment/path.sh
[9.020s] -- Installing: /home/root1/lzx_ws/project/lidar_camera_ros_ws/install/vimbax_camera_events/share/vimbax_camera_events/environment/path.dsv
[9.020s] -- Installing: /home/root1/lzx_ws/project/lidar_camera_ros_ws/install/vimbax_camera_events/share/vimbax_camera_events/local_setup.bash
[9.020s] -- Installing: /home/root1/lzx_ws/project/lidar_camera_ros_ws/install/vimbax_camera_events/share/vimbax_camera_events/local_setup.sh
[9.020s] -- Installing: /home/root1/lzx_ws/project/lidar_camera_ros_ws/install/vimbax_camera_events/share/vimbax_camera_events/local_setup.zsh
[9.020s] -- Installing: /home/root1/lzx_ws/project/lidar_camera_ros_ws/install/vimbax_camera_events/share/vimbax_camera_events/local_setup.dsv
[9.020s] -- Installing: /home/root1/lzx_ws/project/lidar_camera_ros_ws/install/vimbax_camera_events/share/vimbax_camera_events/package.dsv
[9.021s] -- Installing: /home/root1/lzx_ws/project/lidar_camera_ros_ws/install/vimbax_camera_events/share/ament_index/resource_index/packages/vimbax_camera_events
[9.021s] -- Installing: /home/root1/lzx_ws/project/lidar_camera_ros_ws/install/vimbax_camera_events/share/vimbax_camera_events/cmake/export_vimbax_camera_eventsExport.cmake
[9.021s] -- Installing: /home/root1/lzx_ws/project/lidar_camera_ros_ws/install/vimbax_camera_events/share/vimbax_camera_events/cmake/export_vimbax_camera_eventsExport-noconfig.cmake
[9.021s] -- Installing: /home/root1/lzx_ws/project/lidar_camera_ros_ws/install/vimbax_camera_events/share/vimbax_camera_events/cmake/ament_cmake_export_include_directories-extras.cmake
[9.021s] -- Installing: /home/root1/lzx_ws/project/lidar_camera_ros_ws/install/vimbax_camera_events/share/vimbax_camera_events/cmake/ament_cmake_export_libraries-extras.cmake
[9.022s] -- Installing: /home/root1/lzx_ws/project/lidar_camera_ros_ws/install/vimbax_camera_events/share/vimbax_camera_events/cmake/ament_cmake_export_targets-extras.cmake
[9.022s] -- Installing: /home/root1/lzx_ws/project/lidar_camera_ros_ws/install/vimbax_camera_events/share/vimbax_camera_events/cmake/vimbax_camera_eventsConfig.cmake
[9.022s] -- Installing: /home/root1/lzx_ws/project/lidar_camera_ros_ws/install/vimbax_camera_events/share/vimbax_camera_events/cmake/vimbax_camera_eventsConfig-version.cmake
[9.022s] -- Installing: /home/root1/lzx_ws/project/lidar_camera_ros_ws/install/vimbax_camera_events/share/vimbax_camera_events/package.xml
[9.024s] Invoked command in '/home/root1/lzx_ws/project/lidar_camera_ros_ws/build/vimbax_camera_events' returned '0': CMAKE_PREFIX_PATH=/home/root1/lzx_ws/project/lidar_camera_ros_ws/install/vimbax_camera_msgs:/home/root1/lzx_ws/project/lidar_camera_ros_ws/install/vimbax_camera:/home/root1/lzx_ws/project/lidar_camera_ros_ws/install/vmbc_interface:/home/root1/lzx_ws/project/lidar_camera_ros_ws/install/vimbax_camera_examples:/home/root1/lzx_ws/project/lidar_camera_ros_ws/install/vimbax_camera_events:/home/root1/lzx_ws/project/lidar_camera_ros_ws/install/vimbax_camera_color_correction_cpp:/home/root1/lzx_ws/project/lidar_camera_ros_ws/install/rslidar_sdk:/home/root1/lzx_ws/project/lidar_camera_ros_ws/install/rslidar_msg:/home/root1/ros2_ws/install/robot_interface:/opt/ros/humble:/home/root1/lzx_ws/project/lidar_camera_ros_ws/install/vimbax_camera_color_correction LD_LIBRARY_PATH=/home/root1/lzx_ws/project/lidar_camera_ros_ws/install/vimbax_camera_msgs/lib:/home/root1/lzx_ws/project/lidar_camera_ros_ws/install/vimbax_camera/lib:/home/root1/lzx_ws/project/lidar_camera_ros_ws/install/vimbax_camera_examples/lib:/home/root1/lzx_ws/project/lidar_camera_ros_ws/install/vimbax_camera_events/lib:/home/root1/lzx_ws/project/lidar_camera_ros_ws/install/vimbax_camera_color_correction_cpp/lib:/home/root1/lzx_ws/project/lidar_camera_ros_ws/install/rslidar_msg/lib:/home/root1/.local/lib:/home/root1/ros2_ws/install/robot_interface/lib:/opt/ros/humble/opt/rviz_ogre_vendor/lib:/opt/ros/humble/lib/x86_64-linux-gnu:/opt/ros/humble/lib:/usr/local/cuda-12.2/lib64:/usr/local/cuda-12.2/lib64:/usr/local/cuda-12.2/lib64 /usr/bin/cmake --install /home/root1/lzx_ws/project/lidar_camera_ros_ws/build/vimbax_camera_events
