-- Found ament_cmake: 1.3.12 (/opt/ros/humble/share/ament_cmake/cmake)
-- Override CMake install command with custom implementation using symlinks instead of copying resources
-- Found rclcpp: 16.0.16 (/opt/ros/humble/share/rclcpp/cmake)
-- Found rosidl_generator_c: 3.1.7 (/opt/ros/humble/share/rosidl_generator_c/cmake)
-- Found rosidl_adapter: 3.1.7 (/opt/ros/humble/share/rosidl_adapter/cmake)
-- Found rosidl_generator_cpp: 3.1.7 (/opt/ros/humble/share/rosidl_generator_cpp/cmake)
-- Using all available rosidl_typesupport_c: rosidl_typesupport_fastrtps_c;rosidl_typesupport_introspection_c
-- Using all available rosidl_typesupport_cpp: rosidl_typesupport_fastrtps_cpp;rosidl_typesupport_introspection_cpp
-- Found rmw_implementation_cmake: 6.1.2 (/opt/ros/humble/share/rmw_implementation_cmake/cmake)
-- Found rmw_cyclonedds_cpp: 1.3.4 (/opt/ros/humble/share/rmw_cyclonedds_cpp/cmake)
-- Using RMW implementation 'rmw_cyclonedds_cpp' as default
-- Found rclcpp_components: 16.0.16 (/opt/ros/humble/share/rclcpp_components/cmake)
-- Found image_transport: 3.1.12 (/opt/ros/humble/share/image_transport/cmake)
-- Found camera_info_manager: 3.1.12 (/opt/ros/humble/share/camera_info_manager/cmake)
-- Found vimbax_camera_msgs: 1.0.2 (/home/root1/lzx_ws/project/lidar_camera_ros_ws/install/vimbax_camera_msgs/share/vimbax_camera_msgs/cmake)
-- Found vimbax_camera_events: 1.0.2 (/home/root1/lzx_ws/project/lidar_camera_ros_ws/install/vimbax_camera_events/share/vimbax_camera_events/cmake)
-- Found vmbc_interface: 1.0.2 (/home/root1/lzx_ws/project/lidar_camera_ros_ws/install/vmbc_interface/share/vmbc_interface/cmake)
-- Setting executor non-default value MultiThreadedExecutor
-- Found ament_lint_auto: 0.12.14 (/opt/ros/humble/share/ament_lint_auto/cmake)
-- Found ament_cmake_gtest: 1.3.12 (/opt/ros/humble/share/ament_cmake_gtest/cmake)
-- Found ament_cmake_gmock: 1.3.12 (/opt/ros/humble/share/ament_cmake_gmock/cmake)
-- Found gtest sources under '/opt/ros/humble/src/gtest_vendor': C++ tests using 'Google Test' will be built
-- Found gmock sources under '/opt/ros/humble/src/gmock_vendor': C++ tests using 'Google Mock' will be built
-- Found gtest sources under '/opt/ros/humble/src/gtest_vendor': C++ tests using 'Google Test' will be built
-- Added test 'copyright' to check source files copyright and LICENSE
-- Added test 'cppcheck' to perform static code analysis on C / C++ code
-- Configured cppcheck include dirs: $<BUILD_INTERFACE:/home/root1/lzx_ws/project/lidar_camera_ros_ws/src/vimbax_ros2_driver/vimbax_camera/include>
-- Configured cppcheck exclude dirs and/or files: 
-- Added test 'cpplint' to check C / C++ code against the Google style
-- Configured cpplint exclude dirs and/or files: 
-- Added test 'flake8' to check Python code syntax and style conventions
-- Added test 'lint_cmake' to check CMake code style
-- Added test 'pep257' to check Python code against some of the docstring style conventions in PEP 257
-- Added test 'uncrustify' to check C / C++ code style
-- Configured uncrustify additional arguments: 
-- Added test 'xmllint' to check XML markup files
-- Configuring done
-- Generating done
-- Build files have been written to: /home/root1/lzx_ws/project/lidar_camera_ros_ws/build/vimbax_camera
Consolidate compiler generated dependencies of target test_lib
Consolidate compiler generated dependencies of target gtest_main
Consolidate compiler generated dependencies of target gtest
[  6%] Built target test_lib
Consolidate compiler generated dependencies of target gmock_main
Consolidate compiler generated dependencies of target vimbax_camera_node
Consolidate compiler generated dependencies of target gmock
Consolidate compiler generated dependencies of target vimbax_camera
[ 20%] Built target gtest
[ 20%] Built target gtest_main
[ 27%] Built target gmock_main
[ 37%] Built target gmock
[ 41%] Linking CXX executable vimbax_camera_node
[ 44%] Building CXX object CMakeFiles/vimbax_camera.dir/src/vimbax_camera_node.cpp.o
[ 48%] Built target vimbax_camera_node
[ 51%] Linking CXX shared library libvimbax_camera.so
[ 65%] Built target vimbax_camera
Consolidate compiler generated dependencies of target vimbax_camera_library_loader_test
Consolidate compiler generated dependencies of target vimbax_camera_vmbc_load_test
Consolidate compiler generated dependencies of target vimbax_camera_vimbax_camera_test
Consolidate compiler generated dependencies of target vimbax_camera_api_loader_test
[ 68%] Linking CXX executable vimbax_camera_library_loader_test
[ 72%] Linking CXX executable vimbax_camera_vmbc_load_test
[ 75%] Linking CXX executable vimbax_camera_vimbax_camera_test
[ 79%] Linking CXX executable vimbax_camera_api_loader_test
[ 82%] Built target vimbax_camera_vmbc_load_test
[ 86%] Built target vimbax_camera_library_loader_test
[ 93%] Built target vimbax_camera_api_loader_test
[100%] Built target vimbax_camera_vimbax_camera_test
-- Install configuration: ""
-- Execute custom install script
-- Symlinking: /home/root1/lzx_ws/project/lidar_camera_ros_ws/install/vimbax_camera/lib/vimbax_camera/vimbax_camera_node
-- Symlinking: /home/root1/lzx_ws/project/lidar_camera_ros_ws/install/vimbax_camera/lib/libvimbax_camera.so
-- Symlinking: /home/root1/lzx_ws/project/lidar_camera_ros_ws/install/vimbax_camera/share/vimbax_camera/launch/__pycache__/dual_camera_stream_launch.cpython-310.pyc
-- Symlinking: /home/root1/lzx_ws/project/lidar_camera_ros_ws/install/vimbax_camera/share/vimbax_camera/launch/__pycache__/vimbax_camera_param_launch.cpython-310.pyc
-- Symlinking: /home/root1/lzx_ws/project/lidar_camera_ros_ws/install/vimbax_camera/share/vimbax_camera/launch/dual_camera_stream_launch.py
-- Symlinking: /home/root1/lzx_ws/project/lidar_camera_ros_ws/install/vimbax_camera/share/vimbax_camera/launch/vimbax_camera_param_launch.py
-- Symlinking: /home/root1/lzx_ws/project/lidar_camera_ros_ws/install/vimbax_camera/share/vimbax_camera/config/camera_parameter.yaml
-- Symlinking: /home/root1/lzx_ws/project/lidar_camera_ros_ws/install/vimbax_camera/share/vimbax_camera/config/camera_settings.xml
-- Symlinking: /home/root1/lzx_ws/project/lidar_camera_ros_ws/install/vimbax_camera/share/vimbax_camera/config/camera_settings_custom.xml
-- Symlinking: /home/root1/lzx_ws/project/lidar_camera_ros_ws/install/vimbax_camera/share/vimbax_camera/config/color_correction_lut_left.bin
-- Symlinking: /home/root1/lzx_ws/project/lidar_camera_ros_ws/install/vimbax_camera/share/vimbax_camera/config/color_correction_lut_left.npy
-- Symlinking: /home/root1/lzx_ws/project/lidar_camera_ros_ws/install/vimbax_camera/share/vimbax_camera/config/color_correction_lut_right.bin
-- Symlinking: /home/root1/lzx_ws/project/lidar_camera_ros_ws/install/vimbax_camera/share/vimbax_camera/config/color_correction_lut_right.npy
-- Symlinking: /home/root1/lzx_ws/project/lidar_camera_ros_ws/install/vimbax_camera/share/vimbax_camera/environment/library_path.sh
-- Symlinking: /home/root1/lzx_ws/project/lidar_camera_ros_ws/install/vimbax_camera/share/vimbax_camera/environment/library_path.dsv
-- Symlinking: /home/root1/lzx_ws/project/lidar_camera_ros_ws/install/vimbax_camera/share/ament_index/resource_index/package_run_dependencies/vimbax_camera
-- Symlinking: /home/root1/lzx_ws/project/lidar_camera_ros_ws/install/vimbax_camera/share/ament_index/resource_index/parent_prefix_path/vimbax_camera
-- Symlinking: /home/root1/lzx_ws/project/lidar_camera_ros_ws/install/vimbax_camera/share/vimbax_camera/environment/ament_prefix_path.sh
-- Symlinking: /home/root1/lzx_ws/project/lidar_camera_ros_ws/install/vimbax_camera/share/vimbax_camera/environment/ament_prefix_path.dsv
-- Symlinking: /home/root1/lzx_ws/project/lidar_camera_ros_ws/install/vimbax_camera/share/vimbax_camera/environment/path.sh
-- Symlinking: /home/root1/lzx_ws/project/lidar_camera_ros_ws/install/vimbax_camera/share/vimbax_camera/environment/path.dsv
-- Symlinking: /home/root1/lzx_ws/project/lidar_camera_ros_ws/install/vimbax_camera/share/vimbax_camera/local_setup.bash
-- Symlinking: /home/root1/lzx_ws/project/lidar_camera_ros_ws/install/vimbax_camera/share/vimbax_camera/local_setup.sh
-- Symlinking: /home/root1/lzx_ws/project/lidar_camera_ros_ws/install/vimbax_camera/share/vimbax_camera/local_setup.zsh
-- Symlinking: /home/root1/lzx_ws/project/lidar_camera_ros_ws/install/vimbax_camera/share/vimbax_camera/local_setup.dsv
-- Symlinking: /home/root1/lzx_ws/project/lidar_camera_ros_ws/install/vimbax_camera/share/vimbax_camera/package.dsv
-- Symlinking: /home/root1/lzx_ws/project/lidar_camera_ros_ws/install/vimbax_camera/share/ament_index/resource_index/packages/vimbax_camera
-- Symlinking: /home/root1/lzx_ws/project/lidar_camera_ros_ws/install/vimbax_camera/share/ament_index/resource_index/rclcpp_components/vimbax_camera
-- Symlinking: /home/root1/lzx_ws/project/lidar_camera_ros_ws/install/vimbax_camera/share/vimbax_camera/cmake/ament_cmake_export_libraries-extras.cmake
-- Symlinking: /home/root1/lzx_ws/project/lidar_camera_ros_ws/install/vimbax_camera/share/vimbax_camera/cmake/vimbax_cameraConfig.cmake
-- Symlinking: /home/root1/lzx_ws/project/lidar_camera_ros_ws/install/vimbax_camera/share/vimbax_camera/cmake/vimbax_cameraConfig-version.cmake
-- Symlinking: /home/root1/lzx_ws/project/lidar_camera_ros_ws/install/vimbax_camera/share/vimbax_camera/package.xml
-- Up-to-date: /home/root1/lzx_ws/project/lidar_camera_ros_ws/install/vimbax_camera/lib/vimbax_camera/vimbax_camera_timestamp_sync
