[0.124s] DEBUG:colcon:Command line arguments: ['/usr/bin/colcon', 'build', '--packages-select', 'rslidar_sdk', 'vimbax_camera', '--event-handlers', 'console_direct+', '--cmake-args', '-DCMAKE_BUILD_TYPE=Release']
[0.124s] DEBUG:colcon:Parsed command line arguments: Namespace(log_base=None, log_level=None, verb_name='build', build_base='build', install_base='install', merge_install=False, symlink_install=False, test_result_base=None, continue_on_error=False, executor='parallel', parallel_workers=16, event_handlers=['console_direct+'], ignore_user_meta=False, metas=['./colcon.meta'], base_paths=['.'], packages_ignore=None, packages_ignore_regex=None, paths=None, packages_up_to=None, packages_up_to_regex=None, packages_above=None, packages_above_and_dependencies=None, packages_above_depth=None, packages_select_by_dep=None, packages_skip_by_dep=None, packages_skip_up_to=None, packages_select_build_failed=False, packages_skip_build_finished=False, packages_select_test_failures=False, packages_skip_test_passed=False, packages_select=['rslidar_sdk', 'vimbax_camera'], packages_skip=None, packages_select_regex=None, packages_skip_regex=None, packages_start=None, packages_end=None, allow_overriding=[], cmake_args=['-DCMAKE_BUILD_TYPE=Release'], cmake_target=None, cmake_target_skip_unavailable=False, cmake_clean_cache=False, cmake_clean_first=False, cmake_force_configure=False, ament_cmake_args=None, catkin_cmake_args=None, catkin_skip_building_tests=False, verb_parser=<colcon_defaults.argument_parser.defaults.DefaultArgumentsDecorator object at 0x775cd8cb3cd0>, verb_extension=<colcon_core.verb.build.BuildVerb object at 0x775cd8cb3c40>, main=<bound method BuildVerb.main of <colcon_core.verb.build.BuildVerb object at 0x775cd8cb3c40>>)
[0.155s] Level 1:colcon.colcon_core.package_discovery:discover_packages(colcon_meta) check parameters
[0.156s] Level 1:colcon.colcon_core.package_discovery:discover_packages(recursive) check parameters
[0.156s] Level 1:colcon.colcon_core.package_discovery:discover_packages(ignore) check parameters
[0.156s] Level 1:colcon.colcon_core.package_discovery:discover_packages(path) check parameters
[0.156s] Level 1:colcon.colcon_core.package_discovery:discover_packages(colcon_meta) discover
[0.156s] Level 1:colcon.colcon_core.package_discovery:discover_packages(recursive) discover
[0.156s] INFO:colcon.colcon_core.package_discovery:Crawling recursively for packages in '/home/root1/lzx_ws/project/lidar_camera_ros_ws'
[0.156s] Level 1:colcon.colcon_core.package_identification:_identify(.) by extensions ['ignore', 'ignore_ament_install']
[0.156s] Level 1:colcon.colcon_core.package_identification:_identify(.) by extension 'ignore'
[0.156s] Level 1:colcon.colcon_core.package_identification:_identify(.) by extension 'ignore_ament_install'
[0.156s] Level 1:colcon.colcon_core.package_identification:_identify(.) by extensions ['colcon_pkg']
[0.156s] Level 1:colcon.colcon_core.package_identification:_identify(.) by extension 'colcon_pkg'
[0.156s] Level 1:colcon.colcon_core.package_identification:_identify(.) by extensions ['colcon_meta']
[0.156s] Level 1:colcon.colcon_core.package_identification:_identify(.) by extension 'colcon_meta'
[0.156s] Level 1:colcon.colcon_core.package_identification:_identify(.) by extensions ['ros']
[0.156s] Level 1:colcon.colcon_core.package_identification:_identify(.) by extension 'ros'
[0.178s] Level 1:colcon.colcon_core.package_identification:_identify(.) by extensions ['cmake', 'python']
[0.178s] Level 1:colcon.colcon_core.package_identification:_identify(.) by extension 'cmake'
[0.178s] Level 1:colcon.colcon_core.package_identification:_identify(.) by extension 'python'
[0.178s] Level 1:colcon.colcon_core.package_identification:_identify(.) by extensions ['python_setup_py']
[0.178s] Level 1:colcon.colcon_core.package_identification:_identify(.) by extension 'python_setup_py'
[0.178s] Level 1:colcon.colcon_core.package_identification:_identify(build) by extensions ['ignore', 'ignore_ament_install']
[0.178s] Level 1:colcon.colcon_core.package_identification:_identify(build) by extension 'ignore'
[0.178s] Level 1:colcon.colcon_core.package_identification:_identify(build) ignored
[0.178s] Level 1:colcon.colcon_core.package_identification:_identify(config) by extensions ['ignore', 'ignore_ament_install']
[0.178s] Level 1:colcon.colcon_core.package_identification:_identify(config) by extension 'ignore'
[0.178s] Level 1:colcon.colcon_core.package_identification:_identify(config) by extension 'ignore_ament_install'
[0.179s] Level 1:colcon.colcon_core.package_identification:_identify(config) by extensions ['colcon_pkg']
[0.179s] Level 1:colcon.colcon_core.package_identification:_identify(config) by extension 'colcon_pkg'
[0.179s] Level 1:colcon.colcon_core.package_identification:_identify(config) by extensions ['colcon_meta']
[0.179s] Level 1:colcon.colcon_core.package_identification:_identify(config) by extension 'colcon_meta'
[0.179s] Level 1:colcon.colcon_core.package_identification:_identify(config) by extensions ['ros']
[0.179s] Level 1:colcon.colcon_core.package_identification:_identify(config) by extension 'ros'
[0.179s] Level 1:colcon.colcon_core.package_identification:_identify(config) by extensions ['cmake', 'python']
[0.179s] Level 1:colcon.colcon_core.package_identification:_identify(config) by extension 'cmake'
[0.179s] Level 1:colcon.colcon_core.package_identification:_identify(config) by extension 'python'
[0.179s] Level 1:colcon.colcon_core.package_identification:_identify(config) by extensions ['python_setup_py']
[0.179s] Level 1:colcon.colcon_core.package_identification:_identify(config) by extension 'python_setup_py'
[0.179s] Level 1:colcon.colcon_core.package_identification:_identify(images) by extensions ['ignore', 'ignore_ament_install']
[0.179s] Level 1:colcon.colcon_core.package_identification:_identify(images) by extension 'ignore'
[0.179s] Level 1:colcon.colcon_core.package_identification:_identify(images) by extension 'ignore_ament_install'
[0.179s] Level 1:colcon.colcon_core.package_identification:_identify(images) by extensions ['colcon_pkg']
[0.179s] Level 1:colcon.colcon_core.package_identification:_identify(images) by extension 'colcon_pkg'
[0.179s] Level 1:colcon.colcon_core.package_identification:_identify(images) by extensions ['colcon_meta']
[0.179s] Level 1:colcon.colcon_core.package_identification:_identify(images) by extension 'colcon_meta'
[0.179s] Level 1:colcon.colcon_core.package_identification:_identify(images) by extensions ['ros']
[0.179s] Level 1:colcon.colcon_core.package_identification:_identify(images) by extension 'ros'
[0.179s] Level 1:colcon.colcon_core.package_identification:_identify(images) by extensions ['cmake', 'python']
[0.179s] Level 1:colcon.colcon_core.package_identification:_identify(images) by extension 'cmake'
[0.179s] Level 1:colcon.colcon_core.package_identification:_identify(images) by extension 'python'
[0.179s] Level 1:colcon.colcon_core.package_identification:_identify(images) by extensions ['python_setup_py']
[0.179s] Level 1:colcon.colcon_core.package_identification:_identify(images) by extension 'python_setup_py'
[0.179s] Level 1:colcon.colcon_core.package_identification:_identify(install) by extensions ['ignore', 'ignore_ament_install']
[0.179s] Level 1:colcon.colcon_core.package_identification:_identify(install) by extension 'ignore'
[0.179s] Level 1:colcon.colcon_core.package_identification:_identify(install) ignored
[0.180s] Level 1:colcon.colcon_core.package_identification:_identify(launch) by extensions ['ignore', 'ignore_ament_install']
[0.180s] Level 1:colcon.colcon_core.package_identification:_identify(launch) by extension 'ignore'
[0.180s] Level 1:colcon.colcon_core.package_identification:_identify(launch) by extension 'ignore_ament_install'
[0.180s] Level 1:colcon.colcon_core.package_identification:_identify(launch) by extensions ['colcon_pkg']
[0.180s] Level 1:colcon.colcon_core.package_identification:_identify(launch) by extension 'colcon_pkg'
[0.180s] Level 1:colcon.colcon_core.package_identification:_identify(launch) by extensions ['colcon_meta']
[0.180s] Level 1:colcon.colcon_core.package_identification:_identify(launch) by extension 'colcon_meta'
[0.180s] Level 1:colcon.colcon_core.package_identification:_identify(launch) by extensions ['ros']
[0.180s] Level 1:colcon.colcon_core.package_identification:_identify(launch) by extension 'ros'
[0.180s] Level 1:colcon.colcon_core.package_identification:_identify(launch) by extensions ['cmake', 'python']
[0.180s] Level 1:colcon.colcon_core.package_identification:_identify(launch) by extension 'cmake'
[0.180s] Level 1:colcon.colcon_core.package_identification:_identify(launch) by extension 'python'
[0.180s] Level 1:colcon.colcon_core.package_identification:_identify(launch) by extensions ['python_setup_py']
[0.180s] Level 1:colcon.colcon_core.package_identification:_identify(launch) by extension 'python_setup_py'
[0.180s] Level 1:colcon.colcon_core.package_identification:_identify(log) by extensions ['ignore', 'ignore_ament_install']
[0.180s] Level 1:colcon.colcon_core.package_identification:_identify(log) by extension 'ignore'
[0.180s] Level 1:colcon.colcon_core.package_identification:_identify(log) ignored
[0.180s] Level 1:colcon.colcon_core.package_identification:_identify(src) by extensions ['ignore', 'ignore_ament_install']
[0.180s] Level 1:colcon.colcon_core.package_identification:_identify(src) by extension 'ignore'
[0.180s] Level 1:colcon.colcon_core.package_identification:_identify(src) by extension 'ignore_ament_install'
[0.180s] Level 1:colcon.colcon_core.package_identification:_identify(src) by extensions ['colcon_pkg']
[0.180s] Level 1:colcon.colcon_core.package_identification:_identify(src) by extension 'colcon_pkg'
[0.180s] Level 1:colcon.colcon_core.package_identification:_identify(src) by extensions ['colcon_meta']
[0.180s] Level 1:colcon.colcon_core.package_identification:_identify(src) by extension 'colcon_meta'
[0.180s] Level 1:colcon.colcon_core.package_identification:_identify(src) by extensions ['ros']
[0.180s] Level 1:colcon.colcon_core.package_identification:_identify(src) by extension 'ros'
[0.181s] Level 1:colcon.colcon_core.package_identification:_identify(src) by extensions ['cmake', 'python']
[0.181s] Level 1:colcon.colcon_core.package_identification:_identify(src) by extension 'cmake'
[0.181s] Level 1:colcon.colcon_core.package_identification:_identify(src) by extension 'python'
[0.181s] Level 1:colcon.colcon_core.package_identification:_identify(src) by extensions ['python_setup_py']
[0.181s] Level 1:colcon.colcon_core.package_identification:_identify(src) by extension 'python_setup_py'
[0.181s] Level 1:colcon.colcon_core.package_identification:_identify(src/rslidar_msg) by extensions ['ignore', 'ignore_ament_install']
[0.181s] Level 1:colcon.colcon_core.package_identification:_identify(src/rslidar_msg) by extension 'ignore'
[0.181s] Level 1:colcon.colcon_core.package_identification:_identify(src/rslidar_msg) by extension 'ignore_ament_install'
[0.181s] Level 1:colcon.colcon_core.package_identification:_identify(src/rslidar_msg) by extensions ['colcon_pkg']
[0.181s] Level 1:colcon.colcon_core.package_identification:_identify(src/rslidar_msg) by extension 'colcon_pkg'
[0.181s] Level 1:colcon.colcon_core.package_identification:_identify(src/rslidar_msg) by extensions ['colcon_meta']
[0.181s] Level 1:colcon.colcon_core.package_identification:_identify(src/rslidar_msg) by extension 'colcon_meta'
[0.181s] Level 1:colcon.colcon_core.package_identification:_identify(src/rslidar_msg) by extensions ['ros']
[0.181s] Level 1:colcon.colcon_core.package_identification:_identify(src/rslidar_msg) by extension 'ros'
[0.183s] DEBUG:colcon.colcon_core.package_identification:Package 'src/rslidar_msg' with type 'ros.ament_cmake' and name 'rslidar_msg'
[0.183s] Level 1:colcon.colcon_core.package_identification:_identify(src/rslidar_sdk) by extensions ['ignore', 'ignore_ament_install']
[0.183s] Level 1:colcon.colcon_core.package_identification:_identify(src/rslidar_sdk) by extension 'ignore'
[0.183s] Level 1:colcon.colcon_core.package_identification:_identify(src/rslidar_sdk) by extension 'ignore_ament_install'
[0.183s] Level 1:colcon.colcon_core.package_identification:_identify(src/rslidar_sdk) by extensions ['colcon_pkg']
[0.183s] Level 1:colcon.colcon_core.package_identification:_identify(src/rslidar_sdk) by extension 'colcon_pkg'
[0.183s] Level 1:colcon.colcon_core.package_identification:_identify(src/rslidar_sdk) by extensions ['colcon_meta']
[0.183s] Level 1:colcon.colcon_core.package_identification:_identify(src/rslidar_sdk) by extension 'colcon_meta'
[0.183s] Level 1:colcon.colcon_core.package_identification:_identify(src/rslidar_sdk) by extensions ['ros']
[0.183s] Level 1:colcon.colcon_core.package_identification:_identify(src/rslidar_sdk) by extension 'ros'
[0.190s] DEBUG:colcon.colcon_core.package_identification:Package 'src/rslidar_sdk' with type 'ros.ament_cmake' and name 'rslidar_sdk'
[0.190s] Level 1:colcon.colcon_core.package_identification:_identify(src/rslidar_tf_broadcaster) by extensions ['ignore', 'ignore_ament_install']
[0.190s] Level 1:colcon.colcon_core.package_identification:_identify(src/rslidar_tf_broadcaster) by extension 'ignore'
[0.190s] Level 1:colcon.colcon_core.package_identification:_identify(src/rslidar_tf_broadcaster) by extension 'ignore_ament_install'
[0.190s] Level 1:colcon.colcon_core.package_identification:_identify(src/rslidar_tf_broadcaster) by extensions ['colcon_pkg']
[0.190s] Level 1:colcon.colcon_core.package_identification:_identify(src/rslidar_tf_broadcaster) by extension 'colcon_pkg'
[0.190s] Level 1:colcon.colcon_core.package_identification:_identify(src/rslidar_tf_broadcaster) by extensions ['colcon_meta']
[0.190s] Level 1:colcon.colcon_core.package_identification:_identify(src/rslidar_tf_broadcaster) by extension 'colcon_meta'
[0.190s] Level 1:colcon.colcon_core.package_identification:_identify(src/rslidar_tf_broadcaster) by extensions ['ros']
[0.190s] Level 1:colcon.colcon_core.package_identification:_identify(src/rslidar_tf_broadcaster) by extension 'ros'
[0.190s] Level 1:colcon.colcon_core.package_identification:_identify(src/rslidar_tf_broadcaster) by extensions ['cmake', 'python']
[0.190s] Level 1:colcon.colcon_core.package_identification:_identify(src/rslidar_tf_broadcaster) by extension 'cmake'
[0.190s] Level 1:colcon.colcon_core.package_identification:_identify(src/rslidar_tf_broadcaster) by extension 'python'
[0.190s] Level 1:colcon.colcon_core.package_identification:_identify(src/rslidar_tf_broadcaster) by extensions ['python_setup_py']
[0.190s] Level 1:colcon.colcon_core.package_identification:_identify(src/rslidar_tf_broadcaster) by extension 'python_setup_py'
[0.190s] Level 1:colcon.colcon_core.package_identification:_identify(src/rslidar_tf_broadcaster/launch) by extensions ['ignore', 'ignore_ament_install']
[0.190s] Level 1:colcon.colcon_core.package_identification:_identify(src/rslidar_tf_broadcaster/launch) by extension 'ignore'
[0.190s] Level 1:colcon.colcon_core.package_identification:_identify(src/rslidar_tf_broadcaster/launch) by extension 'ignore_ament_install'
[0.190s] Level 1:colcon.colcon_core.package_identification:_identify(src/rslidar_tf_broadcaster/launch) by extensions ['colcon_pkg']
[0.190s] Level 1:colcon.colcon_core.package_identification:_identify(src/rslidar_tf_broadcaster/launch) by extension 'colcon_pkg'
[0.191s] Level 1:colcon.colcon_core.package_identification:_identify(src/rslidar_tf_broadcaster/launch) by extensions ['colcon_meta']
[0.191s] Level 1:colcon.colcon_core.package_identification:_identify(src/rslidar_tf_broadcaster/launch) by extension 'colcon_meta'
[0.191s] Level 1:colcon.colcon_core.package_identification:_identify(src/rslidar_tf_broadcaster/launch) by extensions ['ros']
[0.191s] Level 1:colcon.colcon_core.package_identification:_identify(src/rslidar_tf_broadcaster/launch) by extension 'ros'
[0.191s] Level 1:colcon.colcon_core.package_identification:_identify(src/rslidar_tf_broadcaster/launch) by extensions ['cmake', 'python']
[0.191s] Level 1:colcon.colcon_core.package_identification:_identify(src/rslidar_tf_broadcaster/launch) by extension 'cmake'
[0.191s] Level 1:colcon.colcon_core.package_identification:_identify(src/rslidar_tf_broadcaster/launch) by extension 'python'
[0.191s] Level 1:colcon.colcon_core.package_identification:_identify(src/rslidar_tf_broadcaster/launch) by extensions ['python_setup_py']
[0.191s] Level 1:colcon.colcon_core.package_identification:_identify(src/rslidar_tf_broadcaster/launch) by extension 'python_setup_py'
[0.191s] Level 1:colcon.colcon_core.package_identification:_identify(src/rslidar_tf_broadcaster/src) by extensions ['ignore', 'ignore_ament_install']
[0.191s] Level 1:colcon.colcon_core.package_identification:_identify(src/rslidar_tf_broadcaster/src) by extension 'ignore'
[0.191s] Level 1:colcon.colcon_core.package_identification:_identify(src/rslidar_tf_broadcaster/src) by extension 'ignore_ament_install'
[0.191s] Level 1:colcon.colcon_core.package_identification:_identify(src/rslidar_tf_broadcaster/src) by extensions ['colcon_pkg']
[0.191s] Level 1:colcon.colcon_core.package_identification:_identify(src/rslidar_tf_broadcaster/src) by extension 'colcon_pkg'
[0.191s] Level 1:colcon.colcon_core.package_identification:_identify(src/rslidar_tf_broadcaster/src) by extensions ['colcon_meta']
[0.191s] Level 1:colcon.colcon_core.package_identification:_identify(src/rslidar_tf_broadcaster/src) by extension 'colcon_meta'
[0.191s] Level 1:colcon.colcon_core.package_identification:_identify(src/rslidar_tf_broadcaster/src) by extensions ['ros']
[0.191s] Level 1:colcon.colcon_core.package_identification:_identify(src/rslidar_tf_broadcaster/src) by extension 'ros'
[0.191s] Level 1:colcon.colcon_core.package_identification:_identify(src/rslidar_tf_broadcaster/src) by extensions ['cmake', 'python']
[0.191s] Level 1:colcon.colcon_core.package_identification:_identify(src/rslidar_tf_broadcaster/src) by extension 'cmake'
[0.191s] Level 1:colcon.colcon_core.package_identification:_identify(src/rslidar_tf_broadcaster/src) by extension 'python'
[0.191s] Level 1:colcon.colcon_core.package_identification:_identify(src/rslidar_tf_broadcaster/src) by extensions ['python_setup_py']
[0.191s] Level 1:colcon.colcon_core.package_identification:_identify(src/rslidar_tf_broadcaster/src) by extension 'python_setup_py'
[0.191s] Level 1:colcon.colcon_core.package_identification:_identify(src/vimbax_camera_color_correction) by extensions ['ignore', 'ignore_ament_install']
[0.191s] Level 1:colcon.colcon_core.package_identification:_identify(src/vimbax_camera_color_correction) by extension 'ignore'
[0.191s] Level 1:colcon.colcon_core.package_identification:_identify(src/vimbax_camera_color_correction) by extension 'ignore_ament_install'
[0.191s] Level 1:colcon.colcon_core.package_identification:_identify(src/vimbax_camera_color_correction) by extensions ['colcon_pkg']
[0.192s] Level 1:colcon.colcon_core.package_identification:_identify(src/vimbax_camera_color_correction) by extension 'colcon_pkg'
[0.192s] Level 1:colcon.colcon_core.package_identification:_identify(src/vimbax_camera_color_correction) by extensions ['colcon_meta']
[0.192s] Level 1:colcon.colcon_core.package_identification:_identify(src/vimbax_camera_color_correction) by extension 'colcon_meta'
[0.192s] Level 1:colcon.colcon_core.package_identification:_identify(src/vimbax_camera_color_correction) by extensions ['ros']
[0.192s] Level 1:colcon.colcon_core.package_identification:_identify(src/vimbax_camera_color_correction) by extension 'ros'
[0.192s] DEBUG:colcon.colcon_core.package_identification:Package 'src/vimbax_camera_color_correction' with type 'ros.ament_python' and name 'vimbax_camera_color_correction'
[0.192s] Level 1:colcon.colcon_core.package_identification:_identify(src/vimbax_camera_color_correction_cpp) by extensions ['ignore', 'ignore_ament_install']
[0.192s] Level 1:colcon.colcon_core.package_identification:_identify(src/vimbax_camera_color_correction_cpp) by extension 'ignore'
[0.192s] Level 1:colcon.colcon_core.package_identification:_identify(src/vimbax_camera_color_correction_cpp) by extension 'ignore_ament_install'
[0.192s] Level 1:colcon.colcon_core.package_identification:_identify(src/vimbax_camera_color_correction_cpp) by extensions ['colcon_pkg']
[0.192s] Level 1:colcon.colcon_core.package_identification:_identify(src/vimbax_camera_color_correction_cpp) by extension 'colcon_pkg'
[0.192s] Level 1:colcon.colcon_core.package_identification:_identify(src/vimbax_camera_color_correction_cpp) by extensions ['colcon_meta']
[0.193s] Level 1:colcon.colcon_core.package_identification:_identify(src/vimbax_camera_color_correction_cpp) by extension 'colcon_meta'
[0.193s] Level 1:colcon.colcon_core.package_identification:_identify(src/vimbax_camera_color_correction_cpp) by extensions ['ros']
[0.193s] Level 1:colcon.colcon_core.package_identification:_identify(src/vimbax_camera_color_correction_cpp) by extension 'ros'
[0.193s] DEBUG:colcon.colcon_core.package_identification:Package 'src/vimbax_camera_color_correction_cpp' with type 'ros.ament_cmake' and name 'vimbax_camera_color_correction_cpp'
[0.193s] Level 1:colcon.colcon_core.package_identification:_identify(src/vimbax_ros2_driver) by extensions ['ignore', 'ignore_ament_install']
[0.193s] Level 1:colcon.colcon_core.package_identification:_identify(src/vimbax_ros2_driver) by extension 'ignore'
[0.194s] Level 1:colcon.colcon_core.package_identification:_identify(src/vimbax_ros2_driver) by extension 'ignore_ament_install'
[0.194s] Level 1:colcon.colcon_core.package_identification:_identify(src/vimbax_ros2_driver) by extensions ['colcon_pkg']
[0.194s] Level 1:colcon.colcon_core.package_identification:_identify(src/vimbax_ros2_driver) by extension 'colcon_pkg'
[0.194s] Level 1:colcon.colcon_core.package_identification:_identify(src/vimbax_ros2_driver) by extensions ['colcon_meta']
[0.194s] Level 1:colcon.colcon_core.package_identification:_identify(src/vimbax_ros2_driver) by extension 'colcon_meta'
[0.194s] Level 1:colcon.colcon_core.package_identification:_identify(src/vimbax_ros2_driver) by extensions ['ros']
[0.194s] Level 1:colcon.colcon_core.package_identification:_identify(src/vimbax_ros2_driver) by extension 'ros'
[0.194s] Level 1:colcon.colcon_core.package_identification:_identify(src/vimbax_ros2_driver) by extensions ['cmake', 'python']
[0.194s] Level 1:colcon.colcon_core.package_identification:_identify(src/vimbax_ros2_driver) by extension 'cmake'
[0.194s] Level 1:colcon.colcon_core.package_identification:_identify(src/vimbax_ros2_driver) by extension 'python'
[0.194s] Level 1:colcon.colcon_core.package_identification:_identify(src/vimbax_ros2_driver) by extensions ['python_setup_py']
[0.194s] Level 1:colcon.colcon_core.package_identification:_identify(src/vimbax_ros2_driver) by extension 'python_setup_py'
[0.194s] Level 1:colcon.colcon_core.package_identification:_identify(src/vimbax_ros2_driver/vimbax_camera) by extensions ['ignore', 'ignore_ament_install']
[0.194s] Level 1:colcon.colcon_core.package_identification:_identify(src/vimbax_ros2_driver/vimbax_camera) by extension 'ignore'
[0.194s] Level 1:colcon.colcon_core.package_identification:_identify(src/vimbax_ros2_driver/vimbax_camera) by extension 'ignore_ament_install'
[0.194s] Level 1:colcon.colcon_core.package_identification:_identify(src/vimbax_ros2_driver/vimbax_camera) by extensions ['colcon_pkg']
[0.194s] Level 1:colcon.colcon_core.package_identification:_identify(src/vimbax_ros2_driver/vimbax_camera) by extension 'colcon_pkg'
[0.194s] Level 1:colcon.colcon_core.package_identification:_identify(src/vimbax_ros2_driver/vimbax_camera) by extensions ['colcon_meta']
[0.194s] Level 1:colcon.colcon_core.package_identification:_identify(src/vimbax_ros2_driver/vimbax_camera) by extension 'colcon_meta'
[0.194s] Level 1:colcon.colcon_core.package_identification:_identify(src/vimbax_ros2_driver/vimbax_camera) by extensions ['ros']
[0.194s] Level 1:colcon.colcon_core.package_identification:_identify(src/vimbax_ros2_driver/vimbax_camera) by extension 'ros'
[0.195s] DEBUG:colcon.colcon_core.package_identification:Package 'src/vimbax_ros2_driver/vimbax_camera' with type 'ros.ament_cmake' and name 'vimbax_camera'
[0.195s] Level 1:colcon.colcon_core.package_identification:_identify(src/vimbax_ros2_driver/vimbax_camera_events) by extensions ['ignore', 'ignore_ament_install']
[0.195s] Level 1:colcon.colcon_core.package_identification:_identify(src/vimbax_ros2_driver/vimbax_camera_events) by extension 'ignore'
[0.195s] Level 1:colcon.colcon_core.package_identification:_identify(src/vimbax_ros2_driver/vimbax_camera_events) by extension 'ignore_ament_install'
[0.195s] Level 1:colcon.colcon_core.package_identification:_identify(src/vimbax_ros2_driver/vimbax_camera_events) by extensions ['colcon_pkg']
[0.195s] Level 1:colcon.colcon_core.package_identification:_identify(src/vimbax_ros2_driver/vimbax_camera_events) by extension 'colcon_pkg'
[0.195s] Level 1:colcon.colcon_core.package_identification:_identify(src/vimbax_ros2_driver/vimbax_camera_events) by extensions ['colcon_meta']
[0.195s] Level 1:colcon.colcon_core.package_identification:_identify(src/vimbax_ros2_driver/vimbax_camera_events) by extension 'colcon_meta'
[0.195s] Level 1:colcon.colcon_core.package_identification:_identify(src/vimbax_ros2_driver/vimbax_camera_events) by extensions ['ros']
[0.195s] Level 1:colcon.colcon_core.package_identification:_identify(src/vimbax_ros2_driver/vimbax_camera_events) by extension 'ros'
[0.196s] DEBUG:colcon.colcon_core.package_identification:Package 'src/vimbax_ros2_driver/vimbax_camera_events' with type 'ros.ament_cmake' and name 'vimbax_camera_events'
[0.196s] Level 1:colcon.colcon_core.package_identification:_identify(src/vimbax_ros2_driver/vimbax_camera_examples) by extensions ['ignore', 'ignore_ament_install']
[0.196s] Level 1:colcon.colcon_core.package_identification:_identify(src/vimbax_ros2_driver/vimbax_camera_examples) by extension 'ignore'
[0.196s] Level 1:colcon.colcon_core.package_identification:_identify(src/vimbax_ros2_driver/vimbax_camera_examples) by extension 'ignore_ament_install'
[0.196s] Level 1:colcon.colcon_core.package_identification:_identify(src/vimbax_ros2_driver/vimbax_camera_examples) by extensions ['colcon_pkg']
[0.196s] Level 1:colcon.colcon_core.package_identification:_identify(src/vimbax_ros2_driver/vimbax_camera_examples) by extension 'colcon_pkg'
[0.196s] Level 1:colcon.colcon_core.package_identification:_identify(src/vimbax_ros2_driver/vimbax_camera_examples) by extensions ['colcon_meta']
[0.196s] Level 1:colcon.colcon_core.package_identification:_identify(src/vimbax_ros2_driver/vimbax_camera_examples) by extension 'colcon_meta'
[0.196s] Level 1:colcon.colcon_core.package_identification:_identify(src/vimbax_ros2_driver/vimbax_camera_examples) by extensions ['ros']
[0.196s] Level 1:colcon.colcon_core.package_identification:_identify(src/vimbax_ros2_driver/vimbax_camera_examples) by extension 'ros'
[0.197s] DEBUG:colcon.colcon_core.package_identification:Package 'src/vimbax_ros2_driver/vimbax_camera_examples' with type 'ros.ament_cmake' and name 'vimbax_camera_examples'
[0.197s] Level 1:colcon.colcon_core.package_identification:_identify(src/vimbax_ros2_driver/vimbax_camera_msgs) by extensions ['ignore', 'ignore_ament_install']
[0.197s] Level 1:colcon.colcon_core.package_identification:_identify(src/vimbax_ros2_driver/vimbax_camera_msgs) by extension 'ignore'
[0.197s] Level 1:colcon.colcon_core.package_identification:_identify(src/vimbax_ros2_driver/vimbax_camera_msgs) by extension 'ignore_ament_install'
[0.197s] Level 1:colcon.colcon_core.package_identification:_identify(src/vimbax_ros2_driver/vimbax_camera_msgs) by extensions ['colcon_pkg']
[0.197s] Level 1:colcon.colcon_core.package_identification:_identify(src/vimbax_ros2_driver/vimbax_camera_msgs) by extension 'colcon_pkg'
[0.197s] Level 1:colcon.colcon_core.package_identification:_identify(src/vimbax_ros2_driver/vimbax_camera_msgs) by extensions ['colcon_meta']
[0.198s] Level 1:colcon.colcon_core.package_identification:_identify(src/vimbax_ros2_driver/vimbax_camera_msgs) by extension 'colcon_meta'
[0.198s] Level 1:colcon.colcon_core.package_identification:_identify(src/vimbax_ros2_driver/vimbax_camera_msgs) by extensions ['ros']
[0.198s] Level 1:colcon.colcon_core.package_identification:_identify(src/vimbax_ros2_driver/vimbax_camera_msgs) by extension 'ros'
[0.198s] DEBUG:colcon.colcon_core.package_identification:Package 'src/vimbax_ros2_driver/vimbax_camera_msgs' with type 'ros.ament_cmake' and name 'vimbax_camera_msgs'
[0.198s] Level 1:colcon.colcon_core.package_identification:_identify(src/vimbax_ros2_driver/vmbc_interface) by extensions ['ignore', 'ignore_ament_install']
[0.198s] Level 1:colcon.colcon_core.package_identification:_identify(src/vimbax_ros2_driver/vmbc_interface) by extension 'ignore'
[0.198s] Level 1:colcon.colcon_core.package_identification:_identify(src/vimbax_ros2_driver/vmbc_interface) by extension 'ignore_ament_install'
[0.198s] Level 1:colcon.colcon_core.package_identification:_identify(src/vimbax_ros2_driver/vmbc_interface) by extensions ['colcon_pkg']
[0.198s] Level 1:colcon.colcon_core.package_identification:_identify(src/vimbax_ros2_driver/vmbc_interface) by extension 'colcon_pkg'
[0.198s] Level 1:colcon.colcon_core.package_identification:_identify(src/vimbax_ros2_driver/vmbc_interface) by extensions ['colcon_meta']
[0.198s] Level 1:colcon.colcon_core.package_identification:_identify(src/vimbax_ros2_driver/vmbc_interface) by extension 'colcon_meta'
[0.198s] Level 1:colcon.colcon_core.package_identification:_identify(src/vimbax_ros2_driver/vmbc_interface) by extensions ['ros']
[0.198s] Level 1:colcon.colcon_core.package_identification:_identify(src/vimbax_ros2_driver/vmbc_interface) by extension 'ros'
[0.199s] DEBUG:colcon.colcon_core.package_identification:Package 'src/vimbax_ros2_driver/vmbc_interface' with type 'ros.ament_cmake' and name 'vmbc_interface'
[0.199s] Level 1:colcon.colcon_core.package_discovery:discover_packages(recursive) using defaults
[0.199s] Level 1:colcon.colcon_core.package_discovery:discover_packages(ignore) discover
[0.199s] Level 1:colcon.colcon_core.package_discovery:discover_packages(ignore) using defaults
[0.199s] Level 1:colcon.colcon_core.package_discovery:discover_packages(path) discover
[0.199s] Level 1:colcon.colcon_core.package_discovery:discover_packages(path) using defaults
[0.215s] INFO:colcon.colcon_core.package_selection:Skipping not selected package 'rslidar_msg' in 'src/rslidar_msg'
[0.215s] INFO:colcon.colcon_core.package_selection:Skipping not selected package 'vimbax_camera_color_correction_cpp' in 'src/vimbax_camera_color_correction_cpp'
[0.215s] INFO:colcon.colcon_core.package_selection:Skipping not selected package 'vimbax_camera_msgs' in 'src/vimbax_ros2_driver/vimbax_camera_msgs'
[0.215s] INFO:colcon.colcon_core.package_selection:Skipping not selected package 'vmbc_interface' in 'src/vimbax_ros2_driver/vmbc_interface'
[0.215s] INFO:colcon.colcon_core.package_selection:Skipping not selected package 'vimbax_camera_color_correction' in 'src/vimbax_camera_color_correction'
[0.215s] INFO:colcon.colcon_core.package_selection:Skipping not selected package 'vimbax_camera_events' in 'src/vimbax_ros2_driver/vimbax_camera_events'
[0.215s] INFO:colcon.colcon_core.package_selection:Skipping not selected package 'vimbax_camera_examples' in 'src/vimbax_ros2_driver/vimbax_camera_examples'
[0.216s] Level 1:colcon.colcon_core.package_discovery:discover_packages(prefix_path) check parameters
[0.216s] Level 1:colcon.colcon_core.package_discovery:discover_packages(prefix_path) discover
[0.218s] DEBUG:colcon.colcon_installed_package_information.package_discovery:Found 1 installed packages in /home/root1/ros2_ws/install
[0.219s] DEBUG:colcon.colcon_installed_package_information.package_discovery:Found 284 installed packages in /opt/ros/humble
[0.220s] Level 1:colcon.colcon_core.package_discovery:discover_packages(prefix_path) using defaults
[0.259s] Level 5:colcon.colcon_core.verb:set package 'rslidar_sdk' build argument 'cmake_args' from command line to '['-DCMAKE_BUILD_TYPE=Release']'
[0.259s] Level 5:colcon.colcon_core.verb:set package 'rslidar_sdk' build argument 'cmake_target' from command line to 'None'
[0.259s] Level 5:colcon.colcon_core.verb:set package 'rslidar_sdk' build argument 'cmake_target_skip_unavailable' from command line to 'False'
[0.259s] Level 5:colcon.colcon_core.verb:set package 'rslidar_sdk' build argument 'cmake_clean_cache' from command line to 'False'
[0.259s] Level 5:colcon.colcon_core.verb:set package 'rslidar_sdk' build argument 'cmake_clean_first' from command line to 'False'
[0.259s] Level 5:colcon.colcon_core.verb:set package 'rslidar_sdk' build argument 'cmake_force_configure' from command line to 'False'
[0.259s] Level 5:colcon.colcon_core.verb:set package 'rslidar_sdk' build argument 'ament_cmake_args' from command line to 'None'
[0.259s] Level 5:colcon.colcon_core.verb:set package 'rslidar_sdk' build argument 'catkin_cmake_args' from command line to 'None'
[0.259s] Level 5:colcon.colcon_core.verb:set package 'rslidar_sdk' build argument 'catkin_skip_building_tests' from command line to 'False'
[0.259s] DEBUG:colcon.colcon_core.verb:Building package 'rslidar_sdk' with the following arguments: {'ament_cmake_args': None, 'build_base': '/home/root1/lzx_ws/project/lidar_camera_ros_ws/build/rslidar_sdk', 'catkin_cmake_args': None, 'catkin_skip_building_tests': False, 'cmake_args': ['-DCMAKE_BUILD_TYPE=Release'], 'cmake_clean_cache': False, 'cmake_clean_first': False, 'cmake_force_configure': False, 'cmake_target': None, 'cmake_target_skip_unavailable': False, 'install_base': '/home/root1/lzx_ws/project/lidar_camera_ros_ws/install/rslidar_sdk', 'merge_install': False, 'path': '/home/root1/lzx_ws/project/lidar_camera_ros_ws/src/rslidar_sdk', 'symlink_install': False, 'test_result_base': None}
[0.260s] Level 5:colcon.colcon_core.verb:set package 'vimbax_camera' build argument 'cmake_args' from command line to '['-DCMAKE_BUILD_TYPE=Release']'
[0.260s] Level 5:colcon.colcon_core.verb:set package 'vimbax_camera' build argument 'cmake_target' from command line to 'None'
[0.260s] Level 5:colcon.colcon_core.verb:set package 'vimbax_camera' build argument 'cmake_target_skip_unavailable' from command line to 'False'
[0.260s] Level 5:colcon.colcon_core.verb:set package 'vimbax_camera' build argument 'cmake_clean_cache' from command line to 'False'
[0.260s] Level 5:colcon.colcon_core.verb:set package 'vimbax_camera' build argument 'cmake_clean_first' from command line to 'False'
[0.260s] Level 5:colcon.colcon_core.verb:set package 'vimbax_camera' build argument 'cmake_force_configure' from command line to 'False'
[0.260s] Level 5:colcon.colcon_core.verb:set package 'vimbax_camera' build argument 'ament_cmake_args' from command line to 'None'
[0.260s] Level 5:colcon.colcon_core.verb:set package 'vimbax_camera' build argument 'catkin_cmake_args' from command line to 'None'
[0.260s] Level 5:colcon.colcon_core.verb:set package 'vimbax_camera' build argument 'catkin_skip_building_tests' from command line to 'False'
[0.260s] DEBUG:colcon.colcon_core.verb:Building package 'vimbax_camera' with the following arguments: {'ament_cmake_args': None, 'build_base': '/home/root1/lzx_ws/project/lidar_camera_ros_ws/build/vimbax_camera', 'catkin_cmake_args': None, 'catkin_skip_building_tests': False, 'cmake_args': ['-DCMAKE_BUILD_TYPE=Release'], 'cmake_clean_cache': False, 'cmake_clean_first': False, 'cmake_force_configure': False, 'cmake_target': None, 'cmake_target_skip_unavailable': False, 'install_base': '/home/root1/lzx_ws/project/lidar_camera_ros_ws/install/vimbax_camera', 'merge_install': False, 'path': '/home/root1/lzx_ws/project/lidar_camera_ros_ws/src/vimbax_ros2_driver/vimbax_camera', 'symlink_install': False, 'test_result_base': None}
[0.260s] INFO:colcon.colcon_core.executor:Executing jobs using 'parallel' executor
[0.261s] DEBUG:colcon.colcon_parallel_executor.executor.parallel:run_until_complete
[0.261s] INFO:colcon.colcon_ros.task.ament_cmake.build:Building ROS package in '/home/root1/lzx_ws/project/lidar_camera_ros_ws/src/rslidar_sdk' with build type 'ament_cmake'
[0.261s] INFO:colcon.colcon_cmake.task.cmake.build:Building CMake package in '/home/root1/lzx_ws/project/lidar_camera_ros_ws/src/rslidar_sdk'
[0.265s] INFO:colcon.colcon_core.plugin_system:Skipping extension 'colcon_core.shell.bat': Not used on non-Windows systems
[0.265s] INFO:colcon.colcon_core.shell:Skip shell extension 'powershell' for command environment: Not usable outside of PowerShell
[0.265s] DEBUG:colcon.colcon_core.shell:Skip shell extension 'dsv' for command environment
[0.268s] INFO:colcon.colcon_ros.task.ament_cmake.build:Building ROS package in '/home/root1/lzx_ws/project/lidar_camera_ros_ws/src/vimbax_ros2_driver/vimbax_camera' with build type 'ament_cmake'
[0.268s] INFO:colcon.colcon_cmake.task.cmake.build:Building CMake package in '/home/root1/lzx_ws/project/lidar_camera_ros_ws/src/vimbax_ros2_driver/vimbax_camera'
[0.268s] INFO:colcon.colcon_core.shell:Skip shell extension 'powershell' for command environment: Not usable outside of PowerShell
[0.268s] DEBUG:colcon.colcon_core.shell:Skip shell extension 'dsv' for command environment
[0.278s] DEBUG:colcon.colcon_core.event_handler.log_command:Invoking command in '/home/root1/lzx_ws/project/lidar_camera_ros_ws/build/rslidar_sdk': AMENT_PREFIX_PATH=/home/root1/lzx_ws/project/lidar_camera_ros_ws/install/rslidar_msg:${AMENT_PREFIX_PATH} CMAKE_PREFIX_PATH=/home/root1/lzx_ws/project/lidar_camera_ros_ws/install/rslidar_msg:${CMAKE_PREFIX_PATH} LD_LIBRARY_PATH=/home/root1/lzx_ws/project/lidar_camera_ros_ws/install/rslidar_msg/lib:${LD_LIBRARY_PATH} PYTHONPATH=/home/root1/lzx_ws/project/lidar_camera_ros_ws/install/rslidar_msg/local/lib/python3.10/dist-packages:${PYTHONPATH} /usr/bin/cmake --build /home/root1/lzx_ws/project/lidar_camera_ros_ws/build/rslidar_sdk -- -j16 -l16
[0.280s] DEBUG:colcon.colcon_core.event_handler.log_command:Invoking command in '/home/root1/lzx_ws/project/lidar_camera_ros_ws/build/vimbax_camera': AMENT_PREFIX_PATH=/home/root1/lzx_ws/project/lidar_camera_ros_ws/install/vimbax_camera_events:/home/root1/lzx_ws/project/lidar_camera_ros_ws/install/vmbc_interface:/home/root1/lzx_ws/project/lidar_camera_ros_ws/install/vimbax_camera_msgs:${AMENT_PREFIX_PATH} CMAKE_PREFIX_PATH=/home/root1/lzx_ws/project/lidar_camera_ros_ws/install/vimbax_camera_events:/home/root1/lzx_ws/project/lidar_camera_ros_ws/install/vmbc_interface:/home/root1/lzx_ws/project/lidar_camera_ros_ws/install/vimbax_camera_msgs:${CMAKE_PREFIX_PATH} LD_LIBRARY_PATH=/home/root1/lzx_ws/project/lidar_camera_ros_ws/install/vimbax_camera_events/lib:/home/root1/lzx_ws/project/lidar_camera_ros_ws/install/vimbax_camera_msgs/lib:${LD_LIBRARY_PATH} PYTHONPATH=/home/root1/lzx_ws/project/lidar_camera_ros_ws/install/vimbax_camera_events/local/lib/python3.10/dist-packages:/home/root1/lzx_ws/project/lidar_camera_ros_ws/install/vimbax_camera_msgs/local/lib/python3.10/dist-packages:${PYTHONPATH} /usr/bin/cmake --build /home/root1/lzx_ws/project/lidar_camera_ros_ws/build/vimbax_camera -- -j16 -l16
[21.059s] DEBUG:colcon.colcon_core.event_handler.log_command:Invoked command in '/home/root1/lzx_ws/project/lidar_camera_ros_ws/build/rslidar_sdk' returned '0': AMENT_PREFIX_PATH=/home/root1/lzx_ws/project/lidar_camera_ros_ws/install/rslidar_msg:${AMENT_PREFIX_PATH} CMAKE_PREFIX_PATH=/home/root1/lzx_ws/project/lidar_camera_ros_ws/install/rslidar_msg:${CMAKE_PREFIX_PATH} LD_LIBRARY_PATH=/home/root1/lzx_ws/project/lidar_camera_ros_ws/install/rslidar_msg/lib:${LD_LIBRARY_PATH} PYTHONPATH=/home/root1/lzx_ws/project/lidar_camera_ros_ws/install/rslidar_msg/local/lib/python3.10/dist-packages:${PYTHONPATH} /usr/bin/cmake --build /home/root1/lzx_ws/project/lidar_camera_ros_ws/build/rslidar_sdk -- -j16 -l16
[21.062s] DEBUG:colcon.colcon_core.event_handler.log_command:Invoking command in '/home/root1/lzx_ws/project/lidar_camera_ros_ws/build/rslidar_sdk': AMENT_PREFIX_PATH=/home/root1/lzx_ws/project/lidar_camera_ros_ws/install/rslidar_msg:${AMENT_PREFIX_PATH} CMAKE_PREFIX_PATH=/home/root1/lzx_ws/project/lidar_camera_ros_ws/install/rslidar_msg:${CMAKE_PREFIX_PATH} LD_LIBRARY_PATH=/home/root1/lzx_ws/project/lidar_camera_ros_ws/install/rslidar_msg/lib:${LD_LIBRARY_PATH} PYTHONPATH=/home/root1/lzx_ws/project/lidar_camera_ros_ws/install/rslidar_msg/local/lib/python3.10/dist-packages:${PYTHONPATH} /usr/bin/cmake --install /home/root1/lzx_ws/project/lidar_camera_ros_ws/build/rslidar_sdk
[21.069s] Level 1:colcon.colcon_core.environment:create_environment_scripts_only(rslidar_sdk)
[21.069s] DEBUG:colcon.colcon_core.event_handler.log_command:Invoked command in '/home/root1/lzx_ws/project/lidar_camera_ros_ws/build/rslidar_sdk' returned '0': AMENT_PREFIX_PATH=/home/root1/lzx_ws/project/lidar_camera_ros_ws/install/rslidar_msg:${AMENT_PREFIX_PATH} CMAKE_PREFIX_PATH=/home/root1/lzx_ws/project/lidar_camera_ros_ws/install/rslidar_msg:${CMAKE_PREFIX_PATH} LD_LIBRARY_PATH=/home/root1/lzx_ws/project/lidar_camera_ros_ws/install/rslidar_msg/lib:${LD_LIBRARY_PATH} PYTHONPATH=/home/root1/lzx_ws/project/lidar_camera_ros_ws/install/rslidar_msg/local/lib/python3.10/dist-packages:${PYTHONPATH} /usr/bin/cmake --install /home/root1/lzx_ws/project/lidar_camera_ros_ws/build/rslidar_sdk
[21.072s] Level 1:colcon.colcon_core.environment:checking '/home/root1/lzx_ws/project/lidar_camera_ros_ws/install/rslidar_sdk' for CMake module files
[21.073s] Level 1:colcon.colcon_core.environment:checking '/home/root1/lzx_ws/project/lidar_camera_ros_ws/install/rslidar_sdk' for CMake config files
[21.073s] Level 1:colcon.colcon_core.shell:create_environment_hook('rslidar_sdk', 'cmake_prefix_path')
[21.073s] INFO:colcon.colcon_core.shell:Creating environment hook '/home/root1/lzx_ws/project/lidar_camera_ros_ws/install/rslidar_sdk/share/rslidar_sdk/hook/cmake_prefix_path.ps1'
[21.073s] INFO:colcon.colcon_core.shell:Creating environment descriptor '/home/root1/lzx_ws/project/lidar_camera_ros_ws/install/rslidar_sdk/share/rslidar_sdk/hook/cmake_prefix_path.dsv'
[21.074s] INFO:colcon.colcon_core.shell:Creating environment hook '/home/root1/lzx_ws/project/lidar_camera_ros_ws/install/rslidar_sdk/share/rslidar_sdk/hook/cmake_prefix_path.sh'
[21.074s] Level 1:colcon.colcon_core.environment:checking '/home/root1/lzx_ws/project/lidar_camera_ros_ws/install/rslidar_sdk/lib'
[21.075s] Level 1:colcon.colcon_core.environment:checking '/home/root1/lzx_ws/project/lidar_camera_ros_ws/install/rslidar_sdk/bin'
[21.075s] Level 1:colcon.colcon_core.environment:checking '/home/root1/lzx_ws/project/lidar_camera_ros_ws/install/rslidar_sdk/lib/pkgconfig/rslidar_sdk.pc'
[21.075s] Level 1:colcon.colcon_core.environment:checking '/home/root1/lzx_ws/project/lidar_camera_ros_ws/install/rslidar_sdk/lib/python3.10/site-packages'
[21.075s] Level 1:colcon.colcon_core.environment:checking '/home/root1/lzx_ws/project/lidar_camera_ros_ws/install/rslidar_sdk/bin'
[21.075s] INFO:colcon.colcon_core.shell:Creating package script '/home/root1/lzx_ws/project/lidar_camera_ros_ws/install/rslidar_sdk/share/rslidar_sdk/package.ps1'
[21.076s] INFO:colcon.colcon_core.shell:Creating package descriptor '/home/root1/lzx_ws/project/lidar_camera_ros_ws/install/rslidar_sdk/share/rslidar_sdk/package.dsv'
[21.076s] INFO:colcon.colcon_core.shell:Creating package script '/home/root1/lzx_ws/project/lidar_camera_ros_ws/install/rslidar_sdk/share/rslidar_sdk/package.sh'
[21.077s] INFO:colcon.colcon_core.shell:Creating package script '/home/root1/lzx_ws/project/lidar_camera_ros_ws/install/rslidar_sdk/share/rslidar_sdk/package.bash'
[21.077s] INFO:colcon.colcon_core.shell:Creating package script '/home/root1/lzx_ws/project/lidar_camera_ros_ws/install/rslidar_sdk/share/rslidar_sdk/package.zsh'
[21.078s] Level 1:colcon.colcon_core.environment:create_file_with_runtime_dependencies(/home/root1/lzx_ws/project/lidar_camera_ros_ws/install/rslidar_sdk/share/colcon-core/packages/rslidar_sdk)
[21.078s] Level 1:colcon.colcon_core.environment:create_environment_scripts_only(rslidar_sdk)
[21.078s] Level 1:colcon.colcon_core.environment:checking '/home/root1/lzx_ws/project/lidar_camera_ros_ws/install/rslidar_sdk' for CMake module files
[21.079s] Level 1:colcon.colcon_core.environment:checking '/home/root1/lzx_ws/project/lidar_camera_ros_ws/install/rslidar_sdk' for CMake config files
[21.079s] Level 1:colcon.colcon_core.shell:create_environment_hook('rslidar_sdk', 'cmake_prefix_path')
[21.079s] INFO:colcon.colcon_core.shell:Creating environment hook '/home/root1/lzx_ws/project/lidar_camera_ros_ws/install/rslidar_sdk/share/rslidar_sdk/hook/cmake_prefix_path.ps1'
[21.079s] INFO:colcon.colcon_core.shell:Creating environment descriptor '/home/root1/lzx_ws/project/lidar_camera_ros_ws/install/rslidar_sdk/share/rslidar_sdk/hook/cmake_prefix_path.dsv'
[21.080s] INFO:colcon.colcon_core.shell:Creating environment hook '/home/root1/lzx_ws/project/lidar_camera_ros_ws/install/rslidar_sdk/share/rslidar_sdk/hook/cmake_prefix_path.sh'
[21.080s] Level 1:colcon.colcon_core.environment:checking '/home/root1/lzx_ws/project/lidar_camera_ros_ws/install/rslidar_sdk/lib'
[21.080s] Level 1:colcon.colcon_core.environment:checking '/home/root1/lzx_ws/project/lidar_camera_ros_ws/install/rslidar_sdk/bin'
[21.080s] Level 1:colcon.colcon_core.environment:checking '/home/root1/lzx_ws/project/lidar_camera_ros_ws/install/rslidar_sdk/lib/pkgconfig/rslidar_sdk.pc'
[21.080s] Level 1:colcon.colcon_core.environment:checking '/home/root1/lzx_ws/project/lidar_camera_ros_ws/install/rslidar_sdk/lib/python3.10/site-packages'
[21.080s] Level 1:colcon.colcon_core.environment:checking '/home/root1/lzx_ws/project/lidar_camera_ros_ws/install/rslidar_sdk/bin'
[21.081s] INFO:colcon.colcon_core.shell:Creating package script '/home/root1/lzx_ws/project/lidar_camera_ros_ws/install/rslidar_sdk/share/rslidar_sdk/package.ps1'
[21.081s] INFO:colcon.colcon_core.shell:Creating package descriptor '/home/root1/lzx_ws/project/lidar_camera_ros_ws/install/rslidar_sdk/share/rslidar_sdk/package.dsv'
[21.081s] INFO:colcon.colcon_core.shell:Creating package script '/home/root1/lzx_ws/project/lidar_camera_ros_ws/install/rslidar_sdk/share/rslidar_sdk/package.sh'
[21.082s] INFO:colcon.colcon_core.shell:Creating package script '/home/root1/lzx_ws/project/lidar_camera_ros_ws/install/rslidar_sdk/share/rslidar_sdk/package.bash'
[21.082s] INFO:colcon.colcon_core.shell:Creating package script '/home/root1/lzx_ws/project/lidar_camera_ros_ws/install/rslidar_sdk/share/rslidar_sdk/package.zsh'
[21.082s] Level 1:colcon.colcon_core.environment:create_file_with_runtime_dependencies(/home/root1/lzx_ws/project/lidar_camera_ros_ws/install/rslidar_sdk/share/colcon-core/packages/rslidar_sdk)
[51.109s] DEBUG:colcon.colcon_core.event_handler.log_command:Invoked command in '/home/root1/lzx_ws/project/lidar_camera_ros_ws/build/vimbax_camera' returned '0': AMENT_PREFIX_PATH=/home/root1/lzx_ws/project/lidar_camera_ros_ws/install/vimbax_camera_events:/home/root1/lzx_ws/project/lidar_camera_ros_ws/install/vmbc_interface:/home/root1/lzx_ws/project/lidar_camera_ros_ws/install/vimbax_camera_msgs:${AMENT_PREFIX_PATH} CMAKE_PREFIX_PATH=/home/root1/lzx_ws/project/lidar_camera_ros_ws/install/vimbax_camera_events:/home/root1/lzx_ws/project/lidar_camera_ros_ws/install/vmbc_interface:/home/root1/lzx_ws/project/lidar_camera_ros_ws/install/vimbax_camera_msgs:${CMAKE_PREFIX_PATH} LD_LIBRARY_PATH=/home/root1/lzx_ws/project/lidar_camera_ros_ws/install/vimbax_camera_events/lib:/home/root1/lzx_ws/project/lidar_camera_ros_ws/install/vimbax_camera_msgs/lib:${LD_LIBRARY_PATH} PYTHONPATH=/home/root1/lzx_ws/project/lidar_camera_ros_ws/install/vimbax_camera_events/local/lib/python3.10/dist-packages:/home/root1/lzx_ws/project/lidar_camera_ros_ws/install/vimbax_camera_msgs/local/lib/python3.10/dist-packages:${PYTHONPATH} /usr/bin/cmake --build /home/root1/lzx_ws/project/lidar_camera_ros_ws/build/vimbax_camera -- -j16 -l16
[51.111s] DEBUG:colcon.colcon_core.event_handler.log_command:Invoking command in '/home/root1/lzx_ws/project/lidar_camera_ros_ws/build/vimbax_camera': AMENT_PREFIX_PATH=/home/root1/lzx_ws/project/lidar_camera_ros_ws/install/vimbax_camera_events:/home/root1/lzx_ws/project/lidar_camera_ros_ws/install/vmbc_interface:/home/root1/lzx_ws/project/lidar_camera_ros_ws/install/vimbax_camera_msgs:${AMENT_PREFIX_PATH} CMAKE_PREFIX_PATH=/home/root1/lzx_ws/project/lidar_camera_ros_ws/install/vimbax_camera_events:/home/root1/lzx_ws/project/lidar_camera_ros_ws/install/vmbc_interface:/home/root1/lzx_ws/project/lidar_camera_ros_ws/install/vimbax_camera_msgs:${CMAKE_PREFIX_PATH} LD_LIBRARY_PATH=/home/root1/lzx_ws/project/lidar_camera_ros_ws/install/vimbax_camera_events/lib:/home/root1/lzx_ws/project/lidar_camera_ros_ws/install/vimbax_camera_msgs/lib:${LD_LIBRARY_PATH} PYTHONPATH=/home/root1/lzx_ws/project/lidar_camera_ros_ws/install/vimbax_camera_events/local/lib/python3.10/dist-packages:/home/root1/lzx_ws/project/lidar_camera_ros_ws/install/vimbax_camera_msgs/local/lib/python3.10/dist-packages:${PYTHONPATH} /usr/bin/cmake --install /home/root1/lzx_ws/project/lidar_camera_ros_ws/build/vimbax_camera
[51.125s] Level 1:colcon.colcon_core.environment:create_environment_scripts_only(vimbax_camera)
[51.126s] Level 1:colcon.colcon_core.environment:checking '/home/root1/lzx_ws/project/lidar_camera_ros_ws/install/vimbax_camera' for CMake module files
[51.126s] DEBUG:colcon.colcon_core.event_handler.log_command:Invoked command in '/home/root1/lzx_ws/project/lidar_camera_ros_ws/build/vimbax_camera' returned '0': AMENT_PREFIX_PATH=/home/root1/lzx_ws/project/lidar_camera_ros_ws/install/vimbax_camera_events:/home/root1/lzx_ws/project/lidar_camera_ros_ws/install/vmbc_interface:/home/root1/lzx_ws/project/lidar_camera_ros_ws/install/vimbax_camera_msgs:${AMENT_PREFIX_PATH} CMAKE_PREFIX_PATH=/home/root1/lzx_ws/project/lidar_camera_ros_ws/install/vimbax_camera_events:/home/root1/lzx_ws/project/lidar_camera_ros_ws/install/vmbc_interface:/home/root1/lzx_ws/project/lidar_camera_ros_ws/install/vimbax_camera_msgs:${CMAKE_PREFIX_PATH} LD_LIBRARY_PATH=/home/root1/lzx_ws/project/lidar_camera_ros_ws/install/vimbax_camera_events/lib:/home/root1/lzx_ws/project/lidar_camera_ros_ws/install/vimbax_camera_msgs/lib:${LD_LIBRARY_PATH} PYTHONPATH=/home/root1/lzx_ws/project/lidar_camera_ros_ws/install/vimbax_camera_events/local/lib/python3.10/dist-packages:/home/root1/lzx_ws/project/lidar_camera_ros_ws/install/vimbax_camera_msgs/local/lib/python3.10/dist-packages:${PYTHONPATH} /usr/bin/cmake --install /home/root1/lzx_ws/project/lidar_camera_ros_ws/build/vimbax_camera
[51.126s] Level 1:colcon.colcon_core.environment:checking '/home/root1/lzx_ws/project/lidar_camera_ros_ws/install/vimbax_camera' for CMake config files
[51.126s] Level 1:colcon.colcon_core.shell:create_environment_hook('vimbax_camera', 'cmake_prefix_path')
[51.126s] INFO:colcon.colcon_core.shell:Creating environment hook '/home/root1/lzx_ws/project/lidar_camera_ros_ws/install/vimbax_camera/share/vimbax_camera/hook/cmake_prefix_path.ps1'
[51.127s] INFO:colcon.colcon_core.shell:Creating environment descriptor '/home/root1/lzx_ws/project/lidar_camera_ros_ws/install/vimbax_camera/share/vimbax_camera/hook/cmake_prefix_path.dsv'
[51.127s] INFO:colcon.colcon_core.shell:Creating environment hook '/home/root1/lzx_ws/project/lidar_camera_ros_ws/install/vimbax_camera/share/vimbax_camera/hook/cmake_prefix_path.sh'
[51.128s] Level 1:colcon.colcon_core.environment:checking '/home/root1/lzx_ws/project/lidar_camera_ros_ws/install/vimbax_camera/lib'
[51.128s] Level 1:colcon.colcon_core.shell:create_environment_hook('vimbax_camera', 'ld_library_path_lib')
[51.128s] INFO:colcon.colcon_core.shell:Creating environment hook '/home/root1/lzx_ws/project/lidar_camera_ros_ws/install/vimbax_camera/share/vimbax_camera/hook/ld_library_path_lib.ps1'
[51.128s] INFO:colcon.colcon_core.shell:Creating environment descriptor '/home/root1/lzx_ws/project/lidar_camera_ros_ws/install/vimbax_camera/share/vimbax_camera/hook/ld_library_path_lib.dsv'
[51.128s] INFO:colcon.colcon_core.shell:Creating environment hook '/home/root1/lzx_ws/project/lidar_camera_ros_ws/install/vimbax_camera/share/vimbax_camera/hook/ld_library_path_lib.sh'
[51.129s] Level 1:colcon.colcon_core.environment:checking '/home/root1/lzx_ws/project/lidar_camera_ros_ws/install/vimbax_camera/bin'
[51.129s] Level 1:colcon.colcon_core.environment:checking '/home/root1/lzx_ws/project/lidar_camera_ros_ws/install/vimbax_camera/lib/pkgconfig/vimbax_camera.pc'
[51.129s] Level 1:colcon.colcon_core.environment:checking '/home/root1/lzx_ws/project/lidar_camera_ros_ws/install/vimbax_camera/lib/python3.10/site-packages'
[51.129s] Level 1:colcon.colcon_core.environment:checking '/home/root1/lzx_ws/project/lidar_camera_ros_ws/install/vimbax_camera/bin'
[51.129s] INFO:colcon.colcon_core.shell:Creating package script '/home/root1/lzx_ws/project/lidar_camera_ros_ws/install/vimbax_camera/share/vimbax_camera/package.ps1'
[51.129s] INFO:colcon.colcon_core.shell:Creating package descriptor '/home/root1/lzx_ws/project/lidar_camera_ros_ws/install/vimbax_camera/share/vimbax_camera/package.dsv'
[51.130s] INFO:colcon.colcon_core.shell:Creating package script '/home/root1/lzx_ws/project/lidar_camera_ros_ws/install/vimbax_camera/share/vimbax_camera/package.sh'
[51.130s] INFO:colcon.colcon_core.shell:Creating package script '/home/root1/lzx_ws/project/lidar_camera_ros_ws/install/vimbax_camera/share/vimbax_camera/package.bash'
[51.130s] INFO:colcon.colcon_core.shell:Creating package script '/home/root1/lzx_ws/project/lidar_camera_ros_ws/install/vimbax_camera/share/vimbax_camera/package.zsh'
[51.131s] Level 1:colcon.colcon_core.environment:create_file_with_runtime_dependencies(/home/root1/lzx_ws/project/lidar_camera_ros_ws/install/vimbax_camera/share/colcon-core/packages/vimbax_camera)
[51.131s] Level 1:colcon.colcon_core.environment:create_environment_scripts_only(vimbax_camera)
[51.131s] Level 1:colcon.colcon_core.environment:checking '/home/root1/lzx_ws/project/lidar_camera_ros_ws/install/vimbax_camera' for CMake module files
[51.131s] Level 1:colcon.colcon_core.environment:checking '/home/root1/lzx_ws/project/lidar_camera_ros_ws/install/vimbax_camera' for CMake config files
[51.132s] Level 1:colcon.colcon_core.shell:create_environment_hook('vimbax_camera', 'cmake_prefix_path')
[51.132s] INFO:colcon.colcon_core.shell:Creating environment hook '/home/root1/lzx_ws/project/lidar_camera_ros_ws/install/vimbax_camera/share/vimbax_camera/hook/cmake_prefix_path.ps1'
[51.132s] INFO:colcon.colcon_core.shell:Creating environment descriptor '/home/root1/lzx_ws/project/lidar_camera_ros_ws/install/vimbax_camera/share/vimbax_camera/hook/cmake_prefix_path.dsv'
[51.132s] INFO:colcon.colcon_core.shell:Creating environment hook '/home/root1/lzx_ws/project/lidar_camera_ros_ws/install/vimbax_camera/share/vimbax_camera/hook/cmake_prefix_path.sh'
[51.133s] Level 1:colcon.colcon_core.environment:checking '/home/root1/lzx_ws/project/lidar_camera_ros_ws/install/vimbax_camera/lib'
[51.133s] Level 1:colcon.colcon_core.shell:create_environment_hook('vimbax_camera', 'ld_library_path_lib')
[51.133s] INFO:colcon.colcon_core.shell:Creating environment hook '/home/root1/lzx_ws/project/lidar_camera_ros_ws/install/vimbax_camera/share/vimbax_camera/hook/ld_library_path_lib.ps1'
[51.133s] INFO:colcon.colcon_core.shell:Creating environment descriptor '/home/root1/lzx_ws/project/lidar_camera_ros_ws/install/vimbax_camera/share/vimbax_camera/hook/ld_library_path_lib.dsv'
[51.133s] INFO:colcon.colcon_core.shell:Creating environment hook '/home/root1/lzx_ws/project/lidar_camera_ros_ws/install/vimbax_camera/share/vimbax_camera/hook/ld_library_path_lib.sh'
[51.134s] Level 1:colcon.colcon_core.environment:checking '/home/root1/lzx_ws/project/lidar_camera_ros_ws/install/vimbax_camera/bin'
[51.134s] Level 1:colcon.colcon_core.environment:checking '/home/root1/lzx_ws/project/lidar_camera_ros_ws/install/vimbax_camera/lib/pkgconfig/vimbax_camera.pc'
[51.134s] Level 1:colcon.colcon_core.environment:checking '/home/root1/lzx_ws/project/lidar_camera_ros_ws/install/vimbax_camera/lib/python3.10/site-packages'
[51.134s] Level 1:colcon.colcon_core.environment:checking '/home/root1/lzx_ws/project/lidar_camera_ros_ws/install/vimbax_camera/bin'
[51.134s] INFO:colcon.colcon_core.shell:Creating package script '/home/root1/lzx_ws/project/lidar_camera_ros_ws/install/vimbax_camera/share/vimbax_camera/package.ps1'
[51.135s] INFO:colcon.colcon_core.shell:Creating package descriptor '/home/root1/lzx_ws/project/lidar_camera_ros_ws/install/vimbax_camera/share/vimbax_camera/package.dsv'
[51.135s] INFO:colcon.colcon_core.shell:Creating package script '/home/root1/lzx_ws/project/lidar_camera_ros_ws/install/vimbax_camera/share/vimbax_camera/package.sh'
[51.136s] INFO:colcon.colcon_core.shell:Creating package script '/home/root1/lzx_ws/project/lidar_camera_ros_ws/install/vimbax_camera/share/vimbax_camera/package.bash'
[51.136s] INFO:colcon.colcon_core.shell:Creating package script '/home/root1/lzx_ws/project/lidar_camera_ros_ws/install/vimbax_camera/share/vimbax_camera/package.zsh'
[51.136s] Level 1:colcon.colcon_core.environment:create_file_with_runtime_dependencies(/home/root1/lzx_ws/project/lidar_camera_ros_ws/install/vimbax_camera/share/colcon-core/packages/vimbax_camera)
[51.136s] DEBUG:colcon.colcon_parallel_executor.executor.parallel:closing loop
[51.137s] DEBUG:colcon.colcon_parallel_executor.executor.parallel:loop closed
[51.137s] DEBUG:colcon.colcon_parallel_executor.executor.parallel:run_until_complete finished with '0'
[51.137s] DEBUG:colcon.colcon_core.event_reactor:joining thread
[51.143s] INFO:colcon.colcon_core.plugin_system:Skipping extension 'colcon_notification.desktop_notification.terminal_notifier': Not used on non-Darwin systems
[51.143s] INFO:colcon.colcon_core.plugin_system:Skipping extension 'colcon_notification.desktop_notification.win32': Not used on non-Windows systems
[51.143s] INFO:colcon.colcon_notification.desktop_notification:Sending desktop notification using 'notify2'
[51.143s] DEBUG:colcon.colcon_notification.desktop_notification.notify2:Failed to initialize notify2: org.freedesktop.DBus.Error.AccessDenied: Failed to connect to socket /run/user/1000/bus: Operation not permitted
[51.143s] DEBUG:colcon.colcon_core.event_reactor:joined thread
[51.143s] INFO:colcon.colcon_core.shell:Creating prefix script '/home/root1/lzx_ws/project/lidar_camera_ros_ws/install/local_setup.ps1'
[51.144s] INFO:colcon.colcon_core.shell:Creating prefix util module '/home/root1/lzx_ws/project/lidar_camera_ros_ws/install/_local_setup_util_ps1.py'
[51.145s] INFO:colcon.colcon_core.shell:Creating prefix chain script '/home/root1/lzx_ws/project/lidar_camera_ros_ws/install/setup.ps1'
[51.146s] INFO:colcon.colcon_core.shell:Creating prefix script '/home/root1/lzx_ws/project/lidar_camera_ros_ws/install/local_setup.sh'
[51.146s] INFO:colcon.colcon_core.shell:Creating prefix util module '/home/root1/lzx_ws/project/lidar_camera_ros_ws/install/_local_setup_util_sh.py'
[51.147s] INFO:colcon.colcon_core.shell:Creating prefix chain script '/home/root1/lzx_ws/project/lidar_camera_ros_ws/install/setup.sh'
[51.147s] INFO:colcon.colcon_core.shell:Creating prefix script '/home/root1/lzx_ws/project/lidar_camera_ros_ws/install/local_setup.bash'
[51.148s] INFO:colcon.colcon_core.shell:Creating prefix chain script '/home/root1/lzx_ws/project/lidar_camera_ros_ws/install/setup.bash'
[51.148s] INFO:colcon.colcon_core.shell:Creating prefix script '/home/root1/lzx_ws/project/lidar_camera_ros_ws/install/local_setup.zsh'
[51.149s] INFO:colcon.colcon_core.shell:Creating prefix chain script '/home/root1/lzx_ws/project/lidar_camera_ros_ws/install/setup.zsh'
