[0.169s] DEBUG:colcon:Command line arguments: ['/usr/bin/colcon', 'build', '--packages-select', 'rslidar_sdk', 'vimbax_camera', '--event-handlers', 'console_direct+', '--cmake-args', '-DCMAKE_BUILD_TYPE=Release']
[0.169s] DEBUG:colcon:Parsed command line arguments: Namespace(log_base=None, log_level=None, verb_name='build', build_base='build', install_base='install', merge_install=False, symlink_install=False, test_result_base=None, continue_on_error=False, executor='parallel', parallel_workers=16, event_handlers=['console_direct+'], ignore_user_meta=False, metas=['./colcon.meta'], base_paths=['.'], packages_ignore=None, packages_ignore_regex=None, paths=None, packages_up_to=None, packages_up_to_regex=None, packages_above=None, packages_above_and_dependencies=None, packages_above_depth=None, packages_select_by_dep=None, packages_skip_by_dep=None, packages_skip_up_to=None, packages_select_build_failed=False, packages_skip_build_finished=False, packages_select_test_failures=False, packages_skip_test_passed=False, packages_select=['rslidar_sdk', 'vimbax_camera'], packages_skip=None, packages_select_regex=None, packages_skip_regex=None, packages_start=None, packages_end=None, allow_overriding=[], cmake_args=['-DCMAKE_BUILD_TYPE=Release'], cmake_target=None, cmake_target_skip_unavailable=False, cmake_clean_cache=False, cmake_clean_first=False, cmake_force_configure=False, ament_cmake_args=None, catkin_cmake_args=None, catkin_skip_building_tests=False, verb_parser=<colcon_defaults.argument_parser.defaults.DefaultArgumentsDecorator object at 0x798aa03abcd0>, verb_extension=<colcon_core.verb.build.BuildVerb object at 0x798aa03abc40>, main=<bound method BuildVerb.main of <colcon_core.verb.build.BuildVerb object at 0x798aa03abc40>>)
[0.225s] Level 1:colcon.colcon_core.package_discovery:discover_packages(colcon_meta) check parameters
[0.225s] Level 1:colcon.colcon_core.package_discovery:discover_packages(recursive) check parameters
[0.225s] Level 1:colcon.colcon_core.package_discovery:discover_packages(ignore) check parameters
[0.225s] Level 1:colcon.colcon_core.package_discovery:discover_packages(path) check parameters
[0.225s] Level 1:colcon.colcon_core.package_discovery:discover_packages(colcon_meta) discover
[0.225s] Level 1:colcon.colcon_core.package_discovery:discover_packages(recursive) discover
[0.225s] INFO:colcon.colcon_core.package_discovery:Crawling recursively for packages in '/home/root1/lzx_ws/project/lidar_camera_ros_ws'
[0.225s] Level 1:colcon.colcon_core.package_identification:_identify(.) by extensions ['ignore', 'ignore_ament_install']
[0.226s] Level 1:colcon.colcon_core.package_identification:_identify(.) by extension 'ignore'
[0.226s] Level 1:colcon.colcon_core.package_identification:_identify(.) by extension 'ignore_ament_install'
[0.226s] Level 1:colcon.colcon_core.package_identification:_identify(.) by extensions ['colcon_pkg']
[0.226s] Level 1:colcon.colcon_core.package_identification:_identify(.) by extension 'colcon_pkg'
[0.226s] Level 1:colcon.colcon_core.package_identification:_identify(.) by extensions ['colcon_meta']
[0.226s] Level 1:colcon.colcon_core.package_identification:_identify(.) by extension 'colcon_meta'
[0.226s] Level 1:colcon.colcon_core.package_identification:_identify(.) by extensions ['ros']
[0.226s] Level 1:colcon.colcon_core.package_identification:_identify(.) by extension 'ros'
[0.256s] Level 1:colcon.colcon_core.package_identification:_identify(.) by extensions ['cmake', 'python']
[0.256s] Level 1:colcon.colcon_core.package_identification:_identify(.) by extension 'cmake'
[0.256s] Level 1:colcon.colcon_core.package_identification:_identify(.) by extension 'python'
[0.256s] Level 1:colcon.colcon_core.package_identification:_identify(.) by extensions ['python_setup_py']
[0.257s] Level 1:colcon.colcon_core.package_identification:_identify(.) by extension 'python_setup_py'
[0.257s] Level 1:colcon.colcon_core.package_identification:_identify(build) by extensions ['ignore', 'ignore_ament_install']
[0.257s] Level 1:colcon.colcon_core.package_identification:_identify(build) by extension 'ignore'
[0.257s] Level 1:colcon.colcon_core.package_identification:_identify(build) ignored
[0.257s] Level 1:colcon.colcon_core.package_identification:_identify(config) by extensions ['ignore', 'ignore_ament_install']
[0.257s] Level 1:colcon.colcon_core.package_identification:_identify(config) by extension 'ignore'
[0.257s] Level 1:colcon.colcon_core.package_identification:_identify(config) by extension 'ignore_ament_install'
[0.257s] Level 1:colcon.colcon_core.package_identification:_identify(config) by extensions ['colcon_pkg']
[0.257s] Level 1:colcon.colcon_core.package_identification:_identify(config) by extension 'colcon_pkg'
[0.257s] Level 1:colcon.colcon_core.package_identification:_identify(config) by extensions ['colcon_meta']
[0.257s] Level 1:colcon.colcon_core.package_identification:_identify(config) by extension 'colcon_meta'
[0.257s] Level 1:colcon.colcon_core.package_identification:_identify(config) by extensions ['ros']
[0.257s] Level 1:colcon.colcon_core.package_identification:_identify(config) by extension 'ros'
[0.257s] Level 1:colcon.colcon_core.package_identification:_identify(config) by extensions ['cmake', 'python']
[0.257s] Level 1:colcon.colcon_core.package_identification:_identify(config) by extension 'cmake'
[0.257s] Level 1:colcon.colcon_core.package_identification:_identify(config) by extension 'python'
[0.257s] Level 1:colcon.colcon_core.package_identification:_identify(config) by extensions ['python_setup_py']
[0.257s] Level 1:colcon.colcon_core.package_identification:_identify(config) by extension 'python_setup_py'
[0.257s] Level 1:colcon.colcon_core.package_identification:_identify(images) by extensions ['ignore', 'ignore_ament_install']
[0.257s] Level 1:colcon.colcon_core.package_identification:_identify(images) by extension 'ignore'
[0.257s] Level 1:colcon.colcon_core.package_identification:_identify(images) by extension 'ignore_ament_install'
[0.257s] Level 1:colcon.colcon_core.package_identification:_identify(images) by extensions ['colcon_pkg']
[0.257s] Level 1:colcon.colcon_core.package_identification:_identify(images) by extension 'colcon_pkg'
[0.258s] Level 1:colcon.colcon_core.package_identification:_identify(images) by extensions ['colcon_meta']
[0.258s] Level 1:colcon.colcon_core.package_identification:_identify(images) by extension 'colcon_meta'
[0.258s] Level 1:colcon.colcon_core.package_identification:_identify(images) by extensions ['ros']
[0.258s] Level 1:colcon.colcon_core.package_identification:_identify(images) by extension 'ros'
[0.258s] Level 1:colcon.colcon_core.package_identification:_identify(images) by extensions ['cmake', 'python']
[0.258s] Level 1:colcon.colcon_core.package_identification:_identify(images) by extension 'cmake'
[0.258s] Level 1:colcon.colcon_core.package_identification:_identify(images) by extension 'python'
[0.258s] Level 1:colcon.colcon_core.package_identification:_identify(images) by extensions ['python_setup_py']
[0.258s] Level 1:colcon.colcon_core.package_identification:_identify(images) by extension 'python_setup_py'
[0.258s] Level 1:colcon.colcon_core.package_identification:_identify(install) by extensions ['ignore', 'ignore_ament_install']
[0.258s] Level 1:colcon.colcon_core.package_identification:_identify(install) by extension 'ignore'
[0.258s] Level 1:colcon.colcon_core.package_identification:_identify(install) ignored
[0.258s] Level 1:colcon.colcon_core.package_identification:_identify(launch) by extensions ['ignore', 'ignore_ament_install']
[0.258s] Level 1:colcon.colcon_core.package_identification:_identify(launch) by extension 'ignore'
[0.258s] Level 1:colcon.colcon_core.package_identification:_identify(launch) by extension 'ignore_ament_install'
[0.258s] Level 1:colcon.colcon_core.package_identification:_identify(launch) by extensions ['colcon_pkg']
[0.258s] Level 1:colcon.colcon_core.package_identification:_identify(launch) by extension 'colcon_pkg'
[0.258s] Level 1:colcon.colcon_core.package_identification:_identify(launch) by extensions ['colcon_meta']
[0.258s] Level 1:colcon.colcon_core.package_identification:_identify(launch) by extension 'colcon_meta'
[0.258s] Level 1:colcon.colcon_core.package_identification:_identify(launch) by extensions ['ros']
[0.258s] Level 1:colcon.colcon_core.package_identification:_identify(launch) by extension 'ros'
[0.258s] Level 1:colcon.colcon_core.package_identification:_identify(launch) by extensions ['cmake', 'python']
[0.259s] Level 1:colcon.colcon_core.package_identification:_identify(launch) by extension 'cmake'
[0.259s] Level 1:colcon.colcon_core.package_identification:_identify(launch) by extension 'python'
[0.259s] Level 1:colcon.colcon_core.package_identification:_identify(launch) by extensions ['python_setup_py']
[0.259s] Level 1:colcon.colcon_core.package_identification:_identify(launch) by extension 'python_setup_py'
[0.259s] Level 1:colcon.colcon_core.package_identification:_identify(log) by extensions ['ignore', 'ignore_ament_install']
[0.259s] Level 1:colcon.colcon_core.package_identification:_identify(log) by extension 'ignore'
[0.259s] Level 1:colcon.colcon_core.package_identification:_identify(log) ignored
[0.259s] Level 1:colcon.colcon_core.package_identification:_identify(src) by extensions ['ignore', 'ignore_ament_install']
[0.259s] Level 1:colcon.colcon_core.package_identification:_identify(src) by extension 'ignore'
[0.259s] Level 1:colcon.colcon_core.package_identification:_identify(src) by extension 'ignore_ament_install'
[0.259s] Level 1:colcon.colcon_core.package_identification:_identify(src) by extensions ['colcon_pkg']
[0.259s] Level 1:colcon.colcon_core.package_identification:_identify(src) by extension 'colcon_pkg'
[0.259s] Level 1:colcon.colcon_core.package_identification:_identify(src) by extensions ['colcon_meta']
[0.259s] Level 1:colcon.colcon_core.package_identification:_identify(src) by extension 'colcon_meta'
[0.259s] Level 1:colcon.colcon_core.package_identification:_identify(src) by extensions ['ros']
[0.259s] Level 1:colcon.colcon_core.package_identification:_identify(src) by extension 'ros'
[0.259s] Level 1:colcon.colcon_core.package_identification:_identify(src) by extensions ['cmake', 'python']
[0.259s] Level 1:colcon.colcon_core.package_identification:_identify(src) by extension 'cmake'
[0.259s] Level 1:colcon.colcon_core.package_identification:_identify(src) by extension 'python'
[0.259s] Level 1:colcon.colcon_core.package_identification:_identify(src) by extensions ['python_setup_py']
[0.259s] Level 1:colcon.colcon_core.package_identification:_identify(src) by extension 'python_setup_py'
[0.259s] Level 1:colcon.colcon_core.package_identification:_identify(src/rslidar_msg) by extensions ['ignore', 'ignore_ament_install']
[0.259s] Level 1:colcon.colcon_core.package_identification:_identify(src/rslidar_msg) by extension 'ignore'
[0.259s] Level 1:colcon.colcon_core.package_identification:_identify(src/rslidar_msg) by extension 'ignore_ament_install'
[0.259s] Level 1:colcon.colcon_core.package_identification:_identify(src/rslidar_msg) by extensions ['colcon_pkg']
[0.259s] Level 1:colcon.colcon_core.package_identification:_identify(src/rslidar_msg) by extension 'colcon_pkg'
[0.260s] Level 1:colcon.colcon_core.package_identification:_identify(src/rslidar_msg) by extensions ['colcon_meta']
[0.260s] Level 1:colcon.colcon_core.package_identification:_identify(src/rslidar_msg) by extension 'colcon_meta'
[0.260s] Level 1:colcon.colcon_core.package_identification:_identify(src/rslidar_msg) by extensions ['ros']
[0.260s] Level 1:colcon.colcon_core.package_identification:_identify(src/rslidar_msg) by extension 'ros'
[0.262s] DEBUG:colcon.colcon_core.package_identification:Package 'src/rslidar_msg' with type 'ros.ament_cmake' and name 'rslidar_msg'
[0.262s] Level 1:colcon.colcon_core.package_identification:_identify(src/rslidar_sdk) by extensions ['ignore', 'ignore_ament_install']
[0.262s] Level 1:colcon.colcon_core.package_identification:_identify(src/rslidar_sdk) by extension 'ignore'
[0.263s] Level 1:colcon.colcon_core.package_identification:_identify(src/rslidar_sdk) by extension 'ignore_ament_install'
[0.263s] Level 1:colcon.colcon_core.package_identification:_identify(src/rslidar_sdk) by extensions ['colcon_pkg']
[0.263s] Level 1:colcon.colcon_core.package_identification:_identify(src/rslidar_sdk) by extension 'colcon_pkg'
[0.263s] Level 1:colcon.colcon_core.package_identification:_identify(src/rslidar_sdk) by extensions ['colcon_meta']
[0.263s] Level 1:colcon.colcon_core.package_identification:_identify(src/rslidar_sdk) by extension 'colcon_meta'
[0.263s] Level 1:colcon.colcon_core.package_identification:_identify(src/rslidar_sdk) by extensions ['ros']
[0.263s] Level 1:colcon.colcon_core.package_identification:_identify(src/rslidar_sdk) by extension 'ros'
[0.270s] DEBUG:colcon.colcon_core.package_identification:Package 'src/rslidar_sdk' with type 'ros.ament_cmake' and name 'rslidar_sdk'
[0.270s] Level 1:colcon.colcon_core.package_identification:_identify(src/rslidar_tf_broadcaster) by extensions ['ignore', 'ignore_ament_install']
[0.270s] Level 1:colcon.colcon_core.package_identification:_identify(src/rslidar_tf_broadcaster) by extension 'ignore'
[0.270s] Level 1:colcon.colcon_core.package_identification:_identify(src/rslidar_tf_broadcaster) by extension 'ignore_ament_install'
[0.270s] Level 1:colcon.colcon_core.package_identification:_identify(src/rslidar_tf_broadcaster) by extensions ['colcon_pkg']
[0.270s] Level 1:colcon.colcon_core.package_identification:_identify(src/rslidar_tf_broadcaster) by extension 'colcon_pkg'
[0.270s] Level 1:colcon.colcon_core.package_identification:_identify(src/rslidar_tf_broadcaster) by extensions ['colcon_meta']
[0.270s] Level 1:colcon.colcon_core.package_identification:_identify(src/rslidar_tf_broadcaster) by extension 'colcon_meta'
[0.271s] Level 1:colcon.colcon_core.package_identification:_identify(src/rslidar_tf_broadcaster) by extensions ['ros']
[0.271s] Level 1:colcon.colcon_core.package_identification:_identify(src/rslidar_tf_broadcaster) by extension 'ros'
[0.271s] Level 1:colcon.colcon_core.package_identification:_identify(src/rslidar_tf_broadcaster) by extensions ['cmake', 'python']
[0.271s] Level 1:colcon.colcon_core.package_identification:_identify(src/rslidar_tf_broadcaster) by extension 'cmake'
[0.271s] Level 1:colcon.colcon_core.package_identification:_identify(src/rslidar_tf_broadcaster) by extension 'python'
[0.271s] Level 1:colcon.colcon_core.package_identification:_identify(src/rslidar_tf_broadcaster) by extensions ['python_setup_py']
[0.271s] Level 1:colcon.colcon_core.package_identification:_identify(src/rslidar_tf_broadcaster) by extension 'python_setup_py'
[0.271s] Level 1:colcon.colcon_core.package_identification:_identify(src/rslidar_tf_broadcaster/launch) by extensions ['ignore', 'ignore_ament_install']
[0.271s] Level 1:colcon.colcon_core.package_identification:_identify(src/rslidar_tf_broadcaster/launch) by extension 'ignore'
[0.271s] Level 1:colcon.colcon_core.package_identification:_identify(src/rslidar_tf_broadcaster/launch) by extension 'ignore_ament_install'
[0.271s] Level 1:colcon.colcon_core.package_identification:_identify(src/rslidar_tf_broadcaster/launch) by extensions ['colcon_pkg']
[0.271s] Level 1:colcon.colcon_core.package_identification:_identify(src/rslidar_tf_broadcaster/launch) by extension 'colcon_pkg'
[0.271s] Level 1:colcon.colcon_core.package_identification:_identify(src/rslidar_tf_broadcaster/launch) by extensions ['colcon_meta']
[0.271s] Level 1:colcon.colcon_core.package_identification:_identify(src/rslidar_tf_broadcaster/launch) by extension 'colcon_meta'
[0.271s] Level 1:colcon.colcon_core.package_identification:_identify(src/rslidar_tf_broadcaster/launch) by extensions ['ros']
[0.271s] Level 1:colcon.colcon_core.package_identification:_identify(src/rslidar_tf_broadcaster/launch) by extension 'ros'
[0.271s] Level 1:colcon.colcon_core.package_identification:_identify(src/rslidar_tf_broadcaster/launch) by extensions ['cmake', 'python']
[0.271s] Level 1:colcon.colcon_core.package_identification:_identify(src/rslidar_tf_broadcaster/launch) by extension 'cmake'
[0.271s] Level 1:colcon.colcon_core.package_identification:_identify(src/rslidar_tf_broadcaster/launch) by extension 'python'
[0.271s] Level 1:colcon.colcon_core.package_identification:_identify(src/rslidar_tf_broadcaster/launch) by extensions ['python_setup_py']
[0.271s] Level 1:colcon.colcon_core.package_identification:_identify(src/rslidar_tf_broadcaster/launch) by extension 'python_setup_py'
[0.271s] Level 1:colcon.colcon_core.package_identification:_identify(src/rslidar_tf_broadcaster/src) by extensions ['ignore', 'ignore_ament_install']
[0.271s] Level 1:colcon.colcon_core.package_identification:_identify(src/rslidar_tf_broadcaster/src) by extension 'ignore'
[0.271s] Level 1:colcon.colcon_core.package_identification:_identify(src/rslidar_tf_broadcaster/src) by extension 'ignore_ament_install'
[0.271s] Level 1:colcon.colcon_core.package_identification:_identify(src/rslidar_tf_broadcaster/src) by extensions ['colcon_pkg']
[0.272s] Level 1:colcon.colcon_core.package_identification:_identify(src/rslidar_tf_broadcaster/src) by extension 'colcon_pkg'
[0.272s] Level 1:colcon.colcon_core.package_identification:_identify(src/rslidar_tf_broadcaster/src) by extensions ['colcon_meta']
[0.272s] Level 1:colcon.colcon_core.package_identification:_identify(src/rslidar_tf_broadcaster/src) by extension 'colcon_meta'
[0.272s] Level 1:colcon.colcon_core.package_identification:_identify(src/rslidar_tf_broadcaster/src) by extensions ['ros']
[0.272s] Level 1:colcon.colcon_core.package_identification:_identify(src/rslidar_tf_broadcaster/src) by extension 'ros'
[0.272s] Level 1:colcon.colcon_core.package_identification:_identify(src/rslidar_tf_broadcaster/src) by extensions ['cmake', 'python']
[0.272s] Level 1:colcon.colcon_core.package_identification:_identify(src/rslidar_tf_broadcaster/src) by extension 'cmake'
[0.272s] Level 1:colcon.colcon_core.package_identification:_identify(src/rslidar_tf_broadcaster/src) by extension 'python'
[0.272s] Level 1:colcon.colcon_core.package_identification:_identify(src/rslidar_tf_broadcaster/src) by extensions ['python_setup_py']
[0.272s] Level 1:colcon.colcon_core.package_identification:_identify(src/rslidar_tf_broadcaster/src) by extension 'python_setup_py'
[0.272s] Level 1:colcon.colcon_core.package_identification:_identify(src/vimbax_camera_color_correction) by extensions ['ignore', 'ignore_ament_install']
[0.272s] Level 1:colcon.colcon_core.package_identification:_identify(src/vimbax_camera_color_correction) by extension 'ignore'
[0.272s] Level 1:colcon.colcon_core.package_identification:_identify(src/vimbax_camera_color_correction) by extension 'ignore_ament_install'
[0.272s] Level 1:colcon.colcon_core.package_identification:_identify(src/vimbax_camera_color_correction) by extensions ['colcon_pkg']
[0.272s] Level 1:colcon.colcon_core.package_identification:_identify(src/vimbax_camera_color_correction) by extension 'colcon_pkg'
[0.272s] Level 1:colcon.colcon_core.package_identification:_identify(src/vimbax_camera_color_correction) by extensions ['colcon_meta']
[0.272s] Level 1:colcon.colcon_core.package_identification:_identify(src/vimbax_camera_color_correction) by extension 'colcon_meta'
[0.272s] Level 1:colcon.colcon_core.package_identification:_identify(src/vimbax_camera_color_correction) by extensions ['ros']
[0.272s] Level 1:colcon.colcon_core.package_identification:_identify(src/vimbax_camera_color_correction) by extension 'ros'
[0.273s] DEBUG:colcon.colcon_core.package_identification:Package 'src/vimbax_camera_color_correction' with type 'ros.ament_python' and name 'vimbax_camera_color_correction'
[0.273s] Level 1:colcon.colcon_core.package_identification:_identify(src/vimbax_camera_color_correction_cpp) by extensions ['ignore', 'ignore_ament_install']
[0.273s] Level 1:colcon.colcon_core.package_identification:_identify(src/vimbax_camera_color_correction_cpp) by extension 'ignore'
[0.273s] Level 1:colcon.colcon_core.package_identification:_identify(src/vimbax_camera_color_correction_cpp) by extension 'ignore_ament_install'
[0.273s] Level 1:colcon.colcon_core.package_identification:_identify(src/vimbax_camera_color_correction_cpp) by extensions ['colcon_pkg']
[0.273s] Level 1:colcon.colcon_core.package_identification:_identify(src/vimbax_camera_color_correction_cpp) by extension 'colcon_pkg'
[0.273s] Level 1:colcon.colcon_core.package_identification:_identify(src/vimbax_camera_color_correction_cpp) by extensions ['colcon_meta']
[0.273s] Level 1:colcon.colcon_core.package_identification:_identify(src/vimbax_camera_color_correction_cpp) by extension 'colcon_meta'
[0.273s] Level 1:colcon.colcon_core.package_identification:_identify(src/vimbax_camera_color_correction_cpp) by extensions ['ros']
[0.273s] Level 1:colcon.colcon_core.package_identification:_identify(src/vimbax_camera_color_correction_cpp) by extension 'ros'
[0.274s] DEBUG:colcon.colcon_core.package_identification:Package 'src/vimbax_camera_color_correction_cpp' with type 'ros.ament_cmake' and name 'vimbax_camera_color_correction_cpp'
[0.274s] Level 1:colcon.colcon_core.package_identification:_identify(src/vimbax_ros2_driver) by extensions ['ignore', 'ignore_ament_install']
[0.274s] Level 1:colcon.colcon_core.package_identification:_identify(src/vimbax_ros2_driver) by extension 'ignore'
[0.274s] Level 1:colcon.colcon_core.package_identification:_identify(src/vimbax_ros2_driver) by extension 'ignore_ament_install'
[0.274s] Level 1:colcon.colcon_core.package_identification:_identify(src/vimbax_ros2_driver) by extensions ['colcon_pkg']
[0.274s] Level 1:colcon.colcon_core.package_identification:_identify(src/vimbax_ros2_driver) by extension 'colcon_pkg'
[0.274s] Level 1:colcon.colcon_core.package_identification:_identify(src/vimbax_ros2_driver) by extensions ['colcon_meta']
[0.274s] Level 1:colcon.colcon_core.package_identification:_identify(src/vimbax_ros2_driver) by extension 'colcon_meta'
[0.274s] Level 1:colcon.colcon_core.package_identification:_identify(src/vimbax_ros2_driver) by extensions ['ros']
[0.274s] Level 1:colcon.colcon_core.package_identification:_identify(src/vimbax_ros2_driver) by extension 'ros'
[0.274s] Level 1:colcon.colcon_core.package_identification:_identify(src/vimbax_ros2_driver) by extensions ['cmake', 'python']
[0.274s] Level 1:colcon.colcon_core.package_identification:_identify(src/vimbax_ros2_driver) by extension 'cmake'
[0.274s] Level 1:colcon.colcon_core.package_identification:_identify(src/vimbax_ros2_driver) by extension 'python'
[0.274s] Level 1:colcon.colcon_core.package_identification:_identify(src/vimbax_ros2_driver) by extensions ['python_setup_py']
[0.274s] Level 1:colcon.colcon_core.package_identification:_identify(src/vimbax_ros2_driver) by extension 'python_setup_py'
[0.274s] Level 1:colcon.colcon_core.package_identification:_identify(src/vimbax_ros2_driver/vimbax_camera) by extensions ['ignore', 'ignore_ament_install']
[0.275s] Level 1:colcon.colcon_core.package_identification:_identify(src/vimbax_ros2_driver/vimbax_camera) by extension 'ignore'
[0.275s] Level 1:colcon.colcon_core.package_identification:_identify(src/vimbax_ros2_driver/vimbax_camera) by extension 'ignore_ament_install'
[0.275s] Level 1:colcon.colcon_core.package_identification:_identify(src/vimbax_ros2_driver/vimbax_camera) by extensions ['colcon_pkg']
[0.275s] Level 1:colcon.colcon_core.package_identification:_identify(src/vimbax_ros2_driver/vimbax_camera) by extension 'colcon_pkg'
[0.275s] Level 1:colcon.colcon_core.package_identification:_identify(src/vimbax_ros2_driver/vimbax_camera) by extensions ['colcon_meta']
[0.275s] Level 1:colcon.colcon_core.package_identification:_identify(src/vimbax_ros2_driver/vimbax_camera) by extension 'colcon_meta'
[0.275s] Level 1:colcon.colcon_core.package_identification:_identify(src/vimbax_ros2_driver/vimbax_camera) by extensions ['ros']
[0.275s] Level 1:colcon.colcon_core.package_identification:_identify(src/vimbax_ros2_driver/vimbax_camera) by extension 'ros'
[0.275s] DEBUG:colcon.colcon_core.package_identification:Package 'src/vimbax_ros2_driver/vimbax_camera' with type 'ros.ament_cmake' and name 'vimbax_camera'
[0.276s] Level 1:colcon.colcon_core.package_identification:_identify(src/vimbax_ros2_driver/vimbax_camera_events) by extensions ['ignore', 'ignore_ament_install']
[0.276s] Level 1:colcon.colcon_core.package_identification:_identify(src/vimbax_ros2_driver/vimbax_camera_events) by extension 'ignore'
[0.276s] Level 1:colcon.colcon_core.package_identification:_identify(src/vimbax_ros2_driver/vimbax_camera_events) by extension 'ignore_ament_install'
[0.276s] Level 1:colcon.colcon_core.package_identification:_identify(src/vimbax_ros2_driver/vimbax_camera_events) by extensions ['colcon_pkg']
[0.276s] Level 1:colcon.colcon_core.package_identification:_identify(src/vimbax_ros2_driver/vimbax_camera_events) by extension 'colcon_pkg'
[0.276s] Level 1:colcon.colcon_core.package_identification:_identify(src/vimbax_ros2_driver/vimbax_camera_events) by extensions ['colcon_meta']
[0.276s] Level 1:colcon.colcon_core.package_identification:_identify(src/vimbax_ros2_driver/vimbax_camera_events) by extension 'colcon_meta'
[0.276s] Level 1:colcon.colcon_core.package_identification:_identify(src/vimbax_ros2_driver/vimbax_camera_events) by extensions ['ros']
[0.276s] Level 1:colcon.colcon_core.package_identification:_identify(src/vimbax_ros2_driver/vimbax_camera_events) by extension 'ros'
[0.276s] DEBUG:colcon.colcon_core.package_identification:Package 'src/vimbax_ros2_driver/vimbax_camera_events' with type 'ros.ament_cmake' and name 'vimbax_camera_events'
[0.276s] Level 1:colcon.colcon_core.package_identification:_identify(src/vimbax_ros2_driver/vimbax_camera_examples) by extensions ['ignore', 'ignore_ament_install']
[0.276s] Level 1:colcon.colcon_core.package_identification:_identify(src/vimbax_ros2_driver/vimbax_camera_examples) by extension 'ignore'
[0.277s] Level 1:colcon.colcon_core.package_identification:_identify(src/vimbax_ros2_driver/vimbax_camera_examples) by extension 'ignore_ament_install'
[0.277s] Level 1:colcon.colcon_core.package_identification:_identify(src/vimbax_ros2_driver/vimbax_camera_examples) by extensions ['colcon_pkg']
[0.277s] Level 1:colcon.colcon_core.package_identification:_identify(src/vimbax_ros2_driver/vimbax_camera_examples) by extension 'colcon_pkg'
[0.277s] Level 1:colcon.colcon_core.package_identification:_identify(src/vimbax_ros2_driver/vimbax_camera_examples) by extensions ['colcon_meta']
[0.277s] Level 1:colcon.colcon_core.package_identification:_identify(src/vimbax_ros2_driver/vimbax_camera_examples) by extension 'colcon_meta'
[0.277s] Level 1:colcon.colcon_core.package_identification:_identify(src/vimbax_ros2_driver/vimbax_camera_examples) by extensions ['ros']
[0.277s] Level 1:colcon.colcon_core.package_identification:_identify(src/vimbax_ros2_driver/vimbax_camera_examples) by extension 'ros'
[0.278s] DEBUG:colcon.colcon_core.package_identification:Package 'src/vimbax_ros2_driver/vimbax_camera_examples' with type 'ros.ament_cmake' and name 'vimbax_camera_examples'
[0.278s] Level 1:colcon.colcon_core.package_identification:_identify(src/vimbax_ros2_driver/vimbax_camera_msgs) by extensions ['ignore', 'ignore_ament_install']
[0.278s] Level 1:colcon.colcon_core.package_identification:_identify(src/vimbax_ros2_driver/vimbax_camera_msgs) by extension 'ignore'
[0.278s] Level 1:colcon.colcon_core.package_identification:_identify(src/vimbax_ros2_driver/vimbax_camera_msgs) by extension 'ignore_ament_install'
[0.278s] Level 1:colcon.colcon_core.package_identification:_identify(src/vimbax_ros2_driver/vimbax_camera_msgs) by extensions ['colcon_pkg']
[0.278s] Level 1:colcon.colcon_core.package_identification:_identify(src/vimbax_ros2_driver/vimbax_camera_msgs) by extension 'colcon_pkg'
[0.278s] Level 1:colcon.colcon_core.package_identification:_identify(src/vimbax_ros2_driver/vimbax_camera_msgs) by extensions ['colcon_meta']
[0.278s] Level 1:colcon.colcon_core.package_identification:_identify(src/vimbax_ros2_driver/vimbax_camera_msgs) by extension 'colcon_meta'
[0.278s] Level 1:colcon.colcon_core.package_identification:_identify(src/vimbax_ros2_driver/vimbax_camera_msgs) by extensions ['ros']
[0.278s] Level 1:colcon.colcon_core.package_identification:_identify(src/vimbax_ros2_driver/vimbax_camera_msgs) by extension 'ros'
[0.279s] DEBUG:colcon.colcon_core.package_identification:Package 'src/vimbax_ros2_driver/vimbax_camera_msgs' with type 'ros.ament_cmake' and name 'vimbax_camera_msgs'
[0.279s] Level 1:colcon.colcon_core.package_identification:_identify(src/vimbax_ros2_driver/vmbc_interface) by extensions ['ignore', 'ignore_ament_install']
[0.279s] Level 1:colcon.colcon_core.package_identification:_identify(src/vimbax_ros2_driver/vmbc_interface) by extension 'ignore'
[0.279s] Level 1:colcon.colcon_core.package_identification:_identify(src/vimbax_ros2_driver/vmbc_interface) by extension 'ignore_ament_install'
[0.279s] Level 1:colcon.colcon_core.package_identification:_identify(src/vimbax_ros2_driver/vmbc_interface) by extensions ['colcon_pkg']
[0.279s] Level 1:colcon.colcon_core.package_identification:_identify(src/vimbax_ros2_driver/vmbc_interface) by extension 'colcon_pkg'
[0.279s] Level 1:colcon.colcon_core.package_identification:_identify(src/vimbax_ros2_driver/vmbc_interface) by extensions ['colcon_meta']
[0.279s] Level 1:colcon.colcon_core.package_identification:_identify(src/vimbax_ros2_driver/vmbc_interface) by extension 'colcon_meta'
[0.279s] Level 1:colcon.colcon_core.package_identification:_identify(src/vimbax_ros2_driver/vmbc_interface) by extensions ['ros']
[0.279s] Level 1:colcon.colcon_core.package_identification:_identify(src/vimbax_ros2_driver/vmbc_interface) by extension 'ros'
[0.279s] DEBUG:colcon.colcon_core.package_identification:Package 'src/vimbax_ros2_driver/vmbc_interface' with type 'ros.ament_cmake' and name 'vmbc_interface'
[0.279s] Level 1:colcon.colcon_core.package_discovery:discover_packages(recursive) using defaults
[0.279s] Level 1:colcon.colcon_core.package_discovery:discover_packages(ignore) discover
[0.279s] Level 1:colcon.colcon_core.package_discovery:discover_packages(ignore) using defaults
[0.279s] Level 1:colcon.colcon_core.package_discovery:discover_packages(path) discover
[0.280s] Level 1:colcon.colcon_core.package_discovery:discover_packages(path) using defaults
[0.300s] INFO:colcon.colcon_core.package_selection:Skipping not selected package 'rslidar_msg' in 'src/rslidar_msg'
[0.301s] INFO:colcon.colcon_core.package_selection:Skipping not selected package 'vimbax_camera_color_correction_cpp' in 'src/vimbax_camera_color_correction_cpp'
[0.301s] INFO:colcon.colcon_core.package_selection:Skipping not selected package 'vimbax_camera_msgs' in 'src/vimbax_ros2_driver/vimbax_camera_msgs'
[0.301s] INFO:colcon.colcon_core.package_selection:Skipping not selected package 'vmbc_interface' in 'src/vimbax_ros2_driver/vmbc_interface'
[0.301s] INFO:colcon.colcon_core.package_selection:Skipping not selected package 'vimbax_camera_color_correction' in 'src/vimbax_camera_color_correction'
[0.301s] INFO:colcon.colcon_core.package_selection:Skipping not selected package 'vimbax_camera_events' in 'src/vimbax_ros2_driver/vimbax_camera_events'
[0.301s] INFO:colcon.colcon_core.package_selection:Skipping not selected package 'vimbax_camera_examples' in 'src/vimbax_ros2_driver/vimbax_camera_examples'
[0.301s] Level 1:colcon.colcon_core.package_discovery:discover_packages(prefix_path) check parameters
[0.301s] Level 1:colcon.colcon_core.package_discovery:discover_packages(prefix_path) discover
[0.306s] DEBUG:colcon.colcon_installed_package_information.package_discovery:Found 1 installed packages in /home/root1/ros2_ws/install
[0.307s] DEBUG:colcon.colcon_installed_package_information.package_discovery:Found 284 installed packages in /opt/ros/humble
[0.308s] Level 1:colcon.colcon_core.package_discovery:discover_packages(prefix_path) using defaults
[0.348s] Level 5:colcon.colcon_core.verb:set package 'rslidar_sdk' build argument 'cmake_args' from command line to '['-DCMAKE_BUILD_TYPE=Release']'
[0.348s] Level 5:colcon.colcon_core.verb:set package 'rslidar_sdk' build argument 'cmake_target' from command line to 'None'
[0.348s] Level 5:colcon.colcon_core.verb:set package 'rslidar_sdk' build argument 'cmake_target_skip_unavailable' from command line to 'False'
[0.348s] Level 5:colcon.colcon_core.verb:set package 'rslidar_sdk' build argument 'cmake_clean_cache' from command line to 'False'
[0.348s] Level 5:colcon.colcon_core.verb:set package 'rslidar_sdk' build argument 'cmake_clean_first' from command line to 'False'
[0.348s] Level 5:colcon.colcon_core.verb:set package 'rslidar_sdk' build argument 'cmake_force_configure' from command line to 'False'
[0.348s] Level 5:colcon.colcon_core.verb:set package 'rslidar_sdk' build argument 'ament_cmake_args' from command line to 'None'
[0.348s] Level 5:colcon.colcon_core.verb:set package 'rslidar_sdk' build argument 'catkin_cmake_args' from command line to 'None'
[0.348s] Level 5:colcon.colcon_core.verb:set package 'rslidar_sdk' build argument 'catkin_skip_building_tests' from command line to 'False'
[0.348s] DEBUG:colcon.colcon_core.verb:Building package 'rslidar_sdk' with the following arguments: {'ament_cmake_args': None, 'build_base': '/home/root1/lzx_ws/project/lidar_camera_ros_ws/build/rslidar_sdk', 'catkin_cmake_args': None, 'catkin_skip_building_tests': False, 'cmake_args': ['-DCMAKE_BUILD_TYPE=Release'], 'cmake_clean_cache': False, 'cmake_clean_first': False, 'cmake_force_configure': False, 'cmake_target': None, 'cmake_target_skip_unavailable': False, 'install_base': '/home/root1/lzx_ws/project/lidar_camera_ros_ws/install/rslidar_sdk', 'merge_install': False, 'path': '/home/root1/lzx_ws/project/lidar_camera_ros_ws/src/rslidar_sdk', 'symlink_install': False, 'test_result_base': None}
[0.349s] Level 5:colcon.colcon_core.verb:set package 'vimbax_camera' build argument 'cmake_args' from command line to '['-DCMAKE_BUILD_TYPE=Release']'
[0.349s] Level 5:colcon.colcon_core.verb:set package 'vimbax_camera' build argument 'cmake_target' from command line to 'None'
[0.349s] Level 5:colcon.colcon_core.verb:set package 'vimbax_camera' build argument 'cmake_target_skip_unavailable' from command line to 'False'
[0.349s] Level 5:colcon.colcon_core.verb:set package 'vimbax_camera' build argument 'cmake_clean_cache' from command line to 'False'
[0.349s] Level 5:colcon.colcon_core.verb:set package 'vimbax_camera' build argument 'cmake_clean_first' from command line to 'False'
[0.349s] Level 5:colcon.colcon_core.verb:set package 'vimbax_camera' build argument 'cmake_force_configure' from command line to 'False'
[0.349s] Level 5:colcon.colcon_core.verb:set package 'vimbax_camera' build argument 'ament_cmake_args' from command line to 'None'
[0.349s] Level 5:colcon.colcon_core.verb:set package 'vimbax_camera' build argument 'catkin_cmake_args' from command line to 'None'
[0.349s] Level 5:colcon.colcon_core.verb:set package 'vimbax_camera' build argument 'catkin_skip_building_tests' from command line to 'False'
[0.349s] DEBUG:colcon.colcon_core.verb:Building package 'vimbax_camera' with the following arguments: {'ament_cmake_args': None, 'build_base': '/home/root1/lzx_ws/project/lidar_camera_ros_ws/build/vimbax_camera', 'catkin_cmake_args': None, 'catkin_skip_building_tests': False, 'cmake_args': ['-DCMAKE_BUILD_TYPE=Release'], 'cmake_clean_cache': False, 'cmake_clean_first': False, 'cmake_force_configure': False, 'cmake_target': None, 'cmake_target_skip_unavailable': False, 'install_base': '/home/root1/lzx_ws/project/lidar_camera_ros_ws/install/vimbax_camera', 'merge_install': False, 'path': '/home/root1/lzx_ws/project/lidar_camera_ros_ws/src/vimbax_ros2_driver/vimbax_camera', 'symlink_install': False, 'test_result_base': None}
[0.349s] INFO:colcon.colcon_core.executor:Executing jobs using 'parallel' executor
[0.350s] DEBUG:colcon.colcon_parallel_executor.executor.parallel:run_until_complete
[0.350s] INFO:colcon.colcon_ros.task.ament_cmake.build:Building ROS package in '/home/root1/lzx_ws/project/lidar_camera_ros_ws/src/rslidar_sdk' with build type 'ament_cmake'
[0.350s] INFO:colcon.colcon_cmake.task.cmake.build:Building CMake package in '/home/root1/lzx_ws/project/lidar_camera_ros_ws/src/rslidar_sdk'
[0.358s] INFO:colcon.colcon_core.plugin_system:Skipping extension 'colcon_core.shell.bat': Not used on non-Windows systems
[0.358s] INFO:colcon.colcon_core.shell:Skip shell extension 'powershell' for command environment: Not usable outside of PowerShell
[0.358s] DEBUG:colcon.colcon_core.shell:Skip shell extension 'dsv' for command environment
[0.361s] INFO:colcon.colcon_ros.task.ament_cmake.build:Building ROS package in '/home/root1/lzx_ws/project/lidar_camera_ros_ws/src/vimbax_ros2_driver/vimbax_camera' with build type 'ament_cmake'
[0.361s] INFO:colcon.colcon_cmake.task.cmake.build:Building CMake package in '/home/root1/lzx_ws/project/lidar_camera_ros_ws/src/vimbax_ros2_driver/vimbax_camera'
[0.361s] INFO:colcon.colcon_core.shell:Skip shell extension 'powershell' for command environment: Not usable outside of PowerShell
[0.361s] DEBUG:colcon.colcon_core.shell:Skip shell extension 'dsv' for command environment
[0.371s] DEBUG:colcon.colcon_core.event_handler.log_command:Invoking command in '/home/root1/lzx_ws/project/lidar_camera_ros_ws/build/rslidar_sdk': AMENT_PREFIX_PATH=/home/root1/lzx_ws/project/lidar_camera_ros_ws/install/rslidar_msg:${AMENT_PREFIX_PATH} CMAKE_PREFIX_PATH=/home/root1/lzx_ws/project/lidar_camera_ros_ws/install/rslidar_msg:${CMAKE_PREFIX_PATH} LD_LIBRARY_PATH=/home/root1/lzx_ws/project/lidar_camera_ros_ws/install/rslidar_msg/lib:${LD_LIBRARY_PATH} PYTHONPATH=/home/root1/lzx_ws/project/lidar_camera_ros_ws/install/rslidar_msg/local/lib/python3.10/dist-packages:${PYTHONPATH} /usr/bin/cmake /home/root1/lzx_ws/project/lidar_camera_ros_ws/src/rslidar_sdk -DCMAKE_BUILD_TYPE=Release -DCMAKE_INSTALL_PREFIX=/home/root1/lzx_ws/project/lidar_camera_ros_ws/install/rslidar_sdk
[0.413s] DEBUG:colcon.colcon_core.event_handler.log_command:Invoking command in '/home/root1/lzx_ws/project/lidar_camera_ros_ws/build/vimbax_camera': AMENT_PREFIX_PATH=/home/root1/lzx_ws/project/lidar_camera_ros_ws/install/vimbax_camera_events:/home/root1/lzx_ws/project/lidar_camera_ros_ws/install/vmbc_interface:/home/root1/lzx_ws/project/lidar_camera_ros_ws/install/vimbax_camera_msgs:${AMENT_PREFIX_PATH} CMAKE_PREFIX_PATH=/home/root1/lzx_ws/project/lidar_camera_ros_ws/install/vimbax_camera_events:/home/root1/lzx_ws/project/lidar_camera_ros_ws/install/vmbc_interface:/home/root1/lzx_ws/project/lidar_camera_ros_ws/install/vimbax_camera_msgs:${CMAKE_PREFIX_PATH} LD_LIBRARY_PATH=/home/root1/lzx_ws/project/lidar_camera_ros_ws/install/vimbax_camera_events/lib:/home/root1/lzx_ws/project/lidar_camera_ros_ws/install/vimbax_camera_msgs/lib:${LD_LIBRARY_PATH} PYTHONPATH=/home/root1/lzx_ws/project/lidar_camera_ros_ws/install/vimbax_camera_events/local/lib/python3.10/dist-packages:/home/root1/lzx_ws/project/lidar_camera_ros_ws/install/vimbax_camera_msgs/local/lib/python3.10/dist-packages:${PYTHONPATH} /usr/bin/cmake /home/root1/lzx_ws/project/lidar_camera_ros_ws/src/vimbax_ros2_driver/vimbax_camera -DCMAKE_BUILD_TYPE=Release -DCMAKE_INSTALL_PREFIX=/home/root1/lzx_ws/project/lidar_camera_ros_ws/install/vimbax_camera
[0.992s] DEBUG:colcon.colcon_core.event_handler.log_command:Invoked command in '/home/root1/lzx_ws/project/lidar_camera_ros_ws/build/rslidar_sdk' returned '0': AMENT_PREFIX_PATH=/home/root1/lzx_ws/project/lidar_camera_ros_ws/install/rslidar_msg:${AMENT_PREFIX_PATH} CMAKE_PREFIX_PATH=/home/root1/lzx_ws/project/lidar_camera_ros_ws/install/rslidar_msg:${CMAKE_PREFIX_PATH} LD_LIBRARY_PATH=/home/root1/lzx_ws/project/lidar_camera_ros_ws/install/rslidar_msg/lib:${LD_LIBRARY_PATH} PYTHONPATH=/home/root1/lzx_ws/project/lidar_camera_ros_ws/install/rslidar_msg/local/lib/python3.10/dist-packages:${PYTHONPATH} /usr/bin/cmake /home/root1/lzx_ws/project/lidar_camera_ros_ws/src/rslidar_sdk -DCMAKE_BUILD_TYPE=Release -DCMAKE_INSTALL_PREFIX=/home/root1/lzx_ws/project/lidar_camera_ros_ws/install/rslidar_sdk
[0.994s] DEBUG:colcon.colcon_core.event_handler.log_command:Invoking command in '/home/root1/lzx_ws/project/lidar_camera_ros_ws/build/rslidar_sdk': AMENT_PREFIX_PATH=/home/root1/lzx_ws/project/lidar_camera_ros_ws/install/rslidar_msg:${AMENT_PREFIX_PATH} CMAKE_PREFIX_PATH=/home/root1/lzx_ws/project/lidar_camera_ros_ws/install/rslidar_msg:${CMAKE_PREFIX_PATH} LD_LIBRARY_PATH=/home/root1/lzx_ws/project/lidar_camera_ros_ws/install/rslidar_msg/lib:${LD_LIBRARY_PATH} PYTHONPATH=/home/root1/lzx_ws/project/lidar_camera_ros_ws/install/rslidar_msg/local/lib/python3.10/dist-packages:${PYTHONPATH} /usr/bin/cmake --build /home/root1/lzx_ws/project/lidar_camera_ros_ws/build/rslidar_sdk -- -j16 -l16
[1.242s] DEBUG:colcon.colcon_core.event_handler.log_command:Invoked command in '/home/root1/lzx_ws/project/lidar_camera_ros_ws/build/vimbax_camera' returned '0': AMENT_PREFIX_PATH=/home/root1/lzx_ws/project/lidar_camera_ros_ws/install/vimbax_camera_events:/home/root1/lzx_ws/project/lidar_camera_ros_ws/install/vmbc_interface:/home/root1/lzx_ws/project/lidar_camera_ros_ws/install/vimbax_camera_msgs:${AMENT_PREFIX_PATH} CMAKE_PREFIX_PATH=/home/root1/lzx_ws/project/lidar_camera_ros_ws/install/vimbax_camera_events:/home/root1/lzx_ws/project/lidar_camera_ros_ws/install/vmbc_interface:/home/root1/lzx_ws/project/lidar_camera_ros_ws/install/vimbax_camera_msgs:${CMAKE_PREFIX_PATH} LD_LIBRARY_PATH=/home/root1/lzx_ws/project/lidar_camera_ros_ws/install/vimbax_camera_events/lib:/home/root1/lzx_ws/project/lidar_camera_ros_ws/install/vimbax_camera_msgs/lib:${LD_LIBRARY_PATH} PYTHONPATH=/home/root1/lzx_ws/project/lidar_camera_ros_ws/install/vimbax_camera_events/local/lib/python3.10/dist-packages:/home/root1/lzx_ws/project/lidar_camera_ros_ws/install/vimbax_camera_msgs/local/lib/python3.10/dist-packages:${PYTHONPATH} /usr/bin/cmake /home/root1/lzx_ws/project/lidar_camera_ros_ws/src/vimbax_ros2_driver/vimbax_camera -DCMAKE_BUILD_TYPE=Release -DCMAKE_INSTALL_PREFIX=/home/root1/lzx_ws/project/lidar_camera_ros_ws/install/vimbax_camera
[1.242s] DEBUG:colcon.colcon_core.event_handler.log_command:Invoking command in '/home/root1/lzx_ws/project/lidar_camera_ros_ws/build/vimbax_camera': AMENT_PREFIX_PATH=/home/root1/lzx_ws/project/lidar_camera_ros_ws/install/vimbax_camera_events:/home/root1/lzx_ws/project/lidar_camera_ros_ws/install/vmbc_interface:/home/root1/lzx_ws/project/lidar_camera_ros_ws/install/vimbax_camera_msgs:${AMENT_PREFIX_PATH} CMAKE_PREFIX_PATH=/home/root1/lzx_ws/project/lidar_camera_ros_ws/install/vimbax_camera_events:/home/root1/lzx_ws/project/lidar_camera_ros_ws/install/vmbc_interface:/home/root1/lzx_ws/project/lidar_camera_ros_ws/install/vimbax_camera_msgs:${CMAKE_PREFIX_PATH} LD_LIBRARY_PATH=/home/root1/lzx_ws/project/lidar_camera_ros_ws/install/vimbax_camera_events/lib:/home/root1/lzx_ws/project/lidar_camera_ros_ws/install/vimbax_camera_msgs/lib:${LD_LIBRARY_PATH} PYTHONPATH=/home/root1/lzx_ws/project/lidar_camera_ros_ws/install/vimbax_camera_events/local/lib/python3.10/dist-packages:/home/root1/lzx_ws/project/lidar_camera_ros_ws/install/vimbax_camera_msgs/local/lib/python3.10/dist-packages:${PYTHONPATH} /usr/bin/cmake --build /home/root1/lzx_ws/project/lidar_camera_ros_ws/build/vimbax_camera -- -j16 -l16
[20.738s] DEBUG:colcon.colcon_core.event_handler.log_command:Invoked command in '/home/root1/lzx_ws/project/lidar_camera_ros_ws/build/rslidar_sdk' returned '0': AMENT_PREFIX_PATH=/home/root1/lzx_ws/project/lidar_camera_ros_ws/install/rslidar_msg:${AMENT_PREFIX_PATH} CMAKE_PREFIX_PATH=/home/root1/lzx_ws/project/lidar_camera_ros_ws/install/rslidar_msg:${CMAKE_PREFIX_PATH} LD_LIBRARY_PATH=/home/root1/lzx_ws/project/lidar_camera_ros_ws/install/rslidar_msg/lib:${LD_LIBRARY_PATH} PYTHONPATH=/home/root1/lzx_ws/project/lidar_camera_ros_ws/install/rslidar_msg/local/lib/python3.10/dist-packages:${PYTHONPATH} /usr/bin/cmake --build /home/root1/lzx_ws/project/lidar_camera_ros_ws/build/rslidar_sdk -- -j16 -l16
[20.742s] DEBUG:colcon.colcon_core.event_handler.log_command:Invoking command in '/home/root1/lzx_ws/project/lidar_camera_ros_ws/build/rslidar_sdk': AMENT_PREFIX_PATH=/home/root1/lzx_ws/project/lidar_camera_ros_ws/install/rslidar_msg:${AMENT_PREFIX_PATH} CMAKE_PREFIX_PATH=/home/root1/lzx_ws/project/lidar_camera_ros_ws/install/rslidar_msg:${CMAKE_PREFIX_PATH} LD_LIBRARY_PATH=/home/root1/lzx_ws/project/lidar_camera_ros_ws/install/rslidar_msg/lib:${LD_LIBRARY_PATH} PYTHONPATH=/home/root1/lzx_ws/project/lidar_camera_ros_ws/install/rslidar_msg/local/lib/python3.10/dist-packages:${PYTHONPATH} /usr/bin/cmake --install /home/root1/lzx_ws/project/lidar_camera_ros_ws/build/rslidar_sdk
[24.901s] Level 1:colcon.colcon_core.environment:create_environment_scripts_only(rslidar_sdk)
[24.902s] DEBUG:colcon.colcon_core.event_handler.log_command:Invoked command in '/home/root1/lzx_ws/project/lidar_camera_ros_ws/build/rslidar_sdk' returned '0': AMENT_PREFIX_PATH=/home/root1/lzx_ws/project/lidar_camera_ros_ws/install/rslidar_msg:${AMENT_PREFIX_PATH} CMAKE_PREFIX_PATH=/home/root1/lzx_ws/project/lidar_camera_ros_ws/install/rslidar_msg:${CMAKE_PREFIX_PATH} LD_LIBRARY_PATH=/home/root1/lzx_ws/project/lidar_camera_ros_ws/install/rslidar_msg/lib:${LD_LIBRARY_PATH} PYTHONPATH=/home/root1/lzx_ws/project/lidar_camera_ros_ws/install/rslidar_msg/local/lib/python3.10/dist-packages:${PYTHONPATH} /usr/bin/cmake --install /home/root1/lzx_ws/project/lidar_camera_ros_ws/build/rslidar_sdk
[24.910s] Level 1:colcon.colcon_core.environment:checking '/home/root1/lzx_ws/project/lidar_camera_ros_ws/install/rslidar_sdk' for CMake module files
[24.911s] Level 1:colcon.colcon_core.environment:checking '/home/root1/lzx_ws/project/lidar_camera_ros_ws/install/rslidar_sdk' for CMake config files
[24.911s] Level 1:colcon.colcon_core.shell:create_environment_hook('rslidar_sdk', 'cmake_prefix_path')
[24.911s] INFO:colcon.colcon_core.shell:Creating environment hook '/home/root1/lzx_ws/project/lidar_camera_ros_ws/install/rslidar_sdk/share/rslidar_sdk/hook/cmake_prefix_path.ps1'
[24.912s] INFO:colcon.colcon_core.shell:Creating environment descriptor '/home/root1/lzx_ws/project/lidar_camera_ros_ws/install/rslidar_sdk/share/rslidar_sdk/hook/cmake_prefix_path.dsv'
[24.913s] INFO:colcon.colcon_core.shell:Creating environment hook '/home/root1/lzx_ws/project/lidar_camera_ros_ws/install/rslidar_sdk/share/rslidar_sdk/hook/cmake_prefix_path.sh'
[24.913s] Level 1:colcon.colcon_core.environment:checking '/home/root1/lzx_ws/project/lidar_camera_ros_ws/install/rslidar_sdk/lib'
[24.914s] Level 1:colcon.colcon_core.environment:checking '/home/root1/lzx_ws/project/lidar_camera_ros_ws/install/rslidar_sdk/bin'
[24.914s] Level 1:colcon.colcon_core.environment:checking '/home/root1/lzx_ws/project/lidar_camera_ros_ws/install/rslidar_sdk/lib/pkgconfig/rslidar_sdk.pc'
[24.914s] Level 1:colcon.colcon_core.environment:checking '/home/root1/lzx_ws/project/lidar_camera_ros_ws/install/rslidar_sdk/lib/python3.10/site-packages'
[24.914s] Level 1:colcon.colcon_core.environment:checking '/home/root1/lzx_ws/project/lidar_camera_ros_ws/install/rslidar_sdk/bin'
[24.914s] INFO:colcon.colcon_core.shell:Creating package script '/home/root1/lzx_ws/project/lidar_camera_ros_ws/install/rslidar_sdk/share/rslidar_sdk/package.ps1'
[24.915s] INFO:colcon.colcon_core.shell:Creating package descriptor '/home/root1/lzx_ws/project/lidar_camera_ros_ws/install/rslidar_sdk/share/rslidar_sdk/package.dsv'
[24.915s] INFO:colcon.colcon_core.shell:Creating package script '/home/root1/lzx_ws/project/lidar_camera_ros_ws/install/rslidar_sdk/share/rslidar_sdk/package.sh'
[24.916s] INFO:colcon.colcon_core.shell:Creating package script '/home/root1/lzx_ws/project/lidar_camera_ros_ws/install/rslidar_sdk/share/rslidar_sdk/package.bash'
[24.917s] INFO:colcon.colcon_core.shell:Creating package script '/home/root1/lzx_ws/project/lidar_camera_ros_ws/install/rslidar_sdk/share/rslidar_sdk/package.zsh'
[24.919s] Level 1:colcon.colcon_core.environment:create_file_with_runtime_dependencies(/home/root1/lzx_ws/project/lidar_camera_ros_ws/install/rslidar_sdk/share/colcon-core/packages/rslidar_sdk)
[24.919s] Level 1:colcon.colcon_core.environment:create_environment_scripts_only(rslidar_sdk)
[24.919s] Level 1:colcon.colcon_core.environment:checking '/home/root1/lzx_ws/project/lidar_camera_ros_ws/install/rslidar_sdk' for CMake module files
[24.920s] Level 1:colcon.colcon_core.environment:checking '/home/root1/lzx_ws/project/lidar_camera_ros_ws/install/rslidar_sdk' for CMake config files
[24.920s] Level 1:colcon.colcon_core.shell:create_environment_hook('rslidar_sdk', 'cmake_prefix_path')
[24.920s] INFO:colcon.colcon_core.shell:Creating environment hook '/home/root1/lzx_ws/project/lidar_camera_ros_ws/install/rslidar_sdk/share/rslidar_sdk/hook/cmake_prefix_path.ps1'
[24.920s] INFO:colcon.colcon_core.shell:Creating environment descriptor '/home/root1/lzx_ws/project/lidar_camera_ros_ws/install/rslidar_sdk/share/rslidar_sdk/hook/cmake_prefix_path.dsv'
[24.921s] INFO:colcon.colcon_core.shell:Creating environment hook '/home/root1/lzx_ws/project/lidar_camera_ros_ws/install/rslidar_sdk/share/rslidar_sdk/hook/cmake_prefix_path.sh'
[24.921s] Level 1:colcon.colcon_core.environment:checking '/home/root1/lzx_ws/project/lidar_camera_ros_ws/install/rslidar_sdk/lib'
[24.921s] Level 1:colcon.colcon_core.environment:checking '/home/root1/lzx_ws/project/lidar_camera_ros_ws/install/rslidar_sdk/bin'
[24.921s] Level 1:colcon.colcon_core.environment:checking '/home/root1/lzx_ws/project/lidar_camera_ros_ws/install/rslidar_sdk/lib/pkgconfig/rslidar_sdk.pc'
[24.921s] Level 1:colcon.colcon_core.environment:checking '/home/root1/lzx_ws/project/lidar_camera_ros_ws/install/rslidar_sdk/lib/python3.10/site-packages'
[24.921s] Level 1:colcon.colcon_core.environment:checking '/home/root1/lzx_ws/project/lidar_camera_ros_ws/install/rslidar_sdk/bin'
[24.921s] INFO:colcon.colcon_core.shell:Creating package script '/home/root1/lzx_ws/project/lidar_camera_ros_ws/install/rslidar_sdk/share/rslidar_sdk/package.ps1'
[24.922s] INFO:colcon.colcon_core.shell:Creating package descriptor '/home/root1/lzx_ws/project/lidar_camera_ros_ws/install/rslidar_sdk/share/rslidar_sdk/package.dsv'
[24.922s] INFO:colcon.colcon_core.shell:Creating package script '/home/root1/lzx_ws/project/lidar_camera_ros_ws/install/rslidar_sdk/share/rslidar_sdk/package.sh'
[24.923s] INFO:colcon.colcon_core.shell:Creating package script '/home/root1/lzx_ws/project/lidar_camera_ros_ws/install/rslidar_sdk/share/rslidar_sdk/package.bash'
[24.923s] INFO:colcon.colcon_core.shell:Creating package script '/home/root1/lzx_ws/project/lidar_camera_ros_ws/install/rslidar_sdk/share/rslidar_sdk/package.zsh'
[24.923s] Level 1:colcon.colcon_core.environment:create_file_with_runtime_dependencies(/home/root1/lzx_ws/project/lidar_camera_ros_ws/install/rslidar_sdk/share/colcon-core/packages/rslidar_sdk)
[37.366s] DEBUG:colcon.colcon_core.event_handler.log_command:Invoked command in '/home/root1/lzx_ws/project/lidar_camera_ros_ws/build/vimbax_camera' returned '0': AMENT_PREFIX_PATH=/home/root1/lzx_ws/project/lidar_camera_ros_ws/install/vimbax_camera_events:/home/root1/lzx_ws/project/lidar_camera_ros_ws/install/vmbc_interface:/home/root1/lzx_ws/project/lidar_camera_ros_ws/install/vimbax_camera_msgs:${AMENT_PREFIX_PATH} CMAKE_PREFIX_PATH=/home/root1/lzx_ws/project/lidar_camera_ros_ws/install/vimbax_camera_events:/home/root1/lzx_ws/project/lidar_camera_ros_ws/install/vmbc_interface:/home/root1/lzx_ws/project/lidar_camera_ros_ws/install/vimbax_camera_msgs:${CMAKE_PREFIX_PATH} LD_LIBRARY_PATH=/home/root1/lzx_ws/project/lidar_camera_ros_ws/install/vimbax_camera_events/lib:/home/root1/lzx_ws/project/lidar_camera_ros_ws/install/vimbax_camera_msgs/lib:${LD_LIBRARY_PATH} PYTHONPATH=/home/root1/lzx_ws/project/lidar_camera_ros_ws/install/vimbax_camera_events/local/lib/python3.10/dist-packages:/home/root1/lzx_ws/project/lidar_camera_ros_ws/install/vimbax_camera_msgs/local/lib/python3.10/dist-packages:${PYTHONPATH} /usr/bin/cmake --build /home/root1/lzx_ws/project/lidar_camera_ros_ws/build/vimbax_camera -- -j16 -l16
[37.367s] DEBUG:colcon.colcon_core.event_handler.log_command:Invoking command in '/home/root1/lzx_ws/project/lidar_camera_ros_ws/build/vimbax_camera': AMENT_PREFIX_PATH=/home/root1/lzx_ws/project/lidar_camera_ros_ws/install/vimbax_camera_events:/home/root1/lzx_ws/project/lidar_camera_ros_ws/install/vmbc_interface:/home/root1/lzx_ws/project/lidar_camera_ros_ws/install/vimbax_camera_msgs:${AMENT_PREFIX_PATH} CMAKE_PREFIX_PATH=/home/root1/lzx_ws/project/lidar_camera_ros_ws/install/vimbax_camera_events:/home/root1/lzx_ws/project/lidar_camera_ros_ws/install/vmbc_interface:/home/root1/lzx_ws/project/lidar_camera_ros_ws/install/vimbax_camera_msgs:${CMAKE_PREFIX_PATH} LD_LIBRARY_PATH=/home/root1/lzx_ws/project/lidar_camera_ros_ws/install/vimbax_camera_events/lib:/home/root1/lzx_ws/project/lidar_camera_ros_ws/install/vimbax_camera_msgs/lib:${LD_LIBRARY_PATH} PYTHONPATH=/home/root1/lzx_ws/project/lidar_camera_ros_ws/install/vimbax_camera_events/local/lib/python3.10/dist-packages:/home/root1/lzx_ws/project/lidar_camera_ros_ws/install/vimbax_camera_msgs/local/lib/python3.10/dist-packages:${PYTHONPATH} /usr/bin/cmake --install /home/root1/lzx_ws/project/lidar_camera_ros_ws/build/vimbax_camera
[37.385s] Level 1:colcon.colcon_core.environment:create_environment_scripts_only(vimbax_camera)
[37.386s] Level 1:colcon.colcon_core.environment:checking '/home/root1/lzx_ws/project/lidar_camera_ros_ws/install/vimbax_camera' for CMake module files
[37.386s] DEBUG:colcon.colcon_core.event_handler.log_command:Invoked command in '/home/root1/lzx_ws/project/lidar_camera_ros_ws/build/vimbax_camera' returned '0': AMENT_PREFIX_PATH=/home/root1/lzx_ws/project/lidar_camera_ros_ws/install/vimbax_camera_events:/home/root1/lzx_ws/project/lidar_camera_ros_ws/install/vmbc_interface:/home/root1/lzx_ws/project/lidar_camera_ros_ws/install/vimbax_camera_msgs:${AMENT_PREFIX_PATH} CMAKE_PREFIX_PATH=/home/root1/lzx_ws/project/lidar_camera_ros_ws/install/vimbax_camera_events:/home/root1/lzx_ws/project/lidar_camera_ros_ws/install/vmbc_interface:/home/root1/lzx_ws/project/lidar_camera_ros_ws/install/vimbax_camera_msgs:${CMAKE_PREFIX_PATH} LD_LIBRARY_PATH=/home/root1/lzx_ws/project/lidar_camera_ros_ws/install/vimbax_camera_events/lib:/home/root1/lzx_ws/project/lidar_camera_ros_ws/install/vimbax_camera_msgs/lib:${LD_LIBRARY_PATH} PYTHONPATH=/home/root1/lzx_ws/project/lidar_camera_ros_ws/install/vimbax_camera_events/local/lib/python3.10/dist-packages:/home/root1/lzx_ws/project/lidar_camera_ros_ws/install/vimbax_camera_msgs/local/lib/python3.10/dist-packages:${PYTHONPATH} /usr/bin/cmake --install /home/root1/lzx_ws/project/lidar_camera_ros_ws/build/vimbax_camera
[37.386s] Level 1:colcon.colcon_core.environment:checking '/home/root1/lzx_ws/project/lidar_camera_ros_ws/install/vimbax_camera' for CMake config files
[37.387s] Level 1:colcon.colcon_core.shell:create_environment_hook('vimbax_camera', 'cmake_prefix_path')
[37.387s] INFO:colcon.colcon_core.shell:Creating environment hook '/home/root1/lzx_ws/project/lidar_camera_ros_ws/install/vimbax_camera/share/vimbax_camera/hook/cmake_prefix_path.ps1'
[37.387s] INFO:colcon.colcon_core.shell:Creating environment descriptor '/home/root1/lzx_ws/project/lidar_camera_ros_ws/install/vimbax_camera/share/vimbax_camera/hook/cmake_prefix_path.dsv'
[37.387s] INFO:colcon.colcon_core.shell:Creating environment hook '/home/root1/lzx_ws/project/lidar_camera_ros_ws/install/vimbax_camera/share/vimbax_camera/hook/cmake_prefix_path.sh'
[37.388s] Level 1:colcon.colcon_core.environment:checking '/home/root1/lzx_ws/project/lidar_camera_ros_ws/install/vimbax_camera/lib'
[37.388s] Level 1:colcon.colcon_core.shell:create_environment_hook('vimbax_camera', 'ld_library_path_lib')
[37.388s] INFO:colcon.colcon_core.shell:Creating environment hook '/home/root1/lzx_ws/project/lidar_camera_ros_ws/install/vimbax_camera/share/vimbax_camera/hook/ld_library_path_lib.ps1'
[37.388s] INFO:colcon.colcon_core.shell:Creating environment descriptor '/home/root1/lzx_ws/project/lidar_camera_ros_ws/install/vimbax_camera/share/vimbax_camera/hook/ld_library_path_lib.dsv'
[37.389s] INFO:colcon.colcon_core.shell:Creating environment hook '/home/root1/lzx_ws/project/lidar_camera_ros_ws/install/vimbax_camera/share/vimbax_camera/hook/ld_library_path_lib.sh'
[37.389s] Level 1:colcon.colcon_core.environment:checking '/home/root1/lzx_ws/project/lidar_camera_ros_ws/install/vimbax_camera/bin'
[37.389s] Level 1:colcon.colcon_core.environment:checking '/home/root1/lzx_ws/project/lidar_camera_ros_ws/install/vimbax_camera/lib/pkgconfig/vimbax_camera.pc'
[37.389s] Level 1:colcon.colcon_core.environment:checking '/home/root1/lzx_ws/project/lidar_camera_ros_ws/install/vimbax_camera/lib/python3.10/site-packages'
[37.389s] Level 1:colcon.colcon_core.environment:checking '/home/root1/lzx_ws/project/lidar_camera_ros_ws/install/vimbax_camera/bin'
[37.389s] INFO:colcon.colcon_core.shell:Creating package script '/home/root1/lzx_ws/project/lidar_camera_ros_ws/install/vimbax_camera/share/vimbax_camera/package.ps1'
[37.390s] INFO:colcon.colcon_core.shell:Creating package descriptor '/home/root1/lzx_ws/project/lidar_camera_ros_ws/install/vimbax_camera/share/vimbax_camera/package.dsv'
[37.390s] INFO:colcon.colcon_core.shell:Creating package script '/home/root1/lzx_ws/project/lidar_camera_ros_ws/install/vimbax_camera/share/vimbax_camera/package.sh'
[37.390s] INFO:colcon.colcon_core.shell:Creating package script '/home/root1/lzx_ws/project/lidar_camera_ros_ws/install/vimbax_camera/share/vimbax_camera/package.bash'
[37.391s] INFO:colcon.colcon_core.shell:Creating package script '/home/root1/lzx_ws/project/lidar_camera_ros_ws/install/vimbax_camera/share/vimbax_camera/package.zsh'
[37.391s] Level 1:colcon.colcon_core.environment:create_file_with_runtime_dependencies(/home/root1/lzx_ws/project/lidar_camera_ros_ws/install/vimbax_camera/share/colcon-core/packages/vimbax_camera)
[37.391s] Level 1:colcon.colcon_core.environment:create_environment_scripts_only(vimbax_camera)
[37.392s] Level 1:colcon.colcon_core.environment:checking '/home/root1/lzx_ws/project/lidar_camera_ros_ws/install/vimbax_camera' for CMake module files
[37.392s] Level 1:colcon.colcon_core.environment:checking '/home/root1/lzx_ws/project/lidar_camera_ros_ws/install/vimbax_camera' for CMake config files
[37.392s] Level 1:colcon.colcon_core.shell:create_environment_hook('vimbax_camera', 'cmake_prefix_path')
[37.392s] INFO:colcon.colcon_core.shell:Creating environment hook '/home/root1/lzx_ws/project/lidar_camera_ros_ws/install/vimbax_camera/share/vimbax_camera/hook/cmake_prefix_path.ps1'
[37.393s] INFO:colcon.colcon_core.shell:Creating environment descriptor '/home/root1/lzx_ws/project/lidar_camera_ros_ws/install/vimbax_camera/share/vimbax_camera/hook/cmake_prefix_path.dsv'
[37.393s] INFO:colcon.colcon_core.shell:Creating environment hook '/home/root1/lzx_ws/project/lidar_camera_ros_ws/install/vimbax_camera/share/vimbax_camera/hook/cmake_prefix_path.sh'
[37.393s] Level 1:colcon.colcon_core.environment:checking '/home/root1/lzx_ws/project/lidar_camera_ros_ws/install/vimbax_camera/lib'
[37.394s] Level 1:colcon.colcon_core.shell:create_environment_hook('vimbax_camera', 'ld_library_path_lib')
[37.394s] INFO:colcon.colcon_core.shell:Creating environment hook '/home/root1/lzx_ws/project/lidar_camera_ros_ws/install/vimbax_camera/share/vimbax_camera/hook/ld_library_path_lib.ps1'
[37.394s] INFO:colcon.colcon_core.shell:Creating environment descriptor '/home/root1/lzx_ws/project/lidar_camera_ros_ws/install/vimbax_camera/share/vimbax_camera/hook/ld_library_path_lib.dsv'
[37.394s] INFO:colcon.colcon_core.shell:Creating environment hook '/home/root1/lzx_ws/project/lidar_camera_ros_ws/install/vimbax_camera/share/vimbax_camera/hook/ld_library_path_lib.sh'
[37.395s] Level 1:colcon.colcon_core.environment:checking '/home/root1/lzx_ws/project/lidar_camera_ros_ws/install/vimbax_camera/bin'
[37.395s] Level 1:colcon.colcon_core.environment:checking '/home/root1/lzx_ws/project/lidar_camera_ros_ws/install/vimbax_camera/lib/pkgconfig/vimbax_camera.pc'
[37.395s] Level 1:colcon.colcon_core.environment:checking '/home/root1/lzx_ws/project/lidar_camera_ros_ws/install/vimbax_camera/lib/python3.10/site-packages'
[37.395s] Level 1:colcon.colcon_core.environment:checking '/home/root1/lzx_ws/project/lidar_camera_ros_ws/install/vimbax_camera/bin'
[37.395s] INFO:colcon.colcon_core.shell:Creating package script '/home/root1/lzx_ws/project/lidar_camera_ros_ws/install/vimbax_camera/share/vimbax_camera/package.ps1'
[37.396s] INFO:colcon.colcon_core.shell:Creating package descriptor '/home/root1/lzx_ws/project/lidar_camera_ros_ws/install/vimbax_camera/share/vimbax_camera/package.dsv'
[37.396s] INFO:colcon.colcon_core.shell:Creating package script '/home/root1/lzx_ws/project/lidar_camera_ros_ws/install/vimbax_camera/share/vimbax_camera/package.sh'
[37.396s] INFO:colcon.colcon_core.shell:Creating package script '/home/root1/lzx_ws/project/lidar_camera_ros_ws/install/vimbax_camera/share/vimbax_camera/package.bash'
[37.397s] INFO:colcon.colcon_core.shell:Creating package script '/home/root1/lzx_ws/project/lidar_camera_ros_ws/install/vimbax_camera/share/vimbax_camera/package.zsh'
[37.397s] Level 1:colcon.colcon_core.environment:create_file_with_runtime_dependencies(/home/root1/lzx_ws/project/lidar_camera_ros_ws/install/vimbax_camera/share/colcon-core/packages/vimbax_camera)
[37.397s] DEBUG:colcon.colcon_parallel_executor.executor.parallel:closing loop
[37.397s] DEBUG:colcon.colcon_parallel_executor.executor.parallel:loop closed
[37.397s] DEBUG:colcon.colcon_parallel_executor.executor.parallel:run_until_complete finished with '0'
[37.397s] DEBUG:colcon.colcon_core.event_reactor:joining thread
[37.408s] INFO:colcon.colcon_core.plugin_system:Skipping extension 'colcon_notification.desktop_notification.terminal_notifier': Not used on non-Darwin systems
[37.408s] INFO:colcon.colcon_core.plugin_system:Skipping extension 'colcon_notification.desktop_notification.win32': Not used on non-Windows systems
[37.408s] INFO:colcon.colcon_notification.desktop_notification:Sending desktop notification using 'notify2'
[37.409s] DEBUG:colcon.colcon_notification.desktop_notification.notify2:Failed to initialize notify2: org.freedesktop.DBus.Error.AccessDenied: Failed to connect to socket /run/user/1000/bus: Operation not permitted
[37.409s] DEBUG:colcon.colcon_core.event_reactor:joined thread
[37.409s] INFO:colcon.colcon_core.shell:Creating prefix script '/home/root1/lzx_ws/project/lidar_camera_ros_ws/install/local_setup.ps1'
[37.410s] INFO:colcon.colcon_core.shell:Creating prefix util module '/home/root1/lzx_ws/project/lidar_camera_ros_ws/install/_local_setup_util_ps1.py'
[37.411s] INFO:colcon.colcon_core.shell:Creating prefix chain script '/home/root1/lzx_ws/project/lidar_camera_ros_ws/install/setup.ps1'
[37.413s] INFO:colcon.colcon_core.shell:Creating prefix script '/home/root1/lzx_ws/project/lidar_camera_ros_ws/install/local_setup.sh'
[37.413s] INFO:colcon.colcon_core.shell:Creating prefix util module '/home/root1/lzx_ws/project/lidar_camera_ros_ws/install/_local_setup_util_sh.py'
[37.415s] INFO:colcon.colcon_core.shell:Creating prefix chain script '/home/root1/lzx_ws/project/lidar_camera_ros_ws/install/setup.sh'
[37.416s] INFO:colcon.colcon_core.shell:Creating prefix script '/home/root1/lzx_ws/project/lidar_camera_ros_ws/install/local_setup.bash'
[37.417s] INFO:colcon.colcon_core.shell:Creating prefix chain script '/home/root1/lzx_ws/project/lidar_camera_ros_ws/install/setup.bash'
[37.418s] INFO:colcon.colcon_core.shell:Creating prefix script '/home/root1/lzx_ws/project/lidar_camera_ros_ws/install/local_setup.zsh'
[37.418s] INFO:colcon.colcon_core.shell:Creating prefix chain script '/home/root1/lzx_ws/project/lidar_camera_ros_ws/install/setup.zsh'
