[0.024s] Invoking command in '/home/root1/lzx_ws/project/lidar_camera_ros_ws/build/rslidar_sdk': CMAKE_PREFIX_PATH=/home/root1/lzx_ws/project/lidar_camera_ros_ws/install/rslidar_msg:/home/root1/lzx_ws/project/lidar_camera_ros_ws/install/vimbax_camera:/home/root1/lzx_ws/project/lidar_camera_ros_ws/install/vmbc_interface:/home/root1/lzx_ws/project/lidar_camera_ros_ws/install/vimbax_camera_examples:/home/root1/lzx_ws/project/lidar_camera_ros_ws/install/vimbax_camera_msgs:/home/root1/lzx_ws/project/lidar_camera_ros_ws/install/vimbax_camera_events:/home/root1/lzx_ws/project/lidar_camera_ros_ws/install/vimbax_camera_color_correction_cpp:/home/root1/lzx_ws/project/lidar_camera_ros_ws/install/rslidar_sdk:/home/root1/ros2_ws/install/robot_interface:/opt/ros/humble:/home/root1/lzx_ws/project/lidar_camera_ros_ws/install/vimbax_camera_color_correction LD_LIBRARY_PATH=/home/root1/lzx_ws/project/lidar_camera_ros_ws/install/rslidar_msg/lib:${LD_LIBRARY_PATH} /usr/bin/cmake /home/root1/lzx_ws/project/lidar_camera_ros_ws/src/rslidar_sdk -DAMENT_CMAKE_SYMLINK_INSTALL=1 -DCMAKE_INSTALL_PREFIX=/home/root1/lzx_ws/project/lidar_camera_ros_ws/install/rslidar_sdk
[0.319s] =============================================================
[0.319s] -- POINT_TYPE is XYZI
[0.319s] =============================================================
[0.319s] =============================================================
[0.319s] -- ROS Not Found. ROS Support is turned Off.
[0.319s] =============================================================
[0.432s] -- Override CMake install command with custom implementation using symlinks instead of copying resources
[0.532s] -- Found rosidl_generator_c: 3.1.7 (/opt/ros/humble/share/rosidl_generator_c/cmake)
[0.538s] -- Found rosidl_adapter: 3.1.7 (/opt/ros/humble/share/rosidl_adapter/cmake)
[0.552s] -- Found rosidl_generator_cpp: 3.1.7 (/opt/ros/humble/share/rosidl_generator_cpp/cmake)
[0.571s] -- Using all available rosidl_typesupport_c: rosidl_typesupport_fastrtps_c;rosidl_typesupport_introspection_c
[0.596s] -- Using all available rosidl_typesupport_cpp: rosidl_typesupport_fastrtps_cpp;rosidl_typesupport_introspection_cpp
[0.671s] -- Found rmw_implementation_cmake: 6.1.2 (/opt/ros/humble/share/rmw_implementation_cmake/cmake)
[0.675s] -- Found rmw_cyclonedds_cpp: 1.3.4 (/opt/ros/humble/share/rmw_cyclonedds_cpp/cmake)
[0.718s] -- Using RMW implementation 'rmw_cyclonedds_cpp' as default
[0.822s] =============================================================
[0.822s] -- ROS2 Found. ROS2 Support is turned On.
[0.822s] =============================================================
[0.824s] -- Found sensor_msgs: 4.9.0 (/opt/ros/humble/share/sensor_msgs/cmake)
[0.888s] -- Found rslidar_msg: 0.0.0 (/home/root1/lzx_ws/project/lidar_camera_ros_ws/install/rslidar_msg/share/rslidar_msg/cmake)
[0.908s] =============================================================
[0.908s] -- CMake run for UNIX GNU Compiler
[0.908s] =============================================================
[0.909s] =============================================================
[0.909s] -- Enable Transform Fucntions
[0.909s] =============================================================
[0.910s] =============================================================
[0.910s] -- rs_driver Version : v1.5.18
[0.910s] =============================================================
[1.011s] -- Configuring done
[1.076s] -- Generating done
[1.083s] -- Build files have been written to: /home/root1/lzx_ws/project/lidar_camera_ros_ws/build/rslidar_sdk
[1.093s] Invoked command in '/home/root1/lzx_ws/project/lidar_camera_ros_ws/build/rslidar_sdk' returned '0': CMAKE_PREFIX_PATH=/home/root1/lzx_ws/project/lidar_camera_ros_ws/install/rslidar_msg:/home/root1/lzx_ws/project/lidar_camera_ros_ws/install/vimbax_camera:/home/root1/lzx_ws/project/lidar_camera_ros_ws/install/vmbc_interface:/home/root1/lzx_ws/project/lidar_camera_ros_ws/install/vimbax_camera_examples:/home/root1/lzx_ws/project/lidar_camera_ros_ws/install/vimbax_camera_msgs:/home/root1/lzx_ws/project/lidar_camera_ros_ws/install/vimbax_camera_events:/home/root1/lzx_ws/project/lidar_camera_ros_ws/install/vimbax_camera_color_correction_cpp:/home/root1/lzx_ws/project/lidar_camera_ros_ws/install/rslidar_sdk:/home/root1/ros2_ws/install/robot_interface:/opt/ros/humble:/home/root1/lzx_ws/project/lidar_camera_ros_ws/install/vimbax_camera_color_correction LD_LIBRARY_PATH=/home/root1/lzx_ws/project/lidar_camera_ros_ws/install/rslidar_msg/lib:${LD_LIBRARY_PATH} /usr/bin/cmake /home/root1/lzx_ws/project/lidar_camera_ros_ws/src/rslidar_sdk -DAMENT_CMAKE_SYMLINK_INSTALL=1 -DCMAKE_INSTALL_PREFIX=/home/root1/lzx_ws/project/lidar_camera_ros_ws/install/rslidar_sdk
[1.095s] Invoking command in '/home/root1/lzx_ws/project/lidar_camera_ros_ws/build/rslidar_sdk': CMAKE_PREFIX_PATH=/home/root1/lzx_ws/project/lidar_camera_ros_ws/install/rslidar_msg:/home/root1/lzx_ws/project/lidar_camera_ros_ws/install/vimbax_camera:/home/root1/lzx_ws/project/lidar_camera_ros_ws/install/vmbc_interface:/home/root1/lzx_ws/project/lidar_camera_ros_ws/install/vimbax_camera_examples:/home/root1/lzx_ws/project/lidar_camera_ros_ws/install/vimbax_camera_msgs:/home/root1/lzx_ws/project/lidar_camera_ros_ws/install/vimbax_camera_events:/home/root1/lzx_ws/project/lidar_camera_ros_ws/install/vimbax_camera_color_correction_cpp:/home/root1/lzx_ws/project/lidar_camera_ros_ws/install/rslidar_sdk:/home/root1/ros2_ws/install/robot_interface:/opt/ros/humble:/home/root1/lzx_ws/project/lidar_camera_ros_ws/install/vimbax_camera_color_correction LD_LIBRARY_PATH=/home/root1/lzx_ws/project/lidar_camera_ros_ws/install/rslidar_msg/lib:${LD_LIBRARY_PATH} /usr/bin/cmake --build /home/root1/lzx_ws/project/lidar_camera_ros_ws/build/rslidar_sdk -- -j16 -l16
[1.135s] Consolidate compiler generated dependencies of target rslidar_sdk_node
[1.311s] [ 33%] Building CXX object CMakeFiles/rslidar_sdk_node.dir/src/manager/node_manager.cpp.o
[20.449s] [ 66%] Linking CXX executable rslidar_sdk_node
[20.666s] [100%] Built target rslidar_sdk_node
[20.669s] Invoked command in '/home/root1/lzx_ws/project/lidar_camera_ros_ws/build/rslidar_sdk' returned '0': CMAKE_PREFIX_PATH=/home/root1/lzx_ws/project/lidar_camera_ros_ws/install/rslidar_msg:/home/root1/lzx_ws/project/lidar_camera_ros_ws/install/vimbax_camera:/home/root1/lzx_ws/project/lidar_camera_ros_ws/install/vmbc_interface:/home/root1/lzx_ws/project/lidar_camera_ros_ws/install/vimbax_camera_examples:/home/root1/lzx_ws/project/lidar_camera_ros_ws/install/vimbax_camera_msgs:/home/root1/lzx_ws/project/lidar_camera_ros_ws/install/vimbax_camera_events:/home/root1/lzx_ws/project/lidar_camera_ros_ws/install/vimbax_camera_color_correction_cpp:/home/root1/lzx_ws/project/lidar_camera_ros_ws/install/rslidar_sdk:/home/root1/ros2_ws/install/robot_interface:/opt/ros/humble:/home/root1/lzx_ws/project/lidar_camera_ros_ws/install/vimbax_camera_color_correction LD_LIBRARY_PATH=/home/root1/lzx_ws/project/lidar_camera_ros_ws/install/rslidar_msg/lib:${LD_LIBRARY_PATH} /usr/bin/cmake --build /home/root1/lzx_ws/project/lidar_camera_ros_ws/build/rslidar_sdk -- -j16 -l16
[20.673s] Invoking command in '/home/root1/lzx_ws/project/lidar_camera_ros_ws/build/rslidar_sdk': CMAKE_PREFIX_PATH=/home/root1/lzx_ws/project/lidar_camera_ros_ws/install/rslidar_msg:/home/root1/lzx_ws/project/lidar_camera_ros_ws/install/vimbax_camera:/home/root1/lzx_ws/project/lidar_camera_ros_ws/install/vmbc_interface:/home/root1/lzx_ws/project/lidar_camera_ros_ws/install/vimbax_camera_examples:/home/root1/lzx_ws/project/lidar_camera_ros_ws/install/vimbax_camera_msgs:/home/root1/lzx_ws/project/lidar_camera_ros_ws/install/vimbax_camera_events:/home/root1/lzx_ws/project/lidar_camera_ros_ws/install/vimbax_camera_color_correction_cpp:/home/root1/lzx_ws/project/lidar_camera_ros_ws/install/rslidar_sdk:/home/root1/ros2_ws/install/robot_interface:/opt/ros/humble:/home/root1/lzx_ws/project/lidar_camera_ros_ws/install/vimbax_camera_color_correction LD_LIBRARY_PATH=/home/root1/lzx_ws/project/lidar_camera_ros_ws/install/rslidar_msg/lib:${LD_LIBRARY_PATH} /usr/bin/cmake --install /home/root1/lzx_ws/project/lidar_camera_ros_ws/build/rslidar_sdk
[20.675s] -- Install configuration: "Release"
[20.675s] -- Execute custom install script
[20.675s] -- Symlinking: /home/root1/lzx_ws/project/lidar_camera_ros_ws/install/rslidar_sdk/lib/rslidar_sdk/rslidar_sdk_node
[20.682s] -- Symlinking: /home/root1/lzx_ws/project/lidar_camera_ros_ws/install/rslidar_sdk/share/rslidar_sdk/launch/elequent_start.py
[20.684s] -- Symlinking: /home/root1/lzx_ws/project/lidar_camera_ros_ws/install/rslidar_sdk/share/rslidar_sdk/launch/humble_start.py
[20.686s] -- Symlinking: /home/root1/lzx_ws/project/lidar_camera_ros_ws/install/rslidar_sdk/share/rslidar_sdk/launch/start.launch
[20.688s] -- Symlinking: /home/root1/lzx_ws/project/lidar_camera_ros_ws/install/rslidar_sdk/share/rslidar_sdk/launch/start.py
[20.690s] -- Symlinking: /home/root1/lzx_ws/project/lidar_camera_ros_ws/install/rslidar_sdk/share/rslidar_sdk/rviz/rviz.rviz
[20.692s] -- Symlinking: /home/root1/lzx_ws/project/lidar_camera_ros_ws/install/rslidar_sdk/share/rslidar_sdk/rviz/rviz2.rviz
[20.694s] -- Symlinking: /home/root1/lzx_ws/project/lidar_camera_ros_ws/install/rslidar_sdk/share/ament_index/resource_index/package_run_dependencies/rslidar_sdk
[20.696s] -- Symlinking: /home/root1/lzx_ws/project/lidar_camera_ros_ws/install/rslidar_sdk/share/ament_index/resource_index/parent_prefix_path/rslidar_sdk
[20.698s] -- Symlinking: /home/root1/lzx_ws/project/lidar_camera_ros_ws/install/rslidar_sdk/share/rslidar_sdk/environment/ament_prefix_path.sh
[20.700s] -- Symlinking: /home/root1/lzx_ws/project/lidar_camera_ros_ws/install/rslidar_sdk/share/rslidar_sdk/environment/ament_prefix_path.dsv
[20.702s] -- Symlinking: /home/root1/lzx_ws/project/lidar_camera_ros_ws/install/rslidar_sdk/share/rslidar_sdk/environment/path.sh
[20.704s] -- Symlinking: /home/root1/lzx_ws/project/lidar_camera_ros_ws/install/rslidar_sdk/share/rslidar_sdk/environment/path.dsv
[20.706s] -- Symlinking: /home/root1/lzx_ws/project/lidar_camera_ros_ws/install/rslidar_sdk/share/rslidar_sdk/local_setup.bash
[20.708s] -- Symlinking: /home/root1/lzx_ws/project/lidar_camera_ros_ws/install/rslidar_sdk/share/rslidar_sdk/local_setup.sh
[20.709s] -- Symlinking: /home/root1/lzx_ws/project/lidar_camera_ros_ws/install/rslidar_sdk/share/rslidar_sdk/local_setup.zsh
[20.711s] -- Symlinking: /home/root1/lzx_ws/project/lidar_camera_ros_ws/install/rslidar_sdk/share/rslidar_sdk/local_setup.dsv
[20.714s] -- Symlinking: /home/root1/lzx_ws/project/lidar_camera_ros_ws/install/rslidar_sdk/share/rslidar_sdk/package.dsv
[20.716s] -- Symlinking: /home/root1/lzx_ws/project/lidar_camera_ros_ws/install/rslidar_sdk/share/ament_index/resource_index/packages/rslidar_sdk
[20.718s] -- Symlinking: /home/root1/lzx_ws/project/lidar_camera_ros_ws/install/rslidar_sdk/share/rslidar_sdk/cmake/rslidar_sdkConfig.cmake
[20.719s] -- Symlinking: /home/root1/lzx_ws/project/lidar_camera_ros_ws/install/rslidar_sdk/share/rslidar_sdk/cmake/rslidar_sdkConfig-version.cmake
[20.721s] -- Symlinking: /home/root1/lzx_ws/project/lidar_camera_ros_ws/install/rslidar_sdk/share/rslidar_sdk/package.xml
[20.724s] Invoked command in '/home/root1/lzx_ws/project/lidar_camera_ros_ws/build/rslidar_sdk' returned '0': CMAKE_PREFIX_PATH=/home/root1/lzx_ws/project/lidar_camera_ros_ws/install/rslidar_msg:/home/root1/lzx_ws/project/lidar_camera_ros_ws/install/vimbax_camera:/home/root1/lzx_ws/project/lidar_camera_ros_ws/install/vmbc_interface:/home/root1/lzx_ws/project/lidar_camera_ros_ws/install/vimbax_camera_examples:/home/root1/lzx_ws/project/lidar_camera_ros_ws/install/vimbax_camera_msgs:/home/root1/lzx_ws/project/lidar_camera_ros_ws/install/vimbax_camera_events:/home/root1/lzx_ws/project/lidar_camera_ros_ws/install/vimbax_camera_color_correction_cpp:/home/root1/lzx_ws/project/lidar_camera_ros_ws/install/rslidar_sdk:/home/root1/ros2_ws/install/robot_interface:/opt/ros/humble:/home/root1/lzx_ws/project/lidar_camera_ros_ws/install/vimbax_camera_color_correction LD_LIBRARY_PATH=/home/root1/lzx_ws/project/lidar_camera_ros_ws/install/rslidar_msg/lib:${LD_LIBRARY_PATH} /usr/bin/cmake --install /home/root1/lzx_ws/project/lidar_camera_ros_ws/build/rslidar_sdk
