-- Found ament_cmake: 1.3.12 (/opt/ros/humble/share/ament_cmake/cmake)
-- Override CMake install command with custom implementation using symlinks instead of copying resources
-- Found rclcpp: 16.0.16 (/opt/ros/humble/share/rclcpp/cmake)
-- Found rosidl_generator_c: 3.1.7 (/opt/ros/humble/share/rosidl_generator_c/cmake)
-- Found rosidl_adapter: 3.1.7 (/opt/ros/humble/share/rosidl_adapter/cmake)
-- Found rosidl_generator_cpp: 3.1.7 (/opt/ros/humble/share/rosidl_generator_cpp/cmake)
-- Using all available rosidl_typesupport_c: rosidl_typesupport_fastrtps_c;rosidl_typesupport_introspection_c
-- Using all available rosidl_typesupport_cpp: rosidl_typesupport_fastrtps_cpp;rosidl_typesupport_introspection_cpp
-- Found rmw_implementation_cmake: 6.1.2 (/opt/ros/humble/share/rmw_implementation_cmake/cmake)
-- Found rmw_cyclonedds_cpp: 1.3.4 (/opt/ros/humble/share/rmw_cyclonedds_cpp/cmake)
-- Using RMW implementation 'rmw_cyclonedds_cpp' as default
-- Found rclcpp_components: 16.0.16 (/opt/ros/humble/share/rclcpp_components/cmake)
-- Found image_transport: 3.1.12 (/opt/ros/humble/share/image_transport/cmake)
-- Found camera_info_manager: 3.1.12 (/opt/ros/humble/share/camera_info_manager/cmake)
-- Found vimbax_camera_msgs: 1.0.2 (/home/root1/lzx_ws/project/lidar_camera_ros_ws/install/vimbax_camera_msgs/share/vimbax_camera_msgs/cmake)
-- Found vimbax_camera_events: 1.0.2 (/home/root1/lzx_ws/project/lidar_camera_ros_ws/install/vimbax_camera_events/share/vimbax_camera_events/cmake)
-- Found vmbc_interface: 1.0.2 (/home/root1/lzx_ws/project/lidar_camera_ros_ws/install/vmbc_interface/share/vmbc_interface/cmake)
-- Setting executor non-default value MultiThreadedExecutor
-- Found ament_lint_auto: 0.12.14 (/opt/ros/humble/share/ament_lint_auto/cmake)
-- Found ament_cmake_gtest: 1.3.12 (/opt/ros/humble/share/ament_cmake_gtest/cmake)
-- Found ament_cmake_gmock: 1.3.12 (/opt/ros/humble/share/ament_cmake_gmock/cmake)
-- Found gtest sources under '/opt/ros/humble/src/gtest_vendor': C++ tests using 'Google Test' will be built
-- Found gmock sources under '/opt/ros/humble/src/gmock_vendor': C++ tests using 'Google Mock' will be built
-- Found gtest sources under '/opt/ros/humble/src/gtest_vendor': C++ tests using 'Google Test' will be built
-- Added test 'copyright' to check source files copyright and LICENSE
-- Added test 'cppcheck' to perform static code analysis on C / C++ code
-- Configured cppcheck include dirs: $<BUILD_INTERFACE:/home/root1/lzx_ws/project/lidar_camera_ros_ws/src/vimbax_ros2_driver/vimbax_camera/include>
-- Configured cppcheck exclude dirs and/or files: 
-- Added test 'cpplint' to check C / C++ code against the Google style
-- Configured cpplint exclude dirs and/or files: 
-- Added test 'flake8' to check Python code syntax and style conventions
-- Added test 'lint_cmake' to check CMake code style
-- Added test 'pep257' to check Python code against some of the docstring style conventions in PEP 257
-- Added test 'uncrustify' to check C / C++ code style
-- Configured uncrustify additional arguments: 
-- Added test 'xmllint' to check XML markup files
-- Configuring done
-- Generating done
-- Build files have been written to: /home/root1/lzx_ws/project/lidar_camera_ros_ws/build/vimbax_camera
Consolidate compiler generated dependencies of target test_lib
Consolidate compiler generated dependencies of target gtest_main
Consolidate compiler generated dependencies of target gmock_main
Consolidate compiler generated dependencies of target gtest
Consolidate compiler generated dependencies of target vimbax_camera_node
[  3%] Building C object test/unit_tests/CMakeFiles/test_lib.dir/test_lib.c.o
Consolidate compiler generated dependencies of target gmock
[  6%] Building CXX object gtest/CMakeFiles/gtest_main.dir/src/gtest_main.cc.o
[ 10%] Building CXX object gtest/CMakeFiles/gtest.dir/src/gtest-all.cc.o
[ 13%] Building CXX object gmock/CMakeFiles/gmock.dir/opt/ros/humble/src/gtest_vendor/src/gtest-all.cc.o
[ 17%] Building CXX object gmock/CMakeFiles/gmock.dir/src/gmock-all.cc.o
[ 20%] Building CXX object gmock/CMakeFiles/gmock_main.dir/src/gmock_main.cc.o
[ 24%] Building CXX object CMakeFiles/vimbax_camera_node.dir/rclcpp_components/node_main_vimbax_camera_node.cpp.o
Consolidate compiler generated dependencies of target vimbax_camera
[ 27%] Building CXX object CMakeFiles/vimbax_camera.dir/src/vimbax_camera_node.cpp.o
[ 31%] Building CXX object CMakeFiles/vimbax_camera.dir/src/loader/library_loader_unix.cpp.o
[ 34%] Building CXX object CMakeFiles/vimbax_camera.dir/src/loader/vmbc_api.cpp.o
[ 37%] Building CXX object CMakeFiles/vimbax_camera.dir/src/vimbax_camera.cpp.o
[ 41%] Building CXX object CMakeFiles/vimbax_camera.dir/src/vimbax_camera_helper.cpp.o
[ 44%] Linking C shared library libtest_lib.so
[ 44%] Built target test_lib
[ 48%] Linking CXX static library libgtest_main.a
[ 48%] Built target gtest_main
[ 51%] Linking CXX static library libgmock_main.a
[ 51%] Built target gmock_main
[ 55%] Linking CXX executable vimbax_camera_node
[ 55%] Built target vimbax_camera_node
[ 58%] Linking CXX static library libgtest.a
[ 58%] Built target gtest
[ 62%] Linking CXX static library libgmock.a
[ 62%] Built target gmock
[ 65%] Linking CXX shared library libvimbax_camera.so
[ 65%] Built target vimbax_camera
Consolidate compiler generated dependencies of target vimbax_camera_library_loader_test
Consolidate compiler generated dependencies of target vimbax_camera_vmbc_load_test
Consolidate compiler generated dependencies of target vimbax_camera_vimbax_camera_test
Consolidate compiler generated dependencies of target vimbax_camera_api_loader_test
[ 68%] Building CXX object test/unit_tests/CMakeFiles/vimbax_camera_library_loader_test.dir/library_loader_test.cpp.o
[ 72%] Building CXX object test/integration_tests/CMakeFiles/vimbax_camera_vmbc_load_test.dir/vmbc_load_test.cpp.o
[ 75%] Building CXX object test/unit_tests/CMakeFiles/vimbax_camera_api_loader_test.dir/api_loader_test.cpp.o
[ 79%] Building CXX object test/unit_tests/CMakeFiles/vimbax_camera_vimbax_camera_test.dir/vimbax_camera_test.cpp.o
[ 82%] Building CXX object test/unit_tests/CMakeFiles/vimbax_camera_api_loader_test.dir/mocks/api_mock.cpp.o
[ 86%] Building CXX object test/unit_tests/CMakeFiles/vimbax_camera_vimbax_camera_test.dir/mocks/api_mock.cpp.o
[ 89%] Linking CXX executable vimbax_camera_library_loader_test
[ 89%] Built target vimbax_camera_library_loader_test
[ 93%] Linking CXX executable vimbax_camera_vmbc_load_test
[ 93%] Built target vimbax_camera_vmbc_load_test
[ 96%] Linking CXX executable vimbax_camera_api_loader_test
[ 96%] Built target vimbax_camera_api_loader_test
[100%] Linking CXX executable vimbax_camera_vimbax_camera_test
[100%] Built target vimbax_camera_vimbax_camera_test
-- Install configuration: "Release"
-- Execute custom install script
-- Up-to-date symlink: /home/root1/lzx_ws/project/lidar_camera_ros_ws/install/vimbax_camera/lib/vimbax_camera/vimbax_camera_node
-- Up-to-date symlink: /home/root1/lzx_ws/project/lidar_camera_ros_ws/install/vimbax_camera/lib/libvimbax_camera.so
-- Symlinking: /home/root1/lzx_ws/project/lidar_camera_ros_ws/install/vimbax_camera/share/vimbax_camera/launch/__pycache__/dual_camera_stream_launch.cpython-310.pyc
-- Up-to-date symlink: /home/root1/lzx_ws/project/lidar_camera_ros_ws/install/vimbax_camera/share/vimbax_camera/launch/__pycache__/vimbax_camera_param_launch.cpython-310.pyc
-- Up-to-date symlink: /home/root1/lzx_ws/project/lidar_camera_ros_ws/install/vimbax_camera/share/vimbax_camera/launch/dual_camera_stream_launch.py
-- Up-to-date symlink: /home/root1/lzx_ws/project/lidar_camera_ros_ws/install/vimbax_camera/share/vimbax_camera/launch/vimbax_camera_param_launch.py
-- Up-to-date symlink: /home/root1/lzx_ws/project/lidar_camera_ros_ws/install/vimbax_camera/share/vimbax_camera/config/camera_parameter.yaml
-- Up-to-date symlink: /home/root1/lzx_ws/project/lidar_camera_ros_ws/install/vimbax_camera/share/vimbax_camera/config/camera_settings.xml
-- Up-to-date symlink: /home/root1/lzx_ws/project/lidar_camera_ros_ws/install/vimbax_camera/share/vimbax_camera/config/camera_settings_custom.xml
-- Up-to-date symlink: /home/root1/lzx_ws/project/lidar_camera_ros_ws/install/vimbax_camera/share/vimbax_camera/config/color_correction_lut_left.bin
-- Up-to-date symlink: /home/root1/lzx_ws/project/lidar_camera_ros_ws/install/vimbax_camera/share/vimbax_camera/config/color_correction_lut_left.npy
-- Up-to-date symlink: /home/root1/lzx_ws/project/lidar_camera_ros_ws/install/vimbax_camera/share/vimbax_camera/config/color_correction_lut_right.bin
-- Up-to-date symlink: /home/root1/lzx_ws/project/lidar_camera_ros_ws/install/vimbax_camera/share/vimbax_camera/config/color_correction_lut_right.npy
-- Up-to-date symlink: /home/root1/lzx_ws/project/lidar_camera_ros_ws/install/vimbax_camera/share/vimbax_camera/environment/library_path.sh
-- Up-to-date symlink: /home/root1/lzx_ws/project/lidar_camera_ros_ws/install/vimbax_camera/share/vimbax_camera/environment/library_path.dsv
-- Up-to-date symlink: /home/root1/lzx_ws/project/lidar_camera_ros_ws/install/vimbax_camera/share/ament_index/resource_index/package_run_dependencies/vimbax_camera
-- Up-to-date symlink: /home/root1/lzx_ws/project/lidar_camera_ros_ws/install/vimbax_camera/share/ament_index/resource_index/parent_prefix_path/vimbax_camera
-- Up-to-date symlink: /home/root1/lzx_ws/project/lidar_camera_ros_ws/install/vimbax_camera/share/vimbax_camera/environment/ament_prefix_path.sh
-- Up-to-date symlink: /home/root1/lzx_ws/project/lidar_camera_ros_ws/install/vimbax_camera/share/vimbax_camera/environment/ament_prefix_path.dsv
-- Up-to-date symlink: /home/root1/lzx_ws/project/lidar_camera_ros_ws/install/vimbax_camera/share/vimbax_camera/environment/path.sh
-- Up-to-date symlink: /home/root1/lzx_ws/project/lidar_camera_ros_ws/install/vimbax_camera/share/vimbax_camera/environment/path.dsv
-- Up-to-date symlink: /home/root1/lzx_ws/project/lidar_camera_ros_ws/install/vimbax_camera/share/vimbax_camera/local_setup.bash
-- Up-to-date symlink: /home/root1/lzx_ws/project/lidar_camera_ros_ws/install/vimbax_camera/share/vimbax_camera/local_setup.sh
-- Up-to-date symlink: /home/root1/lzx_ws/project/lidar_camera_ros_ws/install/vimbax_camera/share/vimbax_camera/local_setup.zsh
-- Up-to-date symlink: /home/root1/lzx_ws/project/lidar_camera_ros_ws/install/vimbax_camera/share/vimbax_camera/local_setup.dsv
-- Symlinking: /home/root1/lzx_ws/project/lidar_camera_ros_ws/install/vimbax_camera/share/vimbax_camera/package.dsv
-- Up-to-date symlink: /home/root1/lzx_ws/project/lidar_camera_ros_ws/install/vimbax_camera/share/ament_index/resource_index/packages/vimbax_camera
-- Up-to-date symlink: /home/root1/lzx_ws/project/lidar_camera_ros_ws/install/vimbax_camera/share/ament_index/resource_index/rclcpp_components/vimbax_camera
-- Up-to-date symlink: /home/root1/lzx_ws/project/lidar_camera_ros_ws/install/vimbax_camera/share/vimbax_camera/cmake/ament_cmake_export_libraries-extras.cmake
-- Up-to-date symlink: /home/root1/lzx_ws/project/lidar_camera_ros_ws/install/vimbax_camera/share/vimbax_camera/cmake/vimbax_cameraConfig.cmake
-- Up-to-date symlink: /home/root1/lzx_ws/project/lidar_camera_ros_ws/install/vimbax_camera/share/vimbax_camera/cmake/vimbax_cameraConfig-version.cmake
-- Up-to-date symlink: /home/root1/lzx_ws/project/lidar_camera_ros_ws/install/vimbax_camera/share/vimbax_camera/package.xml
-- Up-to-date: /home/root1/lzx_ws/project/lidar_camera_ros_ws/install/vimbax_camera/lib/vimbax_camera/vimbax_camera_timestamp_sync
